Component: ARM Compiler 5.06 update 7 (build 960) Tool: armlink [4d3601]

==============================================================================

Section Cross References

    startup_stm32f407xx.o(RESET) refers to startup_stm32f407xx.o(STACK) for __initial_sp
    startup_stm32f407xx.o(RESET) refers to startup_stm32f407xx.o(.text) for Reset_Handler
    startup_stm32f407xx.o(RESET) refers to stm32f4xx_it.o(i.NMI_Handler) for NMI_Handler
    startup_stm32f407xx.o(RESET) refers to stm32f4xx_it.o(i.HardFault_Handler) for HardFault_Handler
    startup_stm32f407xx.o(RESET) refers to stm32f4xx_it.o(i.MemManage_Handler) for MemManage_Handler
    startup_stm32f407xx.o(RESET) refers to stm32f4xx_it.o(i.BusFault_Handler) for BusFault_Handler
    startup_stm32f407xx.o(RESET) refers to stm32f4xx_it.o(i.UsageFault_Handler) for UsageFault_Handler
    startup_stm32f407xx.o(RESET) refers to stm32f4xx_it.o(i.SVC_Handler) for SVC_Handler
    startup_stm32f407xx.o(RESET) refers to stm32f4xx_it.o(i.DebugMon_Handler) for DebugMon_Handler
    startup_stm32f407xx.o(RESET) refers to stm32f4xx_it.o(i.PendSV_Handler) for PendSV_Handler
    startup_stm32f407xx.o(RESET) refers to stm32f4xx_it.o(i.SysTick_Handler) for SysTick_Handler
    startup_stm32f407xx.o(RESET) refers to stm32f4xx_it.o(i.DMA1_Stream5_IRQHandler) for DMA1_Stream5_IRQHandler
    startup_stm32f407xx.o(RESET) refers to stm32f4xx_it.o(i.TIM2_IRQHandler) for TIM2_IRQHandler
    startup_stm32f407xx.o(RESET) refers to stm32f4xx_it.o(i.TIM4_IRQHandler) for TIM4_IRQHandler
    startup_stm32f407xx.o(RESET) refers to stm32f4xx_it.o(i.USART1_IRQHandler) for USART1_IRQHandler
    startup_stm32f407xx.o(RESET) refers to stm32f4xx_it.o(i.USART2_IRQHandler) for USART2_IRQHandler
    startup_stm32f407xx.o(RESET) refers to stm32f4xx_it.o(i.DMA2_Stream0_IRQHandler) for DMA2_Stream0_IRQHandler
    startup_stm32f407xx.o(.text) refers to system_stm32f4xx.o(i.SystemInit) for SystemInit
    startup_stm32f407xx.o(.text) refers to entry.o(.ARM.Collect$$$$00000000) for __main
    main.o(i.AD9959_sweep) refers to ad9959.o(i.AD9959_Set_Fre) for AD9959_Set_Fre
    main.o(i.AD9959_sweep) refers to ad9959.o(i.IO_Update) for IO_Update
    main.o(i.AD9959_sweep) refers to ads8688.o(i.MAN_CH_Mode) for MAN_CH_Mode
    main.o(i.AD9959_sweep) refers to ads8688.o(i.Get_MAN_CH_Mode_Data) for Get_MAN_CH_Mode_Data
    main.o(i.AD9959_sweep) refers to f2d.o(.text) for __aeabi_f2d
    main.o(i.AD9959_sweep) refers to log10.o(i.__hardfp_log10) for __hardfp_log10
    main.o(i.AD9959_sweep) refers to dmul.o(.text) for __aeabi_dmul
    main.o(i.AD9959_sweep) refers to printfa.o(i.__0printf) for __2printf
    main.o(i.AD9959_sweep) refers to main.o(.data) for .data
    main.o(i.AD9959_sweep) refers to main.o(.bss) for .bss
    main.o(i.Calculate_Frequency) refers to dfltui.o(.text) for __aeabi_ui2d
    main.o(i.Calculate_Frequency) refers to dmul.o(.text) for __aeabi_dmul
    main.o(i.Calculate_Frequency) refers to d2f.o(.text) for __aeabi_d2f
    main.o(i.Calculate_Frequency) refers to transformfunctions.o(i.arm_cfft_f32) for arm_cfft_f32
    main.o(i.Calculate_Frequency) refers to complexmathfunctions.o(i.arm_cmplx_mag_f32) for arm_cmplx_mag_f32
    main.o(i.Calculate_Frequency) refers to main.o(.bss) for .bss
    main.o(i.Calculate_Frequency) refers to commontables.o(.constdata) for arm_cfft_sR_f32_len1024
    main.o(i.SystemClock_Config) refers to memseta.o(.text) for __aeabi_memclr4
    main.o(i.SystemClock_Config) refers to stm32f4xx_hal_rcc.o(i.HAL_RCC_OscConfig) for HAL_RCC_OscConfig
    main.o(i.SystemClock_Config) refers to stm32f4xx_hal_rcc.o(i.HAL_RCC_ClockConfig) for HAL_RCC_ClockConfig
    main.o(i.main) refers to stm32f4xx_hal.o(i.HAL_Init) for HAL_Init
    main.o(i.main) refers to main.o(i.SystemClock_Config) for SystemClock_Config
    main.o(i.main) refers to gpio.o(i.MX_GPIO_Init) for MX_GPIO_Init
    main.o(i.main) refers to dma.o(i.MX_DMA_Init) for MX_DMA_Init
    main.o(i.main) refers to adc.o(i.MX_ADC1_Init) for MX_ADC1_Init
    main.o(i.main) refers to tim.o(i.MX_TIM3_Init) for MX_TIM3_Init
    main.o(i.main) refers to usart.o(i.MX_USART1_UART_Init) for MX_USART1_UART_Init
    main.o(i.main) refers to usart.o(i.MX_USART2_UART_Init) for MX_USART2_UART_Init
    main.o(i.main) refers to tim.o(i.MX_TIM2_Init) for MX_TIM2_Init
    main.o(i.main) refers to dac.o(i.MX_DAC_Init) for MX_DAC_Init
    main.o(i.main) refers to tim.o(i.MX_TIM4_Init) for MX_TIM4_Init
    main.o(i.main) refers to stm32f4xx_hal_adc.o(i.HAL_ADC_Start) for HAL_ADC_Start
    main.o(i.main) refers to stm32f4xx_hal_uart.o(i.HAL_UART_Receive_IT) for HAL_UART_Receive_IT
    main.o(i.main) refers to stm32f4xx_hal_tim.o(i.HAL_TIM_Base_Start) for HAL_TIM_Base_Start
    main.o(i.main) refers to ad9959.o(i.AD9959_Init) for AD9959_Init
    main.o(i.main) refers to ads8688.o(i.ADS8688_IO_Init) for ADS8688_IO_Init
    main.o(i.main) refers to ads8688.o(i.ADS8688_Init) for ADS8688_Init
[...]
    .ARM.Collect$$$$0000000A                 0x08000190   Section        0  entry8b.o(.ARM.Collect$$$$0000000A)
    .ARM.Collect$$$$0000000B                 0x08000190   Section        8  entry9a.o(.ARM.Collect$$$$0000000B)
    .ARM.Collect$$$$0000000E                 0x08000198   Section        4  entry12b.o(.ARM.Collect$$$$0000000E)
    .ARM.Collect$$$$0000000F                 0x0800019c   Section        0  entry10a.o(.ARM.Collect$$$$0000000F)
    .ARM.Collect$$$$00000011                 0x0800019c   Section        0  entry11a.o(.ARM.Collect$$$$00000011)
    .ARM.Collect$$$$00002712                 0x0800019c   Section        4  entry2.o(.ARM.Collect$$$$00002712)
    __lit__00000000                          0x0800019c   Data           4  entry2.o(.ARM.Collect$$$$00002712)
    .text                                    0x080001a0   Section       36  startup_stm32f407xx.o(.text)
    $v0                                      0x080001a0   Number         0  startup_stm32f407xx.o(.text)
    .text                                    0x080001c4   Section        0  uldiv.o(.text)
    .text                                    0x08000226   Section        0  llshl.o(.text)
    .text                                    0x08000244   Section        0  llsshr.o(.text)
    .text                                    0x08000268   Section        0  memseta.o(.text)
    .text                                    0x0800028c   Section        0  strlen.o(.text)
    .text                                    0x0800029a   Section        0  strtol.o(.text)
    .text                                    0x0800030a   Section        0  dadd.o(.text)
    .text                                    0x08000458   Section        0  dmul.o(.text)
    .text                                    0x0800053c   Section        0  ddiv.o(.text)
    .text                                    0x0800061a   Section        0  dfltui.o(.text)
    .text                                    0x08000634   Section        0  dfixui.o(.text)
    .text                                    0x08000666   Section        0  f2d.o(.text)
    .text                                    0x0800068c   Section       48  cdcmple.o(.text)
    .text                                    0x080006bc   Section       48  cdrcmple.o(.text)
    .text                                    0x080006ec   Section        0  d2f.o(.text)
    .text                                    0x08000724   Section        0  uidiv.o(.text)
    .text                                    0x08000750   Section        0  llushr.o(.text)
    .text                                    0x08000770   Section        0  ctype_o.o(.text)
    .text                                    0x08000778   Section        0  _strtoul.o(.text)
    .text                                    0x08000816   Section        0  iusefp.o(.text)
    .text                                    0x08000816   Section        0  fepilogue.o(.text)
    .text                                    0x08000884   Section        0  frnd.o(.text)
    .text                                    0x080008c0   Section        0  depilogue.o(.text)
    .text                                    0x0800097a   Section        0  dflti.o(.text)
    .text                                    0x0800099c   Section        0  dfixul.o(.text)
    .text                                    0x080009cc   Section       36  init.o(.text)
    .text                                    0x080009f0   Section        0  _chval.o(.text)
    i.AD9959_Init                            0x08000a0c   Section        0  ad9959.o(i.AD9959_Init)
    i.AD9959_Reset                           0x08000ab4   Section        0  ad9959.o(i.AD9959_Reset)
    i.AD9959_Set_Amp                         0x08000aec   Section        0  ad9959.o(i.AD9959_Set_Amp)
    i.AD9959_Set_Fre                         0x08000b06   Section        0  ad9959.o(i.AD9959_Set_Fre)
    i.AD9959_WriteData                       0x08000b20   Section        0  ad9959.o(i.AD9959_WriteData)
    i.AD9959_sweep                           0x08000c00   Section        0  main.o(i.AD9959_sweep)
    i.ADC_DMAConvCplt                        0x08000d68   Section        0  stm32f4xx_hal_adc.o(i.ADC_DMAConvCplt)
    ADC_DMAConvCplt                          0x08000d69   Thumb Code   110  stm32f4xx_hal_adc.o(i.ADC_DMAConvCplt)
    i.ADC_DMAError                           0x08000dd6   Section        0  stm32f4xx_hal_adc.o(i.ADC_DMAError)
    ADC_DMAError                             0x08000dd7   Thumb Code    22  stm32f4xx_hal_adc.o(i.ADC_DMAError)
    i.ADC_DMAHalfConvCplt                    0x08000dec   Section        0  stm32f4xx_hal_adc.o(i.ADC_DMAHalfConvCplt)
    ADC_DMAHalfConvCplt                      0x08000ded   Thumb Code    10  stm32f4xx_hal_adc.o(i.ADC_DMAHalfConvCplt)
    i.ADC_Init                               0x08000df8   Section        0  stm32f4xx_hal_adc.o(i.ADC_Init)
    ADC_Init                                 0x08000df9   Thumb Code   284  stm32f4xx_hal_adc.o(i.ADC_Init)
    i.ADS8688_IO_Init                        0x08000f20   Section        0  ads8688.o(i.ADS8688_IO_Init)
    i.ADS8688_Init                           0x08000ffc   Section        0  ads8688.o(i.ADS8688_Init)
    i.ADS8688_ReadReg                        0x0800103c   Section        0  ads8688.o(i.ADS8688_ReadReg)
    i.ADS8688_SPI_Read8Bit                   0x08001070   Section        0  ads8688.o(i.ADS8688_SPI_Read8Bit)
    i.ADS8688_SPI_Write8Bit                  0x080010cc   Section        0  ads8688.o(i.ADS8688_SPI_Write8Bit)
    i.ADS8688_WriteCmd                       0x08001124   Section        0  ads8688.o(i.ADS8688_WriteCmd)
    i.ADS8688_WriteReg                       0x08001160   Section        0  ads8688.o(i.ADS8688_WriteReg)
    i.BusFault_Handler                       0x08001198   Section        0  stm32f4xx_it.o(i.BusFault_Handler)
    i.DMA1_Stream5_IRQHandler                0x0800119c   Section        0  stm32f4xx_it.o(i.DMA1_Stream5_IRQHandler)
    i.DMA2_Stream0_IRQHandler                0x080011a8   Section        0  stm32f4xx_it.o(i.DMA2_Stream0_IRQHandler)
    i.DMA_CalcBaseAndBitshift                0x080011c0   Section        0  stm32f4xx_hal_dma.o(i.DMA_CalcBaseAndBitshift)
    DMA_CalcBaseAndBitshift                  0x080011c1   Thumb Code    34  stm32f4xx_hal_dma.o(i.DMA_CalcBaseAndBitshift)
    i.DMA_CheckFifoParam                     0x080011e8   Section        0  stm32f4xx_hal_dma.o(i.DMA_CheckFifoParam)
    DMA_CheckFifoParam                       0x080011e9   Thumb Code    84  stm32f4xx_hal_dma.o(i.DMA_CheckFifoParam)
    i.DMA_SetConfig                          0x0800123c   Section        0  stm32f4xx_hal_dma.o(i.DMA_SetConfig)
    DMA_SetConfig                            0x0800123d   Thumb Code    40  stm32f4xx_hal_dma.o(i.DMA_SetConfig)
    i.DebugMon_Handler                       0x08001264   Section        0  stm32f4xx_it.o(i.DebugMon_Handler)
    i.Delay_us                               0x08001268   Section        0  ads8688.o(i.Delay_us)
    i.Error_Handler                          0x08001290   Section        0  main.o(i.Error_Handler)
    i.Get_MAN_CH_Mode_Data                   0x08001294   Section        0  ads8688.o(i.Get_MAN_CH_Mode_Data)
    i.HAL_ADC_ConfigChannel                  0x080012d0   Section        0  stm32f4xx_hal_adc.o(i.HAL_ADC_ConfigChannel)
    i.HAL_ADC_ConvCpltCallback               0x0800141c   Section        0  stm32f4xx_hal_adc.o(i.HAL_ADC_ConvCpltCallback)
    i.HAL_ADC_ConvHalfCpltCallback           0x0800141e   Section        0  stm32f4xx_hal_adc.o(i.HAL_ADC_ConvHalfCpltCallback)
    i.HAL_ADC_ErrorCallback                  0x08001420   Section        0  stm32f4xx_hal_adc.o(i.HAL_ADC_ErrorCallback)
    i.HAL_ADC_Init                           0x08001422   Section        0  stm32f4xx_hal_adc.o(i.HAL_ADC_Init)
    i.HAL_ADC_MspInit                        0x08001478   Section        0  adc.o(i.HAL_ADC_MspInit)
    i.HAL_ADC_Start                          0x08001510   Section        0  stm32f4xx_hal_adc.o(i.HAL_ADC_Start)
    i.HAL_ADC_Start_DMA                      0x0800160c   Section        0  stm32f4xx_hal_adc.o(i.HAL_ADC_Start_DMA)
    i.HAL_DAC_ConfigChannel                  0x08001764   Section        0  stm32f4xx_hal_dac.o(i.HAL_DAC_ConfigChannel)
    i.HAL_DAC_Init                           0x080017b2   Section        0  stm32f4xx_hal_dac.o(i.HAL_DAC_Init)
    i.HAL_DAC_MspInit                        0x080017dc   Section        0  dac.o(i.HAL_DAC_MspInit)
    i.HAL_DMA_Abort                          0x0800187c   Section        0  stm32f4xx_hal_dma.o(i.HAL_DMA_Abort)
    i.HAL_DMA_Abort_IT                       0x0800190e   Section        0  stm32f4xx_hal_dma.o(i.HAL_DMA_Abort_IT)
    i.HAL_DMA_IRQHandler                     0x08001934   Section        0  stm32f4xx_hal_dma.o(i.HAL_DMA_IRQHandler)
    i.HAL_DMA_Init                           0x08001ad4   Section        0  stm32f4xx_hal_dma.o(i.HAL_DMA_Init)
    i.HAL_DMA_Start_IT                       0x08001ba8   Section        0  stm32f4xx_hal_dma.o(i.HAL_DMA_Start_IT)
    i.HAL_Delay                              0x08001c18   Section        0  stm32f4xx_hal.o(i.HAL_Delay)
    i.HAL_GPIO_Init                          0x08001c3c   Section        0  stm32f4xx_hal_gpio.o(i.HAL_GPIO_Init)
    i.HAL_GPIO_ReadPin                       0x08001e2c   Section        0  stm32f4xx_hal_gpio.o(i.HAL_GPIO_ReadPin)
    i.HAL_GPIO_WritePin                      0x08001e36   Section        0  stm32f4xx_hal_gpio.o(i.HAL_GPIO_WritePin)
    i.HAL_GetTick                            0x08001e40   Section        0  stm32f4xx_hal.o(i.HAL_GetTick)
    i.HAL_IncTick                            0x08001e4c   Section        0  stm32f4xx_hal.o(i.HAL_IncTick)
    i.HAL_Init                               0x08001e5c   Section        0  stm32f4xx_hal.o(i.HAL_Init)
    i.HAL_InitTick                           0x08001e90   Section        0  stm32f4xx_hal.o(i.HAL_InitTick)
    i.HAL_MspInit                            0x08001ed0   Section        0  stm32f4xx_hal_msp.o(i.HAL_MspInit)
    i.HAL_NVIC_EnableIRQ                     0x08001f00   Section        0  stm32f4xx_hal_cortex.o(i.HAL_NVIC_EnableIRQ)
    i.HAL_NVIC_SetPriority                   0x08001f1c   Section        0  stm32f4xx_hal_cortex.o(i.HAL_NVIC_SetPriority)
    i.HAL_NVIC_SetPriorityGrouping           0x08001f5c   Section        0  stm32f4xx_hal_cortex.o(i.HAL_NVIC_SetPriorityGrouping)
    i.HAL_RCC_ClockConfig                    0x08001f80   Section        0  stm32f4xx_hal_rcc.o(i.HAL_RCC_ClockConfig)
    i.HAL_RCC_GetPCLK1Freq                   0x080020b4   Section        0  stm32f4xx_hal_rcc.o(i.HAL_RCC_GetPCLK1Freq)
    i.HAL_RCC_GetPCLK2Freq                   0x080020d4   Section        0  stm32f4xx_hal_rcc.o(i.HAL_RCC_GetPCLK2Freq)
    i.HAL_RCC_GetSysClockFreq                0x080020f4   Section        0  stm32f4xx_hal_rcc.o(i.HAL_RCC_GetSysClockFreq)
    i.HAL_RCC_OscConfig                      0x08002158   Section        0  stm32f4xx_hal_rcc.o(i.HAL_RCC_OscConfig)
    i.HAL_SYSTICK_Config                     0x080024c4   Section        0  stm32f4xx_hal_cortex.o(i.HAL_SYSTICK_Config)
    i.HAL_TIMEx_BreakCallback                0x080024ec   Section        0  stm32f4xx_hal_tim_ex.o(i.HAL_TIMEx_BreakCallback)
    i.HAL_TIMEx_CommutCallback               0x080024ee   Section        0  stm32f4xx_hal_tim_ex.o(i.HAL_TIMEx_CommutCallback)
    i.HAL_TIMEx_MasterConfigSynchronization  0x080024f0   Section        0  stm32f4xx_hal_tim_ex.o(i.HAL_TIMEx_MasterConfigSynchronization)
    i.HAL_TIM_Base_Init                      0x08002580   Section        0  stm32f4xx_hal_tim.o(i.HAL_TIM_Base_Init)
    i.HAL_TIM_Base_MspInit                   0x080025dc   Section        0  tim.o(i.HAL_TIM_Base_MspInit)
    i.HAL_TIM_Base_Start                     0x08002654   Section        0  stm32f4xx_hal_tim.o(i.HAL_TIM_Base_Start)
    i.HAL_TIM_ConfigClockSource              0x080026cc   Section        0  stm32f4xx_hal_tim.o(i.HAL_TIM_ConfigClockSource)
    i.HAL_TIM_IC_CaptureCallback             0x080027a8   Section        0  stm32f4xx_hal_tim.o(i.HAL_TIM_IC_CaptureCallback)
    i.HAL_TIM_IRQHandler                     0x080027aa   Section        0  stm32f4xx_hal_tim.o(i.HAL_TIM_IRQHandler)
    i.HAL_TIM_OC_DelayElapsedCallback        0x080028da   Section        0  stm32f4xx_hal_tim.o(i.HAL_TIM_OC_DelayElapsedCallback)
    i.HAL_TIM_PWM_PulseFinishedCallback      0x080028dc   Section        0  stm32f4xx_hal_tim.o(i.HAL_TIM_PWM_PulseFinishedCallback)
    i.HAL_TIM_PeriodElapsedCallback          0x080028de   Section        0  stm32f4xx_hal_tim.o(i.HAL_TIM_PeriodElapsedCallback)
    i.HAL_TIM_TriggerCallback                0x080028e0   Section        0  stm32f4xx_hal_tim.o(i.HAL_TIM_TriggerCallback)
    i.HAL_UARTEx_RxEventCallback             0x080028e2   Section        0  stm32f4xx_hal_uart.o(i.HAL_UARTEx_RxEventCallback)
    i.HAL_UART_ErrorCallback                 0x080028e4   Section        0  stm32f4xx_hal_uart.o(i.HAL_UART_ErrorCallback)
    i.HAL_UART_IRQHandler                    0x080028e8   Section        0  stm32f4xx_hal_uart.o(i.HAL_UART_IRQHandler)
    i.HAL_UART_Init                          0x08002b68   Section        0  stm32f4xx_hal_uart.o(i.HAL_UART_Init)
    i.HAL_UART_MspInit                       0x08002bcc   Section        0  usart.o(i.HAL_UART_MspInit)
    i.HAL_UART_Receive_IT                    0x08002c94   Section        0  stm32f4xx_hal_uart.o(i.HAL_UART_Receive_IT)
    i.HAL_UART_RxCpltCallback                0x08002cb0   Section        0  interact.o(i.HAL_UART_RxCpltCallback)
    i.HAL_UART_Transmit                      0x08002dfc   Section        0  stm32f4xx_hal_uart.o(i.HAL_UART_Transmit)
    i.HAL_UART_TxCpltCallback                0x08002e9c   Section        0  stm32f4xx_hal_uart.o(i.HAL_UART_TxCpltCallback)
    i.HardFault_Handler                      0x08002e9e   Section        0  stm32f4xx_it.o(i.HardFault_Handler)
    i.IO_Update                              0x08002ea0   Section        0  ad9959.o(i.IO_Update)
    i.Init_IO_State                          0x08002ed8   Section        0  ad9959.o(i.Init_IO_State)
    i.MAN_CH_Mode                            0x08002f68   Section        0  ads8688.o(i.MAN_CH_Mode)
    i.MX_ADC1_Init                           0x08002f6c   Section        0  adc.o(i.MX_ADC1_Init)
    i.MX_DAC_Init                            0x08002fd0   Section        0  dac.o(i.MX_DAC_Init)
    i.MX_DMA_Init                            0x08003010   Section        0  dma.o(i.MX_DMA_Init)
    i.MX_GPIO_Init                           0x0800305c   Section        0  gpio.o(i.MX_GPIO_Init)
    i.MX_TIM2_Init                           0x080031f4   Section        0  tim.o(i.MX_TIM2_Init)
    i.MX_TIM3_Init                           0x0800325c   Section        0  tim.o(i.MX_TIM3_Init)
    i.MX_TIM4_Init                           0x080032c4   Section        0  tim.o(i.MX_TIM4_Init)
    i.MX_USART1_UART_Init                    0x0800332c   Section        0  usart.o(i.MX_USART1_UART_Init)
    i.MX_USART2_UART_Init                    0x08003364   Section        0  usart.o(i.MX_USART2_UART_Init)
    i.MemManage_Handler                      0x0800339c   Section        0  stm32f4xx_it.o(i.MemManage_Handler)
    i.NMI_Handler                            0x0800339e   Section        0  stm32f4xx_it.o(i.NMI_Handler)
    i.PendSV_Handler                         0x080033a0   Section        0  stm32f4xx_it.o(i.PendSV_Handler)
    i.SVC_Handler                            0x080033a2   Section        0  stm32f4xx_it.o(i.SVC_Handler)
    i.Set_Auto_Scan_Sequence                 0x080033a4   Section        0  ads8688.o(i.Set_Auto_Scan_Sequence)
    i.Set_CH_Range                           0x080033ac   Section        0  ads8688.o(i.Set_CH_Range)
    i.SysTick_Handler                        0x080033b0   Section        0  stm32f4xx_it.o(i.SysTick_Handler)
    i.SystemClock_Config                     0x080033b4   Section        0  main.o(i.SystemClock_Config)
    i.SystemInit                             0x08003448   Section        0  system_stm32f4xx.o(i.SystemInit)
    i.TIM2_IRQHandler                        0x08003458   Section        0  stm32f4xx_it.o(i.TIM2_IRQHandler)
    i.TIM4_IRQHandler                        0x08003464   Section        0  stm32f4xx_it.o(i.TIM4_IRQHandler)
    i.TIM_Base_SetConfig                     0x08003470   Section        0  stm32f4xx_hal_tim.o(i.TIM_Base_SetConfig)
    i.TIM_ETR_SetConfig                      0x08003540   Section        0  stm32f4xx_hal_tim.o(i.TIM_ETR_SetConfig)
    i.TIM_ITRx_SetConfig                     0x08003554   Section        0  stm32f4xx_hal_tim.o(i.TIM_ITRx_SetConfig)
    TIM_ITRx_SetConfig                       0x08003555   Thumb Code    16  stm32f4xx_hal_tim.o(i.TIM_ITRx_SetConfig)
    i.TIM_TI1_ConfigInputStage               0x08003564   Section        0  stm32f4xx_hal_tim.o(i.TIM_TI1_ConfigInputStage)
    TIM_TI1_ConfigInputStage                 0x08003565   Thumb Code    34  stm32f4xx_hal_tim.o(i.TIM_TI1_ConfigInputStage)
    i.TIM_TI2_ConfigInputStage               0x08003586   Section        0  stm32f4xx_hal_tim.o(i.TIM_TI2_ConfigInputStage)
    TIM_TI2_ConfigInputStage                 0x08003587   Thumb Code    36  stm32f4xx_hal_tim.o(i.TIM_TI2_ConfigInputStage)
    i.UART_DMAAbortOnError                   0x080035aa   Section        0  stm32f4xx_hal_uart.o(i.UART_DMAAbortOnError)
    UART_DMAAbortOnError                     0x080035ab   Thumb Code    14  stm32f4xx_hal_uart.o(i.UART_DMAAbortOnError)
    i.UART_EndRxTransfer                     0x080035b8   Section        0  stm32f4xx_hal_uart.o(i.UART_EndRxTransfer)
    UART_EndRxTransfer                       0x080035b9   Thumb Code    78  stm32f4xx_hal_uart.o(i.UART_EndRxTransfer)
    i.UART_Receive_IT                        0x08003606   Section        0  stm32f4xx_hal_uart.o(i.UART_Receive_IT)
    UART_Receive_IT                          0x08003607   Thumb Code   194  stm32f4xx_hal_uart.o(i.UART_Receive_IT)
    i.UART_SetConfig                         0x080036c8   Section        0  stm32f4xx_hal_uart.o(i.UART_SetConfig)
    UART_SetConfig                           0x080036c9   Thumb Code   258  stm32f4xx_hal_uart.o(i.UART_SetConfig)
    i.UART_Start_Receive_IT                  0x080037d4   Section        0  stm32f4xx_hal_uart.o(i.UART_Start_Receive_IT)
    i.UART_WaitOnFlagUntilTimeout            0x0800380a   Section        0  stm32f4xx_hal_uart.o(i.UART_WaitOnFlagUntilTimeout)
    UART_WaitOnFlagUntilTimeout              0x0800380b   Thumb Code   114  stm32f4xx_hal_uart.o(i.UART_WaitOnFlagUntilTimeout)
    i.USART1_IRQHandler                      0x0800387c   Section        0  stm32f4xx_it.o(i.USART1_IRQHandler)
    i.USART2_IRQHandler                      0x08003888   Section        0  stm32f4xx_it.o(i.USART2_IRQHandler)
    i.UsageFault_Handler                     0x08003894   Section        0  stm32f4xx_it.o(i.UsageFault_Handler)
    i.Write_ACR                              0x08003896   Section        0  ad9959.o(i.Write_ACR)
    i.Write_CFTW0                            0x080038b8   Section        0  ad9959.o(i.Write_CFTW0)
    i.__0printf                              0x08003904   Section        0  printfa.o(i.__0printf)
    i.__NVIC_SetPriority                     0x08003924   Section        0  stm32f4xx_hal_cortex.o(i.__NVIC_SetPriority)
    __NVIC_SetPriority                       0x08003925   Thumb Code    32  stm32f4xx_hal_cortex.o(i.__NVIC_SetPriority)
    i.__aeabi_errno_addr                     0x08003944   Section        0  errno.o(i.__aeabi_errno_addr)
    i.__hardfp_log                           0x08003950   Section        0  log.o(i.__hardfp_log)
    i.__hardfp_log10                         0x08003d18   Section        0  log10.o(i.__hardfp_log10)
    i.__hardfp_roundf                        0x08003e48   Section        0  roundf.o(i.__hardfp_roundf)
    i.__kernel_poly                          0x08003ee2   Section        0  poly.o(i.__kernel_poly)
    i.__mathlib_dbl_divzero                  0x08003fe0   Section        0  dunder.o(i.__mathlib_dbl_divzero)
    i.__mathlib_dbl_infnan                   0x08004010   Section        0  dunder.o(i.__mathlib_dbl_infnan)
    i.__mathlib_dbl_invalid                  0x08004028   Section        0  dunder.o(i.__mathlib_dbl_invalid)
    i.__scatterload_copy                     0x08004048   Section       14  handlers.o(i.__scatterload_copy)
    i.__scatterload_null                     0x08004056   Section        2  handlers.o(i.__scatterload_null)
    i.__scatterload_zeroinit                 0x08004058   Section       14  handlers.o(i.__scatterload_zeroinit)
    i.__set_errno                            0x08004068   Section        0  errno.o(i.__set_errno)
    i._fp_digits                             0x08004074   Section        0  printfa.o(i._fp_digits)
    _fp_digits                               0x08004075   Thumb Code   366  printfa.o(i._fp_digits)
    i._printf_core                           0x080041f8   Section        0  printfa.o(i._printf_core)
    _printf_core                             0x080041f9   Thumb Code  1704  printfa.o(i._printf_core)
    i._printf_post_padding                   0x080048ac   Section        0  printfa.o(i._printf_post_padding)
    _printf_post_padding                     0x080048ad   Thumb Code    36  printfa.o(i._printf_post_padding)
    i._printf_pre_padding                    0x080048d0   Section        0  printfa.o(i._printf_pre_padding)
    _printf_pre_padding                      0x080048d1   Thumb Code    46  printfa.o(i._printf_pre_padding)
    i.delay_us                               0x08004900   Section        0  ad9959.o(i.delay_us)
    i.detect_filter_type                     0x08004920   Section        0  db.o(i.detect_filter_type)
    i.fputc                                  0x08004c64   Section        0  usart.o(i.fputc)
    i.getValue                               0x08004c8c   Section        0  g2b.o(i.getValue)
    i.log                                    0x08004d28   Section        0  log.o(i.log)
    i.main                                   0x08004d38   Section        0  main.o(i.main)
    i.process_rx2_data                       0x080055d4   Section        0  interact.o(i.process_rx2_data)
    .constdata                               0x0800560c   Section        8  stm32f4xx_hal_dma.o(.constdata)
    flagBitshiftOffset                       0x0800560c   Data           8  stm32f4xx_hal_dma.o(.constdata)
    .constdata                               0x08005614   Section       16  system_stm32f4xx.o(.constdata)
    .constdata                               0x08005624   Section        8  system_stm32f4xx.o(.constdata)
    .constdata                               0x0800562c   Section     1320  g2b.o(.constdata)
    .constdata                               0x08005b58   Section       56  log.o(.constdata)
    Lg2                                      0x08005b58   Data          24  log.o(.constdata)
    Lg                                       0x08005b70   Data          32  log.o(.constdata)
    .constdata                               0x08005b90   Section        8  qnan.o(.constdata)
    .constdata                               0x08005b98   Section      129  ctype_o.o(.constdata)
    .constdata                               0x08005c1c   Section        4  ctype_o.o(.constdata)
    table                                    0x08005c1c   Data           4  ctype_o.o(.constdata)
    .data                                    0x20000000   Section        1  main.o(.data)
    .data                                    0x20000001   Section        1  main.o(.data)
    .data                                    0x20000002   Section        1  main.o(.data)
    .data                                    0x20000004   Section       28  main.o(.data)
    .data                                    0x20000020   Section       12  stm32f4xx_hal.o(.data)
    .data                                    0x2000002c   Section        4  system_stm32f4xx.o(.data)
    .data                                    0x20000030   Section       16  ad9959.o(.data)
    .data                                    0x20000040   Section        8  interact.o(.data)
    .data                                    0x20000048   Section        4  stdout.o(.data)
    .data                                    0x2000004c   Section        4  errno.o(.data)
    _errno                                   0x2000004c   Data           4  errno.o(.data)
    .bss                                     0x20000050   Section       64  main.o(.bss)
    .bss                                     0x20000090   Section       64  main.o(.bss)
    .bss                                     0x200000d0   Section    22424  main.o(.bss)
    .bss                                     0x20005868   Section      168  adc.o(.bss)
    .bss                                     0x20005910   Section      116  dac.o(.bss)
    .bss                                     0x20005984   Section      216  tim.o(.bss)
    .bss                                     0x20005a5c   Section      144  usart.o(.bss)
    STACK                                    0x20005af0   Section     1024  startup_stm32f407xx.o(STACK)

    Global Symbols

    Symbol Name                              Value     Ov Type        Size  Object(Section)

    BuildAttributes$$THM_ISAv4$E$P$D$K$B$S$7EM$VFPi3$EXTD16$VFPS$VFMA$PE$A:L22UL41UL21$X:L11$S22US41US21$IEEE1$IW$USESV6$~STKCKD$USESV7$~SHL$OTIME$ROPI$IEEEX$EBA8$MICROLIB$REQ8$PRES8$EABIv2 0x00000000   Number         0  anon$$obj.o ABSOLUTE
    __ARM_use_no_argv                        0x00000000   Number         0  main.o ABSOLUTE
    _printf_a                                0x00000000   Number         0  stubs.o ABSOLUTE
    _printf_c                                0x00000000   Number         0  stubs.o ABSOLUTE
    _printf_charcount                        0x00000000   Number         0  stubs.o ABSOLUTE
    _printf_d                                0x00000000   Number         0  stubs.o ABSOLUTE
    _printf_e                                0x00000000   Number         0  stubs.o ABSOLUTE
    _printf_f                                0x00000000   Number         0  stubs.o ABSOLUTE
    _printf_flags                            0x00000000   Number         0  stubs.o ABSOLUTE
    _printf_fp_dec                           0x00000000   Number         0  stubs.o ABSOLUTE
    _printf_fp_hex                           0x00000000   Number         0  stubs.o ABSOLUTE
    _printf_g                                0x00000000   Number         0  stubs.o ABSOLUTE
    _printf_i                                0x00000000   Number         0  stubs.o ABSOLUTE
    _printf_int_dec                          0x00000000   Number         0  stubs.o ABSOLUTE
    _printf_l                                0x00000000   Number         0  stubs.o ABSOLUTE
    _printf_lc                               0x00000000   Number         0  stubs.o ABSOLUTE
    _printf_ll                               0x00000000   Number         0  stubs.o ABSOLUTE
    _printf_lld                              0x00000000   Number         0  stubs.o ABSOLUTE
    _printf_lli                              0x00000000   Number         0  stubs.o ABSOLUTE
    _printf_llo                              0x00000000   Number         0  stubs.o ABSOLUTE
    _printf_llu                              0x00000000   Number         0  stubs.o ABSOLUTE
    _printf_llx                              0x00000000   Number         0  stubs.o ABSOLUTE
    _printf_longlong_dec                     0x00000000   Number         0  stubs.o ABSOLUTE
    _printf_longlong_hex                     0x00000000   Number         0  stubs.o ABSOLUTE
    _printf_longlong_oct                     0x00000000   Number         0  stubs.o ABSOLUTE
    _printf_ls                               0x00000000   Number         0  stubs.o ABSOLUTE
    _printf_mbtowc                           0x00000000   Number         0  stubs.o ABSOLUTE
    _printf_n                                0x00000000   Number         0  stubs.o ABSOLUTE
    _printf_o                                0x00000000   Number         0  stubs.o ABSOLUTE
    _printf_p                                0x00000000   Number         0  stubs.o ABSOLUTE
    _printf_percent                          0x00000000   Number         0  stubs.o ABSOLUTE
    _printf_pre_padding                      0x00000000   Number         0  stubs.o ABSOLUTE
    _printf_return_value                     0x00000000   Number         0  stubs.o ABSOLUTE
    _printf_s                                0x00000000   Number         0  stubs.o ABSOLUTE
    _printf_sizespec                         0x00000000   Number         0  stubs.o ABSOLUTE
    _printf_str                              0x00000000   Number         0  stubs.o ABSOLUTE
    _printf_truncate_signed                  0x00000000   Number         0  stubs.o ABSOLUTE
    _printf_truncate_unsigned                0x00000000   Number         0  stubs.o ABSOLUTE
    _printf_u                                0x00000000   Number         0  stubs.o ABSOLUTE
    _printf_wc                               0x00000000   Number         0  stubs.o ABSOLUTE
    _printf_wctomb                           0x00000000   Number         0  stubs.o ABSOLUTE
    _printf_widthprec                        0x00000000   Number         0  stubs.o ABSOLUTE
    _printf_x                                0x00000000   Number         0  stubs.o ABSOLUTE
    __arm_fini_                               - Undefined Weak Reference
    __cpp_initialize__aeabi_                  - Undefined Weak Reference
    __cxa_finalize                            - Undefined Weak Reference
    __decompress                              - Undefined Weak Reference
    _clock_init                               - Undefined Weak Reference
    _microlib_exit                            - Undefined Weak Reference
    __Vectors_Size                           0x00000188   Number         0  startup_stm32f407xx.o ABSOLUTE
    __Vectors                                0x08000000   Data           4  startup_stm32f407xx.o(RESET)
    __Vectors_End                            0x08000188   Data           0  startup_stm32f407xx.o(RESET)
    __main                                   0x08000189   Thumb Code     0  entry.o(.ARM.Collect$$$$00000000)
    _main_stk                                0x08000189   Thumb Code     0  entry2.o(.ARM.Collect$$$$00000001)
    _main_scatterload                        0x0800018d   Thumb Code     0  entry5.o(.ARM.Collect$$$$00000004)
    __main_after_scatterload                 0x08000191   Thumb Code     0  entry5.o(.ARM.Collect$$$$00000004)
    _main_clock                              0x08000191   Thumb Code     0  entry7b.o(.ARM.Collect$$$$00000008)
    _main_cpp_init                           0x08000191   Thumb Code     0  entry8b.o(.ARM.Collect$$$$0000000A)
    _main_init                               0x08000191   Thumb Code     0  entry9a.o(.ARM.Collect$$$$0000000B)
    __rt_lib_shutdown_fini                   0x08000199   Thumb Code     0  entry12b.o(.ARM.Collect$$$$0000000E)
    __rt_final_cpp                           0x0800019d   Thumb Code     0  entry10a.o(.ARM.Collect$$$$0000000F)
    __rt_final_exit                          0x0800019d   Thumb Code     0  entry11a.o(.ARM.Collect$$$$00000011)
    Reset_Handler                            0x080001a1   Thumb Code     8  startup_stm32f407xx.o(.text)
    ADC_IRQHandler                           0x080001bb   Thumb Code     0  startup_stm32f407xx.o(.text)
    CAN1_RX0_IRQHandler                      0x080001bb   Thumb Code     0  startup_stm32f407xx.o(.text)
    CAN1_RX1_IRQHandler                      0x080001bb   Thumb Code     0  startup_stm32f407xx.o(.text)
    CAN1_SCE_IRQHandler                      0x080001bb   Thumb Code     0  startup_stm32f407xx.o(.text)
    CAN1_TX_IRQHandler                       0x080001bb   Thumb Code     0  startup_stm32f407xx.o(.text)
    CAN2_RX0_IRQHandler                      0x080001bb   Thumb Code     0  startup_stm32f407xx.o(.text)
    CAN2_RX1_IRQHandler                      0x080001bb   Thumb Code     0  startup_stm32f407xx.o(.text)
    CAN2_SCE_IRQHandler                      0x080001bb   Thumb Code     0  startup_stm32f407xx.o(.text)
    CAN2_TX_IRQHandler                       0x080001bb   Thumb Code     0  startup_stm32f407xx.o(.text)
    DCMI_IRQHandler                          0x080001bb   Thumb Code     0  startup_stm32f407xx.o(.text)
    DMA1_Stream0_IRQHandler                  0x080001bb   Thumb Code     0  startup_stm32f407xx.o(.text)
    DMA1_Stream1_IRQHandler                  0x080001bb   Thumb Code     0  startup_stm32f407xx.o(.text)
    DMA1_Stream2_IRQHandler                  0x080001bb   Thumb Code     0  startup_stm32f407xx.o(.text)
    DMA1_Stream3_IRQHandler                  0x080001bb   Thumb Code     0  startup_stm32f407xx.o(.text)
    DMA1_Stream4_IRQHandler                  0x080001bb   Thumb Code     0  startup_stm32f407xx.o(.text)
    DMA1_Stream6_IRQHandler                  0x080001bb   Thumb Code     0  startup_stm32f407xx.o(.text)
    DMA1_Stream7_IRQHandler                  0x080001bb   Thumb Code     0  startup_stm32f407xx.o(.text)
    DMA2_Stream1_IRQHandler                  0x080001bb   Thumb Code     0  startup_stm32f407xx.o(.text)
    DMA2_Stream2_IRQHandler                  0x080001bb   Thumb Code     0  startup_stm32f407xx.o(.text)
    DMA2_Stream3_IRQHandler                  0x080001bb   Thumb Code     0  startup_stm32f407xx.o(.text)
    DMA2_Stream4_IRQHandler                  0x080001bb   Thumb Code     0  startup_stm32f407xx.o(.text)
    DMA2_Stream5_IRQHandler                  0x080001bb   Thumb Code     0  startup_stm32f407xx.o(.text)
    DMA2_Stream6_IRQHandler                  0x080001bb   Thumb Code     0  startup_stm32f407xx.o(.text)
    DMA2_Stream7_IRQHandler                  0x080001bb   Thumb Code     0  startup_stm32f407xx.o(.text)
    ETH_IRQHandler                           0x080001bb   Thumb Code     0  startup_stm32f407xx.o(.text)
    ETH_WKUP_IRQHandler                      0x080001bb   Thumb Code     0  startup_stm32f407xx.o(.text)
    EXTI0_IRQHandler                         0x080001bb   Thumb Code     0  startup_stm32f407xx.o(.text)
    EXTI15_10_IRQHandler                     0x080001bb   Thumb Code     0  startup_stm32f407xx.o(.text)
    EXTI1_IRQHandler                         0x080001bb   Thumb Code     0  startup_stm32f407xx.o(.text)
    EXTI2_IRQHandler                         0x080001bb   Thumb Code     0  startup_stm32f407xx.o(.text)
    EXTI3_IRQHandler                         0x080001bb   Thumb Code     0  startup_stm32f407xx.o(.text)
    EXTI4_IRQHandler                         0x080001bb   Thumb Code     0  startup_stm32f407xx.o(.text)
    EXTI9_5_IRQHandler                       0x080001bb   Thumb Code     0  startup_stm32f407xx.o(.text)
    FLASH_IRQHandler                         0x080001bb   Thumb Code     0  startup_stm32f407xx.o(.text)
    FMC_IRQHandler                           0x080001bb   Thumb Code     0  startup_stm32f407xx.o(.text)
    FPU_IRQHandler                           0x080001bb   Thumb Code     0  startup_stm32f407xx.o(.text)
    HASH_RNG_IRQHandler                      0x080001bb   Thumb Code     0  startup_stm32f407xx.o(.text)
    I2C1_ER_IRQHandler                       0x080001bb   Thumb Code     0  startup_stm32f407xx.o(.text)
    I2C1_EV_IRQHandler                       0x080001bb   Thumb Code     0  startup_stm32f407xx.o(.text)
    I2C2_ER_IRQHandler                       0x080001bb   Thumb Code     0  startup_stm32f407xx.o(.text)
    I2C2_EV_IRQHandler                       0x080001bb   Thumb Code     0  startup_stm32f407xx.o(.text)
    I2C3_ER_IRQHandler                       0x080001bb   Thumb Code     0  startup_stm32f407xx.o(.text)
    I2C3_EV_IRQHandler                       0x080001bb   Thumb Code     0  startup_stm32f407xx.o(.text)
    OTG_FS_IRQHandler                        0x080001bb   Thumb Code     0  startup_stm32f407xx.o(.text)
    OTG_FS_WKUP_IRQHandler                   0x080001bb   Thumb Code     0  startup_stm32f407xx.o(.text)
    OTG_HS_EP1_IN_IRQHandler                 0x080001bb   Thumb Code     0  startup_stm32f407xx.o(.text)
    OTG_HS_EP1_OUT_IRQHandler                0x080001bb   Thumb Code     0  startup_stm32f407xx.o(.text)
    OTG_HS_IRQHandler                        0x080001bb   Thumb Code     0  startup_stm32f407xx.o(.text)
    OTG_HS_WKUP_IRQHandler                   0x080001bb   Thumb Code     0  startup_stm32f407xx.o(.text)
    PVD_IRQHandler                           0x080001bb   Thumb Code     0  startup_stm32f407xx.o(.text)
    RCC_IRQHandler                           0x080001bb   Thumb Code     0  startup_stm32f407xx.o(.text)
    RTC_Alarm_IRQHandler                     0x080001bb   Thumb Code     0  startup_stm32f407xx.o(.text)
    RTC_WKUP_IRQHandler                      0x080001bb   Thumb Code     0  startup_stm32f407xx.o(.text)
    SDIO_IRQHandler                          0x080001bb   Thumb Code     0  startup_stm32f407xx.o(.text)
    SPI1_IRQHandler                          0x080001bb   Thumb Code     0  startup_stm32f407xx.o(.text)
    SPI2_IRQHandler                          0x080001bb   Thumb Code     0  startup_stm32f407xx.o(.text)
    SPI3_IRQHandler                          0x080001bb   Thumb Code     0  startup_stm32f407xx.o(.text)
    TAMP_STAMP_IRQHandler                    0x080001bb   Thumb Code     0  startup_stm32f407xx.o(.text)
    TIM1_BRK_TIM9_IRQHandler                 0x080001bb   Thumb Code     0  startup_stm32f407xx.o(.text)
    TIM1_CC_IRQHandler                       0x080001bb   Thumb Code     0  startup_stm32f407xx.o(.text)
    TIM1_TRG_COM_TIM11_IRQHandler            0x080001bb   Thumb Code     0  startup_stm32f407xx.o(.text)
    TIM1_UP_TIM10_IRQHandler                 0x080001bb   Thumb Code     0  startup_stm32f407xx.o(.text)
    TIM3_IRQHandler                          0x080001bb   Thumb Code     0  startup_stm32f407xx.o(.text)
    TIM5_IRQHandler                          0x080001bb   Thumb Code     0  startup_stm32f407xx.o(.text)
    TIM6_DAC_IRQHandler                      0x080001bb   Thumb Code     0  startup_stm32f407xx.o(.text)
    TIM7_IRQHandler                          0x080001bb   Thumb Code     0  startup_stm32f407xx.o(.text)
    TIM8_BRK_TIM12_IRQHandler                0x080001bb   Thumb Code     0  startup_stm32f407xx.o(.text)
    TIM8_CC_IRQHandler                       0x080001bb   Thumb Code     0  startup_stm32f407xx.o(.text)
    TIM8_TRG_COM_TIM14_IRQHandler            0x080001bb   Thumb Code     0  startup_stm32f407xx.o(.text)
    TIM8_UP_TIM13_IRQHandler                 0x080001bb   Thumb Code     0  startup_stm32f407xx.o(.text)
    UART4_IRQHandler                         0x080001bb   Thumb Code     0  startup_stm32f407xx.o(.text)
    UART5_IRQHandler                         0x080001bb   Thumb Code     0  startup_stm32f407xx.o(.text)
    USART3_IRQHandler                        0x080001bb   Thumb Code     0  startup_stm32f407xx.o(.text)
    USART6_IRQHandler                        0x080001bb   Thumb Code     0  startup_stm32f407xx.o(.text)
    WWDG_IRQHandler                          0x080001bb   Thumb Code     0  startup_stm32f407xx.o(.text)
    __aeabi_uldivmod                         0x080001c5   Thumb Code    98  uldiv.o(.text)
    __aeabi_llsl                             0x08000227   Thumb Code    30  llshl.o(.text)
    _ll_shift_l                              0x08000227   Thumb Code     0  llshl.o(.text)
    __aeabi_lasr                             0x08000245   Thumb Code    36  llsshr.o(.text)
    _ll_sshift_r                             0x08000245   Thumb Code     0  llsshr.o(.text)
    __aeabi_memset                           0x08000269   Thumb Code    14  memseta.o(.text)
    __aeabi_memset4                          0x08000269   Thumb Code     0  memseta.o(.text)
    __aeabi_memset8                          0x08000269   Thumb Code     0  memseta.o(.text)
    __aeabi_memclr                           0x08000277   Thumb Code     4  memseta.o(.text)
    __aeabi_memclr4                          0x08000277   Thumb Code     0  memseta.o(.text)
    __aeabi_memclr8                          0x08000277   Thumb Code     0  memseta.o(.text)
    _memset$wrapper                          0x0800027b   Thumb Code    18  memseta.o(.text)
    strlen                                   0x0800028d   Thumb Code    14  strlen.o(.text)
    strtol                                   0x0800029b   Thumb Code   112  strtol.o(.text)
    __aeabi_dadd                             0x0800030b   Thumb Code   322  dadd.o(.text)
    __aeabi_dsub                             0x0800044d   Thumb Code     6  dadd.o(.text)
    __aeabi_drsub                            0x08000453   Thumb Code     6  dadd.o(.text)
    __aeabi_dmul                             0x08000459   Thumb Code   228  dmul.o(.text)
    __aeabi_ddiv                             0x0800053d   Thumb Code   222  ddiv.o(.text)
    __aeabi_ui2d                             0x0800061b   Thumb Code    26  dfltui.o(.text)
    __aeabi_d2uiz                            0x08000635   Thumb Code    50  dfixui.o(.text)
    __aeabi_f2d                              0x08000667   Thumb Code    38  f2d.o(.text)
    __aeabi_cdcmpeq                          0x0800068d   Thumb Code     0  cdcmple.o(.text)
    __aeabi_cdcmple                          0x0800068d   Thumb Code    48  cdcmple.o(.text)
    __aeabi_cdrcmple                         0x080006bd   Thumb Code    48  cdrcmple.o(.text)
    __aeabi_d2f                              0x080006ed   Thumb Code    56  d2f.o(.text)
    __aeabi_uidiv                            0x08000725   Thumb Code     0  uidiv.o(.text)
    __aeabi_uidivmod                         0x08000725   Thumb Code    44  uidiv.o(.text)
    __aeabi_llsr                             0x08000751   Thumb Code    32  llushr.o(.text)
    _ll_ushift_r                             0x08000751   Thumb Code     0  llushr.o(.text)
    __rt_ctype_table                         0x08000771   Thumb Code     4  ctype_o.o(.text)
    _strtoul                                 0x08000779   Thumb Code   158  _strtoul.o(.text)
    __I$use$fp                               0x08000817   Thumb Code     0  iusefp.o(.text)
    _float_round                             0x08000817   Thumb Code    18  fepilogue.o(.text)
    _float_epilogue                          0x08000829   Thumb Code    92  fepilogue.o(.text)
    _frnd                                    0x08000885   Thumb Code    60  frnd.o(.text)
    _double_round                            0x080008c1   Thumb Code    30  depilogue.o(.text)
    _double_epilogue                         0x080008df   Thumb Code   156  depilogue.o(.text)
    __aeabi_i2d                              0x0800097b   Thumb Code    34  dflti.o(.text)
    __aeabi_d2ulz                            0x0800099d   Thumb Code    48  dfixul.o(.text)
    __scatterload                            0x080009cd   Thumb Code    28  init.o(.text)
    __scatterload_rt2                        0x080009cd   Thumb Code     0  init.o(.text)
    _chval                                   0x080009f1   Thumb Code    28  _chval.o(.text)
    AD9959_Init                              0x08000a0d   Thumb Code   146  ad9959.o(i.AD9959_Init)
    AD9959_Reset                             0x08000ab5   Thumb Code    50  ad9959.o(i.AD9959_Reset)
    AD9959_Set_Amp                           0x08000aed   Thumb Code    26  ad9959.o(i.AD9959_Set_Amp)
    AD9959_Set_Fre                           0x08000b07   Thumb Code    26  ad9959.o(i.AD9959_Set_Fre)
    AD9959_WriteData                         0x08000b21   Thumb Code   210  ad9959.o(i.AD9959_WriteData)
    AD9959_sweep                             0x08000c01   Thumb Code   312  main.o(i.AD9959_sweep)
    ADS8688_IO_Init                          0x08000f21   Thumb Code   194  ads8688.o(i.ADS8688_IO_Init)
    ADS8688_Init                             0x08000ffd   Thumb Code    64  ads8688.o(i.ADS8688_Init)
    ADS8688_ReadReg                          0x0800103d   Thumb Code    48  ads8688.o(i.ADS8688_ReadReg)
    ADS8688_SPI_Read8Bit                     0x08001071   Thumb Code    82  ads8688.o(i.ADS8688_SPI_Read8Bit)
    ADS8688_SPI_Write8Bit                    0x080010cd   Thumb Code    82  ads8688.o(i.ADS8688_SPI_Write8Bit)
    ADS8688_WriteCmd                         0x08001125   Thumb Code    54  ads8688.o(i.ADS8688_WriteCmd)
    ADS8688_WriteReg                         0x08001161   Thumb Code    50  ads8688.o(i.ADS8688_WriteReg)
    BusFault_Handler                         0x08001199   Thumb Code     2  stm32f4xx_it.o(i.BusFault_Handler)
    DMA1_Stream5_IRQHandler                  0x0800119d   Thumb Code     6  stm32f4xx_it.o(i.DMA1_Stream5_IRQHandler)
    DMA2_Stream0_IRQHandler                  0x080011a9   Thumb Code    16  stm32f4xx_it.o(i.DMA2_Stream0_IRQHandler)
    DebugMon_Handler                         0x08001265   Thumb Code     2  stm32f4xx_it.o(i.DebugMon_Handler)
    Delay_us                                 0x08001269   Thumb Code    28  ads8688.o(i.Delay_us)
    Error_Handler                            0x08001291   Thumb Code     4  main.o(i.Error_Handler)
    Get_MAN_CH_Mode_Data                     0x08001295   Thumb Code    54  ads8688.o(i.Get_MAN_CH_Mode_Data)
    HAL_ADC_ConfigChannel                    0x080012d1   Thumb Code   316  stm32f4xx_hal_adc.o(i.HAL_ADC_ConfigChannel)
    HAL_ADC_ConvCpltCallback                 0x0800141d   Thumb Code     2  stm32f4xx_hal_adc.o(i.HAL_ADC_ConvCpltCallback)
    HAL_ADC_ConvHalfCpltCallback             0x0800141f   Thumb Code     2  stm32f4xx_hal_adc.o(i.HAL_ADC_ConvHalfCpltCallback)
    HAL_ADC_ErrorCallback                    0x08001421   Thumb Code     2  stm32f4xx_hal_adc.o(i.HAL_ADC_ErrorCallback)
    HAL_ADC_Init                             0x08001423   Thumb Code    84  stm32f4xx_hal_adc.o(i.HAL_ADC_Init)
    HAL_ADC_MspInit                          0x08001479   Thumb Code   130  adc.o(i.HAL_ADC_MspInit)
    HAL_ADC_Start                            0x08001511   Thumb Code   228  stm32f4xx_hal_adc.o(i.HAL_ADC_Start)
    HAL_ADC_Start_DMA                        0x0800160d   Thumb Code   306  stm32f4xx_hal_adc.o(i.HAL_ADC_Start_DMA)
    HAL_DAC_ConfigChannel                    0x08001765   Thumb Code    78  stm32f4xx_hal_dac.o(i.HAL_DAC_ConfigChannel)
    HAL_DAC_Init                             0x080017b3   Thumb Code    40  stm32f4xx_hal_dac.o(i.HAL_DAC_Init)
    HAL_DAC_MspInit                          0x080017dd   Thumb Code   138  dac.o(i.HAL_DAC_MspInit)
    HAL_DMA_Abort                            0x0800187d   Thumb Code   146  stm32f4xx_hal_dma.o(i.HAL_DMA_Abort)
    HAL_DMA_Abort_IT                         0x0800190f   Thumb Code    36  stm32f4xx_hal_dma.o(i.HAL_DMA_Abort_IT)
    HAL_DMA_IRQHandler                       0x08001935   Thumb Code   412  stm32f4xx_hal_dma.o(i.HAL_DMA_IRQHandler)
    HAL_DMA_Init                             0x08001ad5   Thumb Code   206  stm32f4xx_hal_dma.o(i.HAL_DMA_Init)
    HAL_DMA_Start_IT                         0x08001ba9   Thumb Code   110  stm32f4xx_hal_dma.o(i.HAL_DMA_Start_IT)
    HAL_Delay                                0x08001c19   Thumb Code    32  stm32f4xx_hal.o(i.HAL_Delay)
    HAL_GPIO_Init                            0x08001c3d   Thumb Code   450  stm32f4xx_hal_gpio.o(i.HAL_GPIO_Init)
    HAL_GPIO_ReadPin                         0x08001e2d   Thumb Code    10  stm32f4xx_hal_gpio.o(i.HAL_GPIO_ReadPin)
    HAL_GPIO_WritePin                        0x08001e37   Thumb Code    10  stm32f4xx_hal_gpio.o(i.HAL_GPIO_WritePin)
    HAL_GetTick                              0x08001e41   Thumb Code     6  stm32f4xx_hal.o(i.HAL_GetTick)
    HAL_IncTick                              0x08001e4d   Thumb Code    12  stm32f4xx_hal.o(i.HAL_IncTick)
    HAL_Init                                 0x08001e5d   Thumb Code    48  stm32f4xx_hal.o(i.HAL_Init)
    HAL_InitTick                             0x08001e91   Thumb Code    54  stm32f4xx_hal.o(i.HAL_InitTick)
    HAL_MspInit                              0x08001ed1   Thumb Code    42  stm32f4xx_hal_msp.o(i.HAL_MspInit)
    HAL_NVIC_EnableIRQ                       0x08001f01   Thumb Code    26  stm32f4xx_hal_cortex.o(i.HAL_NVIC_EnableIRQ)
    HAL_NVIC_SetPriority                     0x08001f1d   Thumb Code    60  stm32f4xx_hal_cortex.o(i.HAL_NVIC_SetPriority)
    HAL_NVIC_SetPriorityGrouping             0x08001f5d   Thumb Code    26  stm32f4xx_hal_cortex.o(i.HAL_NVIC_SetPriorityGrouping)
    HAL_RCC_ClockConfig                      0x08001f81   Thumb Code   288  stm32f4xx_hal_rcc.o(i.HAL_RCC_ClockConfig)
    HAL_RCC_GetPCLK1Freq                     0x080020b5   Thumb Code    20  stm32f4xx_hal_rcc.o(i.HAL_RCC_GetPCLK1Freq)
    HAL_RCC_GetPCLK2Freq                     0x080020d5   Thumb Code    20  stm32f4xx_hal_rcc.o(i.HAL_RCC_GetPCLK2Freq)
    HAL_RCC_GetSysClockFreq                  0x080020f5   Thumb Code    88  stm32f4xx_hal_rcc.o(i.HAL_RCC_GetSysClockFreq)
    HAL_RCC_OscConfig                        0x08002159   Thumb Code   856  stm32f4xx_hal_rcc.o(i.HAL_RCC_OscConfig)
    HAL_SYSTICK_Config                       0x080024c5   Thumb Code    40  stm32f4xx_hal_cortex.o(i.HAL_SYSTICK_Config)
    HAL_TIMEx_BreakCallback                  0x080024ed   Thumb Code     2  stm32f4xx_hal_tim_ex.o(i.HAL_TIMEx_BreakCallback)
    HAL_TIMEx_CommutCallback                 0x080024ef   Thumb Code     2  stm32f4xx_hal_tim_ex.o(i.HAL_TIMEx_CommutCallback)
    HAL_TIMEx_MasterConfigSynchronization    0x080024f1   Thumb Code   116  stm32f4xx_hal_tim_ex.o(i.HAL_TIMEx_MasterConfigSynchronization)
    HAL_TIM_Base_Init                        0x08002581   Thumb Code    90  stm32f4xx_hal_tim.o(i.HAL_TIM_Base_Init)
    HAL_TIM_Base_MspInit                     0x080025dd   Thumb Code   108  tim.o(i.HAL_TIM_Base_MspInit)
    HAL_TIM_Base_Start                       0x08002655   Thumb Code    90  stm32f4xx_hal_tim.o(i.HAL_TIM_Base_Start)
    HAL_TIM_ConfigClockSource                0x080026cd   Thumb Code   220  stm32f4xx_hal_tim.o(i.HAL_TIM_ConfigClockSource)
    HAL_TIM_IC_CaptureCallback               0x080027a9   Thumb Code     2  stm32f4xx_hal_tim.o(i.HAL_TIM_IC_CaptureCallback)
    HAL_TIM_IRQHandler                       0x080027ab   Thumb Code   304  stm32f4xx_hal_tim.o(i.HAL_TIM_IRQHandler)
    HAL_TIM_OC_DelayElapsedCallback          0x080028db   Thumb Code     2  stm32f4xx_hal_tim.o(i.HAL_TIM_OC_DelayElapsedCallback)
    HAL_TIM_PWM_PulseFinishedCallback        0x080028dd   Thumb Code     2  stm32f4xx_hal_tim.o(i.HAL_TIM_PWM_PulseFinishedCallback)
    HAL_TIM_PeriodElapsedCallback            0x080028df   Thumb Code     2  stm32f4xx_hal_tim.o(i.HAL_TIM_PeriodElapsedCallback)
    HAL_TIM_TriggerCallback                  0x080028e1   Thumb Code     2  stm32f4xx_hal_tim.o(i.HAL_TIM_TriggerCallback)
    HAL_UARTEx_RxEventCallback               0x080028e3   Thumb Code     2  stm32f4xx_hal_uart.o(i.HAL_UARTEx_RxEventCallback)
    HAL_UART_ErrorCallback                   0x080028e5   Thumb Code     2  stm32f4xx_hal_uart.o(i.HAL_UART_ErrorCallback)
    HAL_UART_IRQHandler                      0x080028e9   Thumb Code   636  stm32f4xx_hal_uart.o(i.HAL_UART_IRQHandler)
    HAL_UART_Init                            0x08002b69   Thumb Code   100  stm32f4xx_hal_uart.o(i.HAL_UART_Init)
    HAL_UART_MspInit                         0x08002bcd   Thumb Code   182  usart.o(i.HAL_UART_MspInit)
    HAL_UART_Receive_IT                      0x08002c95   Thumb Code    28  stm32f4xx_hal_uart.o(i.HAL_UART_Receive_IT)
    HAL_UART_RxCpltCallback                  0x08002cb1   Thumb Code   250  interact.o(i.HAL_UART_RxCpltCallback)
    HAL_UART_Transmit                        0x08002dfd   Thumb Code   160  stm32f4xx_hal_uart.o(i.HAL_UART_Transmit)
    HAL_UART_TxCpltCallback                  0x08002e9d   Thumb Code     2  stm32f4xx_hal_uart.o(i.HAL_UART_TxCpltCallback)
    HardFault_Handler                        0x08002e9f   Thumb Code     2  stm32f4xx_it.o(i.HardFault_Handler)
    IO_Update                                0x08002ea1   Thumb Code    50  ad9959.o(i.IO_Update)
    Init_IO_State                            0x08002ed9   Thumb Code   132  ad9959.o(i.Init_IO_State)
    MAN_CH_Mode                              0x08002f69   Thumb Code     4  ads8688.o(i.MAN_CH_Mode)
    MX_ADC1_Init                             0x08002f6d   Thumb Code    92  adc.o(i.MX_ADC1_Init)
    MX_DAC_Init                              0x08002fd1   Thumb Code    54  dac.o(i.MX_DAC_Init)
    MX_DMA_Init                              0x08003011   Thumb Code    72  dma.o(i.MX_DMA_Init)
    MX_GPIO_Init                             0x0800305d   Thumb Code   380  gpio.o(i.MX_GPIO_Init)
    MX_TIM2_Init                             0x080031f5   Thumb Code    98  tim.o(i.MX_TIM2_Init)
    MX_TIM3_Init                             0x0800325d   Thumb Code    94  tim.o(i.MX_TIM3_Init)
    MX_TIM4_Init                             0x080032c5   Thumb Code    96  tim.o(i.MX_TIM4_Init)
    MX_USART1_UART_Init                      0x0800332d   Thumb Code    48  usart.o(i.MX_USART1_UART_Init)
    MX_USART2_UART_Init                      0x08003365   Thumb Code    48  usart.o(i.MX_USART2_UART_Init)
    MemManage_Handler                        0x0800339d   Thumb Code     2  stm32f4xx_it.o(i.MemManage_Handler)
    NMI_Handler                              0x0800339f   Thumb Code     2  stm32f4xx_it.o(i.NMI_Handler)
    PendSV_Handler                           0x080033a1   Thumb Code     2  stm32f4xx_it.o(i.PendSV_Handler)
    SVC_Handler                              0x080033a3   Thumb Code     2  stm32f4xx_it.o(i.SVC_Handler)
    Set_Auto_Scan_Sequence                   0x080033a5   Thumb Code     8  ads8688.o(i.Set_Auto_Scan_Sequence)
    Set_CH_Range                             0x080033ad   Thumb Code     4  ads8688.o(i.Set_CH_Range)
    SysTick_Handler                          0x080033b1   Thumb Code     4  stm32f4xx_it.o(i.SysTick_Handler)
    SystemClock_Config                       0x080033b5   Thumb Code   140  main.o(i.SystemClock_Config)
    SystemInit                               0x08003449   Thumb Code    12  system_stm32f4xx.o(i.SystemInit)
    TIM2_IRQHandler                          0x08003459   Thumb Code     6  stm32f4xx_it.o(i.TIM2_IRQHandler)
    TIM4_IRQHandler                          0x08003465   Thumb Code     6  stm32f4xx_it.o(i.TIM4_IRQHandler)
    TIM_Base_SetConfig                       0x08003471   Thumb Code   164  stm32f4xx_hal_tim.o(i.TIM_Base_SetConfig)
    TIM_ETR_SetConfig                        0x08003541   Thumb Code    20  stm32f4xx_hal_tim.o(i.TIM_ETR_SetConfig)
    UART_Start_Receive_IT                    0x080037d5   Thumb Code    54  stm32f4xx_hal_uart.o(i.UART_Start_Receive_IT)
    USART1_IRQHandler                        0x0800387d   Thumb Code     6  stm32f4xx_it.o(i.USART1_IRQHandler)
    USART2_IRQHandler                        0x08003889   Thumb Code     6  stm32f4xx_it.o(i.USART2_IRQHandler)
    UsageFault_Handler                       0x08003895   Thumb Code     2  stm32f4xx_it.o(i.UsageFault_Handler)
    Write_ACR                                0x08003897   Thumb Code    32  ad9959.o(i.Write_ACR)
    Write_CFTW0                              0x080038b9   Thumb Code    70  ad9959.o(i.Write_CFTW0)
    __0printf                                0x08003905   Thumb Code    22  printfa.o(i.__0printf)
    __1printf                                0x08003905   Thumb Code     0  printfa.o(i.__0printf)
    __2printf                                0x08003905   Thumb Code     0  printfa.o(i.__0printf)
    __c89printf                              0x08003905   Thumb Code     0  printfa.o(i.__0printf)
    printf                                   0x08003905   Thumb Code     0  printfa.o(i.__0printf)
    __aeabi_errno_addr                       0x08003945   Thumb Code     4  errno.o(i.__aeabi_errno_addr)
    __rt_errno_addr                          0x08003945   Thumb Code     0  errno.o(i.__aeabi_errno_addr)
    __hardfp_log                             0x08003951   Thumb Code   872  log.o(i.__hardfp_log)
    __hardfp_log10                           0x08003d19   Thumb Code   260  log10.o(i.__hardfp_log10)
    __hardfp_roundf                          0x08003e49   Thumb Code   154  roundf.o(i.__hardfp_roundf)
    __kernel_poly                            0x08003ee3   Thumb Code   248  poly.o(i.__kernel_poly)
    __mathlib_dbl_divzero                    0x08003fe1   Thumb Code    28  dunder.o(i.__mathlib_dbl_divzero)
    __mathlib_dbl_infnan                     0x08004011   Thumb Code    20  dunder.o(i.__mathlib_dbl_infnan)
    __mathlib_dbl_invalid                    0x08004029   Thumb Code    24  dunder.o(i.__mathlib_dbl_invalid)
    __scatterload_copy                       0x08004049   Thumb Code    14  handlers.o(i.__scatterload_copy)
    __scatterload_null                       0x08004057   Thumb Code     2  handlers.o(i.__scatterload_null)
    __scatterload_zeroinit                   0x08004059   Thumb Code    14  handlers.o(i.__scatterload_zeroinit)
    __set_errno                              0x08004069   Thumb Code     6  errno.o(i.__set_errno)
    delay_us                                 0x08004901   Thumb Code    24  ad9959.o(i.delay_us)
    detect_filter_type                       0x08004921   Thumb Code   678  db.o(i.detect_filter_type)
    fputc                                    0x08004c65   Thumb Code    36  usart.o(i.fputc)
    getValue                                 0x08004c8d   Thumb Code   146  g2b.o(i.getValue)
    log                                      0x08004d29   Thumb Code    16  log.o(i.log)
    main                                     0x08004d39   Thumb Code  2142  main.o(i.main)
    process_rx2_data                         0x080055d5   Thumb Code    42  interact.o(i.process_rx2_data)
    AHBPrescTable                            0x08005614   Data          16  system_stm32f4xx.o(.constdata)
    APBPrescTable                            0x08005624   Data           8  system_stm32f4xx.o(.constdata)
    data                                     0x0800562c   Data        1320  g2b.o(.constdata)
    __mathlib_zero                           0x08005b90   Data           8  qnan.o(.constdata)
    __ctype_table                            0x08005b98   Data         129  ctype_o.o(.constdata)
    Region$$Table$$Base                      0x08005c20   Number         0  anon$$obj.o(Region$$Table)
    Region$$Table$$Limit                     0x08005c40   Number         0  anon$$obj.o(Region$$Table)
    rx1_index                                0x20000000   Data           1  main.o(.data)
    rx2_index                                0x20000001   Data           1  main.o(.data)
    AdcConvEnd                               0x20000002   Data           1  main.o(.data)
    rx1_tmp                                  0x20000004   Data           1  main.o(.data)
    rx2_tmp                                  0x20000005   Data           1  main.o(.data)
    flag                                     0x20000006   Data           2  main.o(.data)
    count                                    0x20000008   Data           2  main.o(.data)
    i                                        0x2000000c   Data           4  main.o(.data)
    vol                                      0x20000010   Data           4  main.o(.data)
    freq                                     0x20000014   Data           4  main.o(.data)
    amp                                      0x20000018   Data           4  main.o(.data)
    last_result                              0x2000001c   Data           4  main.o(.data)
    uwTickFreq                               0x20000020   Data           1  stm32f4xx_hal.o(.data)
    uwTickPrio                               0x20000024   Data           4  stm32f4xx_hal.o(.data)
    uwTick                                   0x20000028   Data           4  stm32f4xx_hal.o(.data)
    SystemCoreClock                          0x2000002c   Data           4  system_stm32f4xx.o(.data)
    FR2_DATA                                 0x20000030   Data           2  ad9959.o(.data)
    FR1_DATA                                 0x20000032   Data           3  ad9959.o(.data)
    CFR_DATA                                 0x20000035   Data           3  ad9959.o(.data)
    ACC_FRE_FACTOR                           0x20000038   Data           8  ad9959.o(.data)
    result                                   0x20000040   Data           4  interact.o(.data)
    mod                                      0x20000044   Data           4  interact.o(.data)
    __stdout                                 0x20000048   Data           4  stdout.o(.data)
    rx1_buf                                  0x20000050   Data          64  main.o(.bss)
    rx2_buf                                  0x20000090   Data          64  main.o(.bss)
    adcBuff                                  0x200000d0   Data        2048  main.o(.bss)
    fft_inputbuf                             0x200008d0   Data        8192  main.o(.bss)
    fft_outputbuf                            0x200028d0   Data        4096  main.o(.bss)
    adc_values                               0x200038d0   Data        4096  main.o(.bss)
    att                                      0x200048d0   Data        3992  main.o(.bss)
    hadc1                                    0x20005868   Data          72  adc.o(.bss)
    hdma_adc1                                0x200058b0   Data          96  adc.o(.bss)
    hdac                                     0x20005910   Data          20  dac.o(.bss)
    hdma_dac1                                0x20005924   Data          96  dac.o(.bss)
    htim2                                    0x20005984   Data          72  tim.o(.bss)
    htim3                                    0x200059cc   Data          72  tim.o(.bss)
    htim4                                    0x20005a14   Data          72  tim.o(.bss)
    huart1                                   0x20005a5c   Data          72  usart.o(.bss)
    huart2                                   0x20005aa4   Data          72  usart.o(.bss)
    __initial_sp                             0x20005ef0   Data           0  startup_stm32f407xx.o(STACK)



==============================================================================

Memory Map of the image

  Image Entry point : 0x08000189

  Load Region LR_IROM1 (Base: 0x08000000, Size: 0x00005c90, Max: 0x00100000, ABSOLUTE)

    Execution Region ER_IROM1 (Exec base: 0x08000000, Load base: 0x08000000, Size: 0x00005c40, Max: 0x00100000, ABSOLUTE)

    Exec Addr    Load Addr    Size         Type   Attr      Idx    E Section Name        Object

    0x08000000   0x08000000   0x00000188   Data   RO            3    RESET               startup_stm32f407xx.o
    0x08000188   0x08000188   0x00000000   Code   RO         9813  * .ARM.Collect$$$$00000000  mc_w.l(entry.o)
    0x08000188   0x08000188   0x00000004   Code   RO        10152    .ARM.Collect$$$$00000001  mc_w.l(entry2.o)
    0x0800018c   0x0800018c   0x00000004   Code   RO        10155    .ARM.Collect$$$$00000004  mc_w.l(entry5.o)
    0x08000190   0x08000190   0x00000000   Code   RO        10157    .ARM.Collect$$$$00000008  mc_w.l(entry7b.o)
    0x08000190   0x08000190   0x00000000   Code   RO        10159    .ARM.Collect$$$$0000000A  mc_w.l(entry8b.o)
    0x08000190   0x08000190   0x00000008   Code   RO        10160    .ARM.Collect$$$$0000000B  mc_w.l(entry9a.o)
    0x08000198   0x08000198   0x00000004   Code   RO        10167    .ARM.Collect$$$$0000000E  mc_w.l(entry12b.o)
    0x0800019c   0x0800019c   0x00000000   Code   RO        10162    .ARM.Collect$$$$0000000F  mc_w.l(entry10a.o)
    0x0800019c   0x0800019c   0x00000000   Code   RO        10164    .ARM.Collect$$$$00000011  mc_w.l(entry11a.o)
    0x0800019c   0x0800019c   0x00000004   Code   RO        10153    .ARM.Collect$$$$00002712  mc_w.l(entry2.o)
    0x080001a0   0x080001a0   0x00000024   Code   RO            4    .text               startup_stm32f407xx.o
    0x080001c4   0x080001c4   0x00000062   Code   RO         9816    .text               mc_w.l(uldiv.o)
    0x08000226   0x08000226   0x0000001e   Code   RO         9820    .text               mc_w.l(llshl.o)
    0x08000244   0x08000244   0x00000024   Code   RO         9822    .text               mc_w.l(llsshr.o)
    0x08000268   0x08000268   0x00000024   Code   RO         9826    .text               mc_w.l(memseta.o)
    0x0800028c   0x0800028c   0x0000000e   Code   RO         9828    .text               mc_w.l(strlen.o)
    0x0800029a   0x0800029a   0x00000070   Code   RO        10093    .text               mc_w.l(strtol.o)
    0x0800030a   0x0800030a   0x0000014e   Code   RO        10095    .text               mf_w.l(dadd.o)
    0x08000458   0x08000458   0x000000e4   Code   RO        10097    .text               mf_w.l(dmul.o)
    0x0800053c   0x0800053c   0x000000de   Code   RO        10099    .text               mf_w.l(ddiv.o)
    0x0800061a   0x0800061a   0x0000001a   Code   RO        10103    .text               mf_w.l(dfltui.o)
    0x08000634   0x08000634   0x00000032   Code   RO        10107    .text               mf_w.l(dfixui.o)
    0x08000666   0x08000666   0x00000026   Code   RO        10109    .text               mf_w.l(f2d.o)
    0x0800068c   0x0800068c   0x00000030   Code   RO        10111    .text               mf_w.l(cdcmple.o)
    0x080006bc   0x080006bc   0x00000030   Code   RO        10113    .text               mf_w.l(cdrcmple.o)
    0x080006ec   0x080006ec   0x00000038   Code   RO        10115    .text               mf_w.l(d2f.o)
    0x08000724   0x08000724   0x0000002c   Code   RO        10169    .text               mc_w.l(uidiv.o)
    0x08000750   0x08000750   0x00000020   Code   RO        10171    .text               mc_w.l(llushr.o)
    0x08000770   0x08000770   0x00000008   Code   RO        10173    .text               mc_w.l(ctype_o.o)
    0x08000778   0x08000778   0x0000009e   Code   RO        10208    .text               mc_w.l(_strtoul.o)
    0x08000816   0x08000816   0x00000000   Code   RO        10210    .text               mc_w.l(iusefp.o)
    0x08000816   0x08000816   0x0000006e   Code   RO        10211    .text               mf_w.l(fepilogue.o)
    0x08000884   0x08000884   0x0000003c   Code   RO        10213    .text               mf_w.l(frnd.o)
    0x080008c0   0x080008c0   0x000000ba   Code   RO        10215    .text               mf_w.l(depilogue.o)
    0x0800097a   0x0800097a   0x00000022   Code   RO        10221    .text               mf_w.l(dflti.o)
    0x0800099c   0x0800099c   0x00000030   Code   RO        10225    .text               mf_w.l(dfixul.o)
    0x080009cc   0x080009cc   0x00000024   Code   RO        10229    .text               mc_w.l(init.o)
    0x080009f0   0x080009f0   0x0000001c   Code   RO        10231    .text               mc_w.l(_chval.o)
    0x08000a0c   0x08000a0c   0x000000a8   Code   RO         3748    i.AD9959_Init       ad9959.o
    0x08000ab4   0x08000ab4   0x00000038   Code   RO         3750    i.AD9959_Reset      ad9959.o
    0x08000aec   0x08000aec   0x0000001a   Code   RO         3757    i.AD9959_Set_Amp    ad9959.o
    0x08000b06   0x08000b06   0x0000001a   Code   RO         3758    i.AD9959_Set_Fre    ad9959.o
    0x08000b20   0x08000b20   0x000000e0   Code   RO         3760    i.AD9959_WriteData  ad9959.o
    0x08000c00   0x08000c00   0x00000168   Code   RO           13    i.AD9959_sweep      main.o
    0x08000d68   0x08000d68   0x0000006e   Code   RO          706    i.ADC_DMAConvCplt   stm32f4xx_hal_adc.o
    0x08000dd6   0x08000dd6   0x00000016   Code   RO          707    i.ADC_DMAError      stm32f4xx_hal_adc.o
    0x08000dec   0x08000dec   0x0000000a   Code   RO          708    i.ADC_DMAHalfConvCplt  stm32f4xx_hal_adc.o
    0x08000df6   0x08000df6   0x00000002   PAD
    0x08000df8   0x08000df8   0x00000128   Code   RO          709    i.ADC_Init          stm32f4xx_hal_adc.o
    0x08000f20   0x08000f20   0x000000dc   Code   RO         3987    i.ADS8688_IO_Init   ads8688.o
    0x08000ffc   0x08000ffc   0x00000040   Code   RO         3988    i.ADS8688_Init      ads8688.o
    0x0800103c   0x0800103c   0x00000034   Code   RO         3989    i.ADS8688_ReadReg   ads8688.o
    0x08001070   0x08001070   0x0000005c   Code   RO         3990    i.ADS8688_SPI_Read8Bit  ads8688.o
    0x080010cc   0x080010cc   0x00000058   Code   RO         3991    i.ADS8688_SPI_Write8Bit  ads8688.o
    0x08001124   0x08001124   0x0000003c   Code   RO         3992    i.ADS8688_WriteCmd  ads8688.o
    0x08001160   0x08001160   0x00000038   Code   RO         3993    i.ADS8688_WriteReg  ads8688.o
    0x08001198   0x08001198   0x00000002   Code   RO          570    i.BusFault_Handler  stm32f4xx_it.o
    0x0800119a   0x0800119a   0x00000002   PAD
    0x0800119c   0x0800119c   0x0000000c   Code   RO          571    i.DMA1_Stream5_IRQHandler  stm32f4xx_it.o
    0x080011a8   0x080011a8   0x00000018   Code   RO          572    i.DMA2_Stream0_IRQHandler  stm32f4xx_it.o
    0x080011c0   0x080011c0   0x00000028   Code   RO         1443    i.DMA_CalcBaseAndBitshift  stm32f4xx_hal_dma.o
    0x080011e8   0x080011e8   0x00000054   Code   RO         1444    i.DMA_CheckFifoParam  stm32f4xx_hal_dma.o
    0x0800123c   0x0800123c   0x00000028   Code   RO         1445    i.DMA_SetConfig     stm32f4xx_hal_dma.o
    0x08001264   0x08001264   0x00000002   Code   RO          573    i.DebugMon_Handler  stm32f4xx_it.o
    0x08001266   0x08001266   0x00000002   PAD
    0x08001268   0x08001268   0x00000028   Code   RO         3995    i.Delay_us          ads8688.o
    0x08001290   0x08001290   0x00000004   Code   RO           15    i.Error_Handler     main.o
    0x08001294   0x08001294   0x0000003c   Code   RO         3997    i.Get_MAN_CH_Mode_Data  ads8688.o
    0x080012d0   0x080012d0   0x0000014c   Code   RO          711    i.HAL_ADC_ConfigChannel  stm32f4xx_hal_adc.o
    0x0800141c   0x0800141c   0x00000002   Code   RO          712    i.HAL_ADC_ConvCpltCallback  stm32f4xx_hal_adc.o
    0x0800141e   0x0800141e   0x00000002   Code   RO          713    i.HAL_ADC_ConvHalfCpltCallback  stm32f4xx_hal_adc.o
    0x08001420   0x08001420   0x00000002   Code   RO          715    i.HAL_ADC_ErrorCallback  stm32f4xx_hal_adc.o
    0x08001422   0x08001422   0x00000054   Code   RO          720    i.HAL_ADC_Init      stm32f4xx_hal_adc.o
    0x08001476   0x08001476   0x00000002   PAD
    0x08001478   0x08001478   0x00000098   Code   RO          349    i.HAL_ADC_MspInit   adc.o
    0x08001510   0x08001510   0x000000fc   Code   RO          726    i.HAL_ADC_Start     stm32f4xx_hal_adc.o
    0x0800160c   0x0800160c   0x00000158   Code   RO          727    i.HAL_ADC_Start_DMA  stm32f4xx_hal_adc.o
    0x08001764   0x08001764   0x0000004e   Code   RO         2137    i.HAL_DAC_ConfigChannel  stm32f4xx_hal_dac.o
    0x080017b2   0x080017b2   0x00000028   Code   RO         2147    i.HAL_DAC_Init      stm32f4xx_hal_dac.o
    0x080017da   0x080017da   0x00000002   PAD
    0x080017dc   0x080017dc   0x000000a0   Code   RO          391    i.HAL_DAC_MspInit   dac.o
    0x0800187c   0x0800187c   0x00000092   Code   RO         1446    i.HAL_DMA_Abort     stm32f4xx_hal_dma.o
    0x0800190e   0x0800190e   0x00000024   Code   RO         1447    i.HAL_DMA_Abort_IT  stm32f4xx_hal_dma.o
    0x08001932   0x08001932   0x00000002   PAD
    0x08001934   0x08001934   0x000001a0   Code   RO         1451    i.HAL_DMA_IRQHandler  stm32f4xx_hal_dma.o
    0x08001ad4   0x08001ad4   0x000000d4   Code   RO         1452    i.HAL_DMA_Init      stm32f4xx_hal_dma.o
    0x08001ba8   0x08001ba8   0x0000006e   Code   RO         1456    i.HAL_DMA_Start_IT  stm32f4xx_hal_dma.o
    0x08001c16   0x08001c16   0x00000002   PAD
    0x08001c18   0x08001c18   0x00000024   Code   RO         1883    i.HAL_Delay         stm32f4xx_hal.o
    0x08001c3c   0x08001c3c   0x000001f0   Code   RO         1339    i.HAL_GPIO_Init     stm32f4xx_hal_gpio.o
    0x08001e2c   0x08001e2c   0x0000000a   Code   RO         1341    i.HAL_GPIO_ReadPin  stm32f4xx_hal_gpio.o
    0x08001e36   0x08001e36   0x0000000a   Code   RO         1343    i.HAL_GPIO_WritePin  stm32f4xx_hal_gpio.o
    0x08001e40   0x08001e40   0x0000000c   Code   RO         1889    i.HAL_GetTick       stm32f4xx_hal.o
    0x08001e4c   0x08001e4c   0x00000010   Code   RO         1895    i.HAL_IncTick       stm32f4xx_hal.o
    0x08001e5c   0x08001e5c   0x00000034   Code   RO         1896    i.HAL_Init          stm32f4xx_hal.o
    0x08001e90   0x08001e90   0x00000040   Code   RO         1897    i.HAL_InitTick      stm32f4xx_hal.o
    0x08001ed0   0x08001ed0   0x00000030   Code   RO          682    i.HAL_MspInit       stm32f4xx_hal_msp.o
    0x08001f00   0x08001f00   0x0000001a   Code   RO         1731    i.HAL_NVIC_EnableIRQ  stm32f4xx_hal_cortex.o
    0x08001f1a   0x08001f1a   0x00000002   PAD
    0x08001f1c   0x08001f1c   0x00000040   Code   RO         1737    i.HAL_NVIC_SetPriority  stm32f4xx_hal_cortex.o
    0x08001f5c   0x08001f5c   0x00000024   Code   RO         1738    i.HAL_NVIC_SetPriorityGrouping  stm32f4xx_hal_cortex.o
    0x08001f80   0x08001f80   0x00000134   Code   RO          985    i.HAL_RCC_ClockConfig  stm32f4xx_hal_rcc.o
    0x080020b4   0x080020b4   0x00000020   Code   RO          992    i.HAL_RCC_GetPCLK1Freq  stm32f4xx_hal_rcc.o
    0x080020d4   0x080020d4   0x00000020   Code   RO          993    i.HAL_RCC_GetPCLK2Freq  stm32f4xx_hal_rcc.o
    0x080020f4   0x080020f4   0x00000064   Code   RO          994    i.HAL_RCC_GetSysClockFreq  stm32f4xx_hal_rcc.o
    0x08002158   0x08002158   0x0000036c   Code   RO          997    i.HAL_RCC_OscConfig  stm32f4xx_hal_rcc.o
    0x080024c4   0x080024c4   0x00000028   Code   RO         1742    i.HAL_SYSTICK_Config  stm32f4xx_hal_cortex.o
    0x080024ec   0x080024ec   0x00000002   Code   RO         3080    i.HAL_TIMEx_BreakCallback  stm32f4xx_hal_tim_ex.o
    0x080024ee   0x080024ee   0x00000002   Code   RO         3081    i.HAL_TIMEx_CommutCallback  stm32f4xx_hal_tim_ex.o
    0x080024f0   0x080024f0   0x00000090   Code   RO         3099    i.HAL_TIMEx_MasterConfigSynchronization  stm32f4xx_hal_tim_ex.o
    0x08002580   0x08002580   0x0000005a   Code   RO         2376    i.HAL_TIM_Base_Init  stm32f4xx_hal_tim.o
    0x080025da   0x080025da   0x00000002   PAD
    0x080025dc   0x080025dc   0x00000078   Code   RO          457    i.HAL_TIM_Base_MspInit  tim.o
    0x08002654   0x08002654   0x00000078   Code   RO         2379    i.HAL_TIM_Base_Start  stm32f4xx_hal_tim.o
    0x080026cc   0x080026cc   0x000000dc   Code   RO         2385    i.HAL_TIM_ConfigClockSource  stm32f4xx_hal_tim.o
    0x080027a8   0x080027a8   0x00000002   Code   RO         2410    i.HAL_TIM_IC_CaptureCallback  stm32f4xx_hal_tim.o
    0x080027aa   0x080027aa   0x00000130   Code   RO         2424    i.HAL_TIM_IRQHandler  stm32f4xx_hal_tim.o
    0x080028da   0x080028da   0x00000002   Code   RO         2427    i.HAL_TIM_OC_DelayElapsedCallback  stm32f4xx_hal_tim.o
    0x080028dc   0x080028dc   0x00000002   Code   RO         2454    i.HAL_TIM_PWM_PulseFinishedCallback  stm32f4xx_hal_tim.o
    0x080028de   0x080028de   0x00000002   Code   RO         2462    i.HAL_TIM_PeriodElapsedCallback  stm32f4xx_hal_tim.o
    0x080028e0   0x080028e0   0x00000002   Code   RO         2467    i.HAL_TIM_TriggerCallback  stm32f4xx_hal_tim.o
    0x080028e2   0x080028e2   0x00000002   Code   RO         3359    i.HAL_UARTEx_RxEventCallback  stm32f4xx_hal_uart.o
    0x080028e4   0x080028e4   0x00000002   Code   RO         3373    i.HAL_UART_ErrorCallback  stm32f4xx_hal_uart.o
    0x080028e6   0x080028e6   0x00000002   PAD
    0x080028e8   0x080028e8   0x00000280   Code   RO         3376    i.HAL_UART_IRQHandler  stm32f4xx_hal_uart.o
    0x08002b68   0x08002b68   0x00000064   Code   RO         3377    i.HAL_UART_Init     stm32f4xx_hal_uart.o
    0x08002bcc   0x08002bcc   0x000000c8   Code   RO          511    i.HAL_UART_MspInit  usart.o
    0x08002c94   0x08002c94   0x0000001c   Code   RO         3382    i.HAL_UART_Receive_IT  stm32f4xx_hal_uart.o
    0x08002cb0   0x08002cb0   0x0000014c   Code   RO         3941    i.HAL_UART_RxCpltCallback  interact.o
    0x08002dfc   0x08002dfc   0x000000a0   Code   RO         3385    i.HAL_UART_Transmit  stm32f4xx_hal_uart.o
    0x08002e9c   0x08002e9c   0x00000002   Code   RO         3388    i.HAL_UART_TxCpltCallback  stm32f4xx_hal_uart.o
    0x08002e9e   0x08002e9e   0x00000002   Code   RO          574    i.HardFault_Handler  stm32f4xx_it.o
    0x08002ea0   0x08002ea0   0x00000038   Code   RO         3761    i.IO_Update         ad9959.o
    0x08002ed8   0x08002ed8   0x00000090   Code   RO         3762    i.Init_IO_State     ad9959.o
    0x08002f68   0x08002f68   0x00000004   Code   RO         3998    i.MAN_CH_Mode       ads8688.o
    0x08002f6c   0x08002f6c   0x00000064   Code   RO          350    i.MX_ADC1_Init      adc.o
    0x08002fd0   0x08002fd0   0x00000040   Code   RO          392    i.MX_DAC_Init       dac.o
    0x08003010   0x08003010   0x0000004c   Code   RO          432    i.MX_DMA_Init       dma.o
    0x0800305c   0x0800305c   0x00000198   Code   RO          324    i.MX_GPIO_Init      gpio.o
    0x080031f4   0x080031f4   0x00000068   Code   RO          458    i.MX_TIM2_Init      tim.o
    0x0800325c   0x0800325c   0x00000068   Code   RO          459    i.MX_TIM3_Init      tim.o
    0x080032c4   0x080032c4   0x00000068   Code   RO          460    i.MX_TIM4_Init      tim.o
    0x0800332c   0x0800332c   0x00000038   Code   RO          512    i.MX_USART1_UART_Init  usart.o
    0x08003364   0x08003364   0x00000038   Code   RO          513    i.MX_USART2_UART_Init  usart.o
    0x0800339c   0x0800339c   0x00000002   Code   RO          575    i.MemManage_Handler  stm32f4xx_it.o
    0x0800339e   0x0800339e   0x00000002   Code   RO          576    i.NMI_Handler       stm32f4xx_it.o
    0x080033a0   0x080033a0   0x00000002   Code   RO          577    i.PendSV_Handler    stm32f4xx_it.o
    0x080033a2   0x080033a2   0x00000002   Code   RO          578    i.SVC_Handler       stm32f4xx_it.o
    0x080033a4   0x080033a4   0x00000008   Code   RO         4000    i.Set_Auto_Scan_Sequence  ads8688.o
    0x080033ac   0x080033ac   0x00000004   Code   RO         4001    i.Set_CH_Range      ads8688.o
    0x080033b0   0x080033b0   0x00000004   Code   RO          579    i.SysTick_Handler   stm32f4xx_it.o
    0x080033b4   0x080033b4   0x00000094   Code   RO           16    i.SystemClock_Config  main.o
    0x08003448   0x08003448   0x00000010   Code   RO         3711    i.SystemInit        system_stm32f4xx.o
    0x08003458   0x08003458   0x0000000c   Code   RO          580    i.TIM2_IRQHandler   stm32f4xx_it.o
    0x08003464   0x08003464   0x0000000c   Code   RO          581    i.TIM4_IRQHandler   stm32f4xx_it.o
    0x08003470   0x08003470   0x000000d0   Code   RO         2469    i.TIM_Base_SetConfig  stm32f4xx_hal_tim.o
    0x08003540   0x08003540   0x00000014   Code   RO         2480    i.TIM_ETR_SetConfig  stm32f4xx_hal_tim.o
    0x08003554   0x08003554   0x00000010   Code   RO         2481    i.TIM_ITRx_SetConfig  stm32f4xx_hal_tim.o
    0x08003564   0x08003564   0x00000022   Code   RO         2487    i.TIM_TI1_ConfigInputStage  stm32f4xx_hal_tim.o
    0x08003586   0x08003586   0x00000024   Code   RO         2489    i.TIM_TI2_ConfigInputStage  stm32f4xx_hal_tim.o
    0x080035aa   0x080035aa   0x0000000e   Code   RO         3390    i.UART_DMAAbortOnError  stm32f4xx_hal_uart.o
    0x080035b8   0x080035b8   0x0000004e   Code   RO         3400    i.UART_EndRxTransfer  stm32f4xx_hal_uart.o
    0x08003606   0x08003606   0x000000c2   Code   RO         3402    i.UART_Receive_IT   stm32f4xx_hal_uart.o
    0x080036c8   0x080036c8   0x0000010c   Code   RO         3403    i.UART_SetConfig    stm32f4xx_hal_uart.o
    0x080037d4   0x080037d4   0x00000036   Code   RO         3405    i.UART_Start_Receive_IT  stm32f4xx_hal_uart.o
    0x0800380a   0x0800380a   0x00000072   Code   RO         3406    i.UART_WaitOnFlagUntilTimeout  stm32f4xx_hal_uart.o
    0x0800387c   0x0800387c   0x0000000c   Code   RO          582    i.USART1_IRQHandler  stm32f4xx_it.o
    0x08003888   0x08003888   0x0000000c   Code   RO          583    i.USART2_IRQHandler  stm32f4xx_it.o
    0x08003894   0x08003894   0x00000002   Code   RO          584    i.UsageFault_Handler  stm32f4xx_it.o
    0x08003896   0x08003896   0x00000020   Code   RO         3763    i.Write_ACR         ad9959.o
    0x080038b6   0x080038b6   0x00000002   PAD
    0x080038b8   0x080038b8   0x0000004c   Code   RO         3764    i.Write_CFTW0       ad9959.o
    0x08003904   0x08003904   0x00000020   Code   RO        10065    i.__0printf         mc_w.l(printfa.o)
    0x08003924   0x08003924   0x00000020   Code   RO         1744    i.__NVIC_SetPriority  stm32f4xx_hal_cortex.o
    0x08003944   0x08003944   0x00000008   Code   RO        10201    i.__aeabi_errno_addr  mc_w.l(errno.o)
    0x0800394c   0x0800394c   0x00000004   PAD
    0x08003950   0x08003950   0x000003c4   Code   RO         9715    i.__hardfp_log      m_wm.l(log.o)
    0x08003d14   0x08003d14   0x00000004   PAD
    0x08003d18   0x08003d18   0x00000130   Code   RO         9729    i.__hardfp_log10    m_wm.l(log10.o)
    0x08003e48   0x08003e48   0x0000009a   Code   RO         9809    i.__hardfp_roundf   m_wm.l(roundf.o)
    0x08003ee2   0x08003ee2   0x000000f8   Code   RO        10149    i.__kernel_poly     m_wm.l(poly.o)
    0x08003fda   0x08003fda   0x00000006   PAD
    0x08003fe0   0x08003fe0   0x00000030   Code   RO        10117    i.__mathlib_dbl_divzero  m_wm.l(dunder.o)
    0x08004010   0x08004010   0x00000014   Code   RO        10118    i.__mathlib_dbl_infnan  m_wm.l(dunder.o)
    0x08004024   0x08004024   0x00000004   PAD
    0x08004028   0x08004028   0x00000020   Code   RO        10120    i.__mathlib_dbl_invalid  m_wm.l(dunder.o)
    0x08004048   0x08004048   0x0000000e   Code   RO        10235    i.__scatterload_copy  mc_w.l(handlers.o)
    0x08004056   0x08004056   0x00000002   Code   RO        10236    i.__scatterload_null  mc_w.l(handlers.o)
    0x08004058   0x08004058   0x0000000e   Code   RO        10237    i.__scatterload_zeroinit  mc_w.l(handlers.o)
    0x08004066   0x08004066   0x00000002   PAD
    0x08004068   0x08004068   0x0000000c   Code   RO        10203    i.__set_errno       mc_w.l(errno.o)
    0x08004074   0x08004074   0x00000184   Code   RO        10072    i._fp_digits        mc_w.l(printfa.o)
    0x080041f8   0x080041f8   0x000006b4   Code   RO        10073    i._printf_core      mc_w.l(printfa.o)
    0x080048ac   0x080048ac   0x00000024   Code   RO        10074    i._printf_post_padding  mc_w.l(printfa.o)
    0x080048d0   0x080048d0   0x0000002e   Code   RO        10075    i._printf_pre_padding  mc_w.l(printfa.o)
    0x080048fe   0x080048fe   0x00000002   PAD
    0x08004900   0x08004900   0x00000020   Code   RO         3772    i.delay_us          ad9959.o
    0x08004920   0x08004920   0x00000344   Code   RO         4093    i.detect_filter_type  db.o
    0x08004c64   0x08004c64   0x00000028   Code   RO          515    i.fputc             usart.o
    0x08004c8c   0x08004c8c   0x0000009c   Code   RO         3912    i.getValue          g2b.o
    0x08004d28   0x08004d28   0x00000010   Code   RO         9717    i.log               m_wm.l(log.o)
    0x08004d38   0x08004d38   0x0000089c   Code   RO           17    i.main              main.o
    0x080055d4   0x080055d4   0x00000038   Code   RO         3942    i.process_rx2_data  interact.o
    0x0800560c   0x0800560c   0x00000008   Data   RO         1458    .constdata          stm32f4xx_hal_dma.o
    0x08005614   0x08005614   0x00000010   Data   RO         3712    .constdata          system_stm32f4xx.o
    0x08005624   0x08005624   0x00000008   Data   RO         3713    .constdata          system_stm32f4xx.o
    0x0800562c   0x0800562c   0x00000528   Data   RO         3913    .constdata          g2b.o
    0x08005b54   0x08005b54   0x00000004   PAD
    0x08005b58   0x08005b58   0x00000038   Data   RO         9718    .constdata          m_wm.l(log.o)
    0x08005b90   0x08005b90   0x00000008   Data   RO        10151    .constdata          m_wm.l(qnan.o)
    0x08005b98   0x08005b98   0x00000081   Data   RO        10174    .constdata          mc_w.l(ctype_o.o)
    0x08005c19   0x08005c19   0x00000003   PAD
    0x08005c1c   0x08005c1c   0x00000004   Data   RO        10175    .constdata          mc_w.l(ctype_o.o)
    0x08005c20   0x08005c20   0x00000020   Data   RO        10233    Region$$Table       anon$$obj.o


    Execution Region RW_IRAM1 (Exec base: 0x20000000, Load base: 0x08005c40, Size: 0x00005ef0, Max: 0x0001c000, ABSOLUTE)

    Exec Addr    Load Addr    Size         Type   Attr      Idx    E Section Name        Object

    0x20000000   0x08005c40   0x00000001   Data   RW           23    .data               main.o
    0x20000001   0x08005c41   0x00000001   Data   RW           24    .data               main.o
    0x20000002   0x08005c42   0x00000001   Data   RW           25    .data               main.o
    0x20000003   0x08005c43   0x00000001   PAD
    0x20000004   0x08005c44   0x0000001c   Data   RW           27    .data               main.o
    0x20000020   0x08005c60   0x0000000c   Data   RW         1903    .data               stm32f4xx_hal.o
    0x2000002c   0x08005c6c   0x00000004   Data   RW         3714    .data               system_stm32f4xx.o
    0x20000030   0x08005c70   0x00000010   Data   RW         3773    .data               ad9959.o
    0x20000040   0x08005c80   0x00000008   Data   RW         3943    .data               interact.o
    0x20000048   0x08005c88   0x00000004   Data   RW        10168    .data               mc_w.l(stdout.o)
    0x2000004c   0x08005c8c   0x00000004   Data   RW        10204    .data               mc_w.l(errno.o)
    0x20000050        -       0x00000040   Zero   RW           19    .bss                main.o
    0x20000090        -       0x00000040   Zero   RW           20    .bss                main.o
    0x200000d0        -       0x00005798   Zero   RW           21    .bss                main.o
    0x20005868        -       0x000000a8   Zero   RW          351    .bss                adc.o
    0x20005910        -       0x00000074   Zero   RW          393    .bss                dac.o
    0x20005984        -       0x000000d8   Zero   RW          461    .bss                tim.o
    0x20005a5c        -       0x00000090   Zero   RW          516    .bss                usart.o
    0x20005aec   0x08005c90   0x00000004   PAD
    0x20005af0        -       0x00000400   Zero   RW            1    STACK               startup_stm32f407xx.o


    Execution Region RW_IRAM2 (Exec base: 0x2001c000, Load base: 0x08005c90, Size: 0x00000000, Max: 0x00004000, ABSOLUTE)

    **** No section assigned to this execution region ****


==============================================================================

Image component sizes


      Code (inc. data)   RO Data    RW Data    ZI Data      Debug   Object Name

       840         74          0         16          0       7220   ad9959.o
       252         30          0          0        168       1707   adc.o
       748         76          0          0          0       7285   ads8688.o
       224         32          0          0        116       1685   dac.o
       836        158          0          0          0       3077   db.o
        76          4          0          0          0        782   dma.o
       156         10       1320          0          0       1390   g2b.o
       408         28          0          0          0       1127   gpio.o
       388         96          0          8          0       2425   interact.o
      2716        428          0         31      22552     715458   main.o
        36          8        392          0       1024        816   startup_stm32f407xx.o
       180         28          0         12          0       9261   stm32f4xx_hal.o
      1456         90          0          0          0       8177   stm32f4xx_hal_adc.o
       198         14          0          0          0      33719   stm32f4xx_hal_cortex.o
       118          0          0          0          0       1895   stm32f4xx_hal_dac.o
      1084         16          8          0          0       7186   stm32f4xx_hal_dma.o
       516         46          0          0          0       2783   stm32f4xx_hal_gpio.o
        48          6          0          0          0        822   stm32f4xx_hal_msp.o
      1348         76          0          0          0       5152   stm32f4xx_hal_rcc.o
      1058         74          0          0          0      10606   stm32f4xx_hal_tim.o
       148         28          0          0          0       2417   stm32f4xx_hal_tim_ex.o
      1656         14          0          0          0      11172   stm32f4xx_hal_uart.o
       104         38          0          0          0       6754   stm32f4xx_it.o
        16          4         24          4          0       1075   system_stm32f4xx.o
       432         36          0          0        216       3004   tim.o
       352         38          0          0        144       2919   usart.o

    ----------------------------------------------------------------------
     15416       1452       1780         72      24224     849914   Object Totals
         0          0         32          0          0          0   (incl. Generated)
        22          0          4          1          4          0   (incl. Padding)

    ----------------------------------------------------------------------

      Code (inc. data)   RO Data    RW Data    ZI Data      Debug   Library Member Name

       100         28          0          0          0        372   dunder.o
       980         92         56          0          0        440   log.o
       304         44          0          0          0        200   log10.o
       248          0          0          0          0        152   poly.o
         0          0          8          0          0          0   qnan.o
       154          0          0          0          0        140   roundf.o
        28          0          0          0          0         68   _chval.o
       158          0          0          0          0         92   _strtoul.o
         8          4        133          0          0         68   ctype_o.o
         0          0          0          0          0          0   entry.o
         0          0          0          0          0          0   entry10a.o
         0          0          0          0          0          0   entry11a.o
         4          0          0          0          0          0   entry12b.o
         8          4          0          0          0          0   entry2.o
         4          0          0          0          0          0   entry5.o
         0          0          0          0          0          0   entry7b.o
         0          0          0          0          0          0   entry8b.o
         8          4          0          0          0          0   entry9a.o
        20         10          0          4          0        136   errno.o
        30          0          0          0          0          0   handlers.o
        36          8          0          0          0         68   init.o
         0          0          0          0          0          0   iusefp.o
        30          0          0          0          0         68   llshl.o
        36          0          0          0          0         68   llsshr.o
        32          0          0          0          0         68   llushr.o
        36          0          0          0          0        108   memseta.o
      2218         90          0          0          0        464   printfa.o
         0          0          0          4          0          0   stdout.o
        14          0          0          0          0         68   strlen.o
       112          0          0          0          0         88   strtol.o
        44          0          0          0          0         80   uidiv.o
        98          0          0          0          0         92   uldiv.o
        48          0          0          0          0         68   cdcmple.o
        48          0          0          0          0         68   cdrcmple.o
        56          0          0          0          0         88   d2f.o
       334          0          0          0          0        148   dadd.o
       222          0          0          0          0        100   ddiv.o
       186          0          0          0          0        176   depilogue.o
        50          0          0          0          0         76   dfixui.o
        48          0          0          0          0         68   dfixul.o
        34          0          0          0          0         76   dflti.o
        26          0          0          0          0         76   dfltui.o
       228          0          0          0          0         96   dmul.o
        38          0          0          0          0         68   f2d.o
       110          0          0          0          0        168   fepilogue.o
        60          0          0          0          0         76   frnd.o

    ----------------------------------------------------------------------
      6220        292        200          8          0       4192   Library Totals
        22          8          3          0          0          0   (incl. Padding)

    ----------------------------------------------------------------------

      Code (inc. data)   RO Data    RW Data    ZI Data      Debug   Library Name

      1786        164         64          0          0       1304   m_wm.l
      2924        120        133          8          0       1536   mc_w.l
      1488          0          0          0          0       1352   mf_w.l

    ----------------------------------------------------------------------
      6220        292        200          8          0       4192   Library Totals

    ----------------------------------------------------------------------

==============================================================================


      Code (inc. data)   RO Data    RW Data    ZI Data      Debug   

     21636       1744       1980         80      24224     839702   Grand Totals
     21636       1744       1980         80      24224     839702   ELF Image Totals
     21636       1744       1980         80          0          0   ROM Totals

==============================================================================

    Total RO  Size (Code + RO Data)                23616 (  23.06kB)
    Total RW  Size (RW Data + ZI Data)             24304 (  23.73kB)
    Total ROM Size (Code + RO Data + RW Data)      23696 (  23.14kB)

==============================================================================

