Component: ARM Compiler 5.06 update 7 (build 960) Tool: armlink [4d3601]

==============================================================================

Section Cross References

    startup_stm32f407xx.o(RESET) refers to startup_stm32f407xx.o(STACK) for __initial_sp
    startup_stm32f407xx.o(RESET) refers to startup_stm32f407xx.o(.text) for Reset_Handler
    startup_stm32f407xx.o(RESET) refers to stm32f4xx_it.o(i.NMI_Handler) for NMI_Handler
    startup_stm32f407xx.o(RESET) refers to stm32f4xx_it.o(i.HardFault_Handler) for HardFault_Handler
    startup_stm32f407xx.o(RESET) refers to stm32f4xx_it.o(i.MemManage_Handler) for MemManage_Handler
    startup_stm32f407xx.o(RESET) refers to stm32f4xx_it.o(i.BusFault_Handler) for BusFault_Handler
    startup_stm32f407xx.o(RESET) refers to stm32f4xx_it.o(i.UsageFault_Handler) for UsageFault_Handler
    startup_stm32f407xx.o(RESET) refers to stm32f4xx_it.o(i.SVC_Handler) for SVC_Handler
    startup_stm32f407xx.o(RESET) refers to stm32f4xx_it.o(i.DebugMon_Handler) for DebugMon_Handler
    startup_stm32f407xx.o(RESET) refers to stm32f4xx_it.o(i.PendSV_Handler) for PendSV_Handler
    startup_stm32f407xx.o(RESET) refers to stm32f4xx_it.o(i.SysTick_Handler) for SysTick_Handler
    startup_stm32f407xx.o(RESET) refers to stm32f4xx_it.o(i.USART2_IRQHandler) for USART2_IRQHandler
    startup_stm32f407xx.o(RESET) refers to stm32f4xx_it.o(i.DMA2_Stream0_IRQHandler) for DMA2_Stream0_IRQHandler
    startup_stm32f407xx.o(.text) refers to system_stm32f4xx.o(i.SystemInit) for SystemInit
    startup_stm32f407xx.o(.text) refers to entry.o(.ARM.Collect$$$$00000000) for __main
    main.o(i.Calculate_Frequency) refers to transformfunctions.o(i.arm_cfft_f32) for arm_cfft_f32
    main.o(i.Calculate_Frequency) refers to complexmathfunctions.o(i.arm_cmplx_mag_f32) for arm_cmplx_mag_f32
    main.o(i.Calculate_Frequency) refers to roundf.o(i.__hardfp_roundf) for __hardfp_roundf
    main.o(i.Calculate_Frequency) refers to main.o(.bss) for .bss
    main.o(i.Calculate_Frequency) refers to commontables.o(.constdata) for arm_cfft_sR_f32_len1024
    main.o(i.HAL_ADC_ConvCpltCallback) refers to pll.o(i.SPLL_Update) for SPLL_Update
    main.o(i.HAL_ADC_ConvCpltCallback) refers to pll.o(i.SPLL_GetPhaseDeg) for SPLL_GetPhaseDeg
    main.o(i.HAL_ADC_ConvCpltCallback) refers to f2d.o(.text) for __aeabi_f2d
    main.o(i.HAL_ADC_ConvCpltCallback) refers to pll.o(i.SPLL_GetFrequency) for SPLL_GetFrequency
    main.o(i.HAL_ADC_ConvCpltCallback) refers to printfa.o(i.__0printf) for __2printf
    main.o(i.HAL_ADC_ConvCpltCallback) refers to main.o(.data) for .data
    main.o(i.HAL_ADC_ConvCpltCallback) refers to main.o(.bss) for .bss
    main.o(i.SystemClock_Config) refers to memseta.o(.text) for __aeabi_memclr4
    main.o(i.SystemClock_Config) refers to stm32f4xx_hal_rcc.o(i.HAL_RCC_OscConfig) for HAL_RCC_OscConfig
    main.o(i.SystemClock_Config) refers to stm32f4xx_hal_rcc.o(i.HAL_RCC_ClockConfig) for HAL_RCC_ClockConfig
    main.o(i.main) refers to stm32f4xx_hal.o(i.HAL_Init) for HAL_Init
    main.o(i.main) refers to main.o(i.SystemClock_Config) for SystemClock_Config
    main.o(i.main) refers to gpio.o(i.MX_GPIO_Init) for MX_GPIO_Init
    main.o(i.main) refers to dma.o(i.MX_DMA_Init) for MX_DMA_Init
    main.o(i.main) refers to adc.o(i.MX_ADC1_Init) for MX_ADC1_Init
    main.o(i.main) refers to tim.o(i.MX_TIM3_Init) for MX_TIM3_Init
    main.o(i.main) refers to usart.o(i.MX_USART1_UART_Init) for MX_USART1_UART_Init
    main.o(i.main) refers to usart.o(i.MX_USART2_UART_Init) for MX_USART2_UART_Init
    main.o(i.main) refers to stm32f4xx_hal_adc.o(i.HAL_ADC_Start_DMA) for HAL_ADC_Start_DMA
    main.o(i.main) refers to stm32f4xx_hal_tim.o(i.HAL_TIM_Base_Start) for HAL_TIM_Base_Start
    main.o(i.main) refers to pll.o(i.SPLL_Init) for SPLL_Init
    main.o(i.main) refers to dfltui.o(.text) for __aeabi_ui2d
    main.o(i.main) refers to dmul.o(.text) for __aeabi_dmul
    main.o(i.main) refers to d2f.o(.text) for __aeabi_d2f
    main.o(i.main) refers to transformfunctions.o(i.arm_cfft_f32) for arm_cfft_f32
    main.o(i.main) refers to complexmathfunctions.o(i.arm_cmplx_mag_f32) for arm_cmplx_mag_f32
    main.o(i.main) refers to printfa.o(i.__0printf) for __2printf
    main.o(i.main) refers to f2d.o(.text) for __aeabi_f2d
    main.o(i.main) refers to main.o(i.Calculate_Frequency) for Calculate_Frequency
    main.o(i.main) refers to main.o(.bss) for .bss
    main.o(i.main) refers to adc.o(.bss) for hadc1
    main.o(i.main) refers to tim.o(.bss) for htim3
    main.o(i.main) refers to main.o(.constdata) for .constdata
    main.o(i.main) refers to main.o(.data) for .data
    main.o(i.main) refers to commontables.o(.constdata) for arm_cfft_sR_f32_len1024
    adc.o(i.HAL_ADC_MspDeInit) refers to stm32f4xx_hal_gpio.o(i.HAL_GPIO_DeInit) for HAL_GPIO_DeInit
    adc.o(i.HAL_ADC_MspDeInit) refers to stm32f4xx_hal_dma.o(i.HAL_DMA_DeInit) for HAL_DMA_DeInit
[...]
    ../fplib/microlib/fpflt.c                0x00000000   Number         0  dfltui.o ABSOLUTE
    ../fplib/microlib/fpmul.c                0x00000000   Number         0  dmul.o ABSOLUTE
    ../fplib/microlib/fpneg.c                0x00000000   Number         0  dneg.o ABSOLUTE
    ../fplib/microlib/fprnd.c                0x00000000   Number         0  frnd.o ABSOLUTE
    ../fplib/microlib/fpsqrt.c               0x00000000   Number         0  dsqrt.o ABSOLUTE
    ../fplib/microlib/fpstat.c               0x00000000   Number         0  fpstat.o ABSOLUTE
    ../mathlib/cosf.c                        0x00000000   Number         0  cosf_x.o ABSOLUTE
    ../mathlib/cosf.c                        0x00000000   Number         0  cosf.o ABSOLUTE
    ../mathlib/dunder.c                      0x00000000   Number         0  dunder.o ABSOLUTE
    ../mathlib/exp.c                         0x00000000   Number         0  exp_x.o ABSOLUTE
    ../mathlib/exp.c                         0x00000000   Number         0  exp.o ABSOLUTE
    ../mathlib/expf.c                        0x00000000   Number         0  expf_x.o ABSOLUTE
    ../mathlib/expf.c                        0x00000000   Number         0  expf.o ABSOLUTE
    ../mathlib/fabs.c                        0x00000000   Number         0  fabs.o ABSOLUTE
    ../mathlib/fpclassify.c                  0x00000000   Number         0  fpclassify.o ABSOLUTE
    ../mathlib/fpclassifyf.c                 0x00000000   Number         0  fpclassifyf.o ABSOLUTE
    ../mathlib/funder.c                      0x00000000   Number         0  funder.o ABSOLUTE
    ../mathlib/log.c                         0x00000000   Number         0  log.o ABSOLUTE
    ../mathlib/log.c                         0x00000000   Number         0  log_x.o ABSOLUTE
    ../mathlib/logf.c                        0x00000000   Number         0  logf.o ABSOLUTE
    ../mathlib/logf.c                        0x00000000   Number         0  logf_x.o ABSOLUTE
    ../mathlib/poly.c                        0x00000000   Number         0  poly.o ABSOLUTE
    ../mathlib/powf.c                        0x00000000   Number         0  powf.o ABSOLUTE
    ../mathlib/powf.c                        0x00000000   Number         0  powf_x.o ABSOLUTE
    ../mathlib/qnan.c                        0x00000000   Number         0  qnan.o ABSOLUTE
    ../mathlib/round.c                       0x00000000   Number         0  roundf.o ABSOLUTE
    ../mathlib/rredf.c                       0x00000000   Number         0  rredf.o ABSOLUTE
    ../mathlib/sinf.c                        0x00000000   Number         0  sinf_x.o ABSOLUTE
    ../mathlib/sinf.c                        0x00000000   Number         0  sinf.o ABSOLUTE
    ../mathlib/sqrt.c                        0x00000000   Number         0  sqrt.o ABSOLUTE
    ../mathlib/sqrt.c                        0x00000000   Number         0  sqrt_x.o ABSOLUTE
    ../mathlib/sqrtf.c                       0x00000000   Number         0  sqrtf.o ABSOLUTE
    ../mathlib/sqrtf.c                       0x00000000   Number         0  sqrtf_x.o ABSOLUTE
    ../mathlib/tanhf.c                       0x00000000   Number         0  tanhf.o ABSOLUTE
    ../mathlib/tanhf.c                       0x00000000   Number         0  tanhf_x.o ABSOLUTE
    ..\Core\PLL\PLL.c                        0x00000000   Number         0  pll.o ABSOLUTE
    ..\Core\Src\adc.c                        0x00000000   Number         0  adc.o ABSOLUTE
    ..\Core\Src\dma.c                        0x00000000   Number         0  dma.o ABSOLUTE
    ..\Core\Src\gpio.c                       0x00000000   Number         0  gpio.o ABSOLUTE
    ..\Core\Src\main.c                       0x00000000   Number         0  main.o ABSOLUTE
    ..\Core\Src\stm32f4xx_hal_msp.c          0x00000000   Number         0  stm32f4xx_hal_msp.o ABSOLUTE
    ..\Core\Src\stm32f4xx_it.c               0x00000000   Number         0  stm32f4xx_it.o ABSOLUTE
    ..\Core\Src\system_stm32f4xx.c           0x00000000   Number         0  system_stm32f4xx.o ABSOLUTE
    ..\Core\Src\tim.c                        0x00000000   Number         0  tim.o ABSOLUTE
    ..\Core\Src\usart.c                      0x00000000   Number         0  usart.o ABSOLUTE
    ..\Core\USART\interact.c                 0x00000000   Number         0  interact.o ABSOLUTE
    ..\Drivers\STM32F4xx_HAL_Driver\Src\stm32f4xx_hal.c 0x00000000   Number         0  stm32f4xx_hal.o ABSOLUTE
    ..\Drivers\STM32F4xx_HAL_Driver\Src\stm32f4xx_hal_adc.c 0x00000000   Number         0  stm32f4xx_hal_adc.o ABSOLUTE
    ..\Drivers\STM32F4xx_HAL_Driver\Src\stm32f4xx_hal_adc_ex.c 0x00000000   Number         0  stm32f4xx_hal_adc_ex.o ABSOLUTE
    ..\Drivers\STM32F4xx_HAL_Driver\Src\stm32f4xx_hal_cortex.c 0x00000000   Number         0  stm32f4xx_hal_cortex.o ABSOLUTE
    ..\Drivers\STM32F4xx_HAL_Driver\Src\stm32f4xx_hal_dma.c 0x00000000   Number         0  stm32f4xx_hal_dma.o ABSOLUTE
    ..\Drivers\STM32F4xx_HAL_Driver\Src\stm32f4xx_hal_dma_ex.c 0x00000000   Number         0  stm32f4xx_hal_dma_ex.o ABSOLUTE
    ..\Drivers\STM32F4xx_HAL_Driver\Src\stm32f4xx_hal_exti.c 0x00000000   Number         0  stm32f4xx_hal_exti.o ABSOLUTE
    ..\Drivers\STM32F4xx_HAL_Driver\Src\stm32f4xx_hal_flash.c 0x00000000   Number         0  stm32f4xx_hal_flash.o ABSOLUTE
    ..\Drivers\STM32F4xx_HAL_Driver\Src\stm32f4xx_hal_flash_ex.c 0x00000000   Number         0  stm32f4xx_hal_flash_ex.o ABSOLUTE
    ..\Drivers\STM32F4xx_HAL_Driver\Src\stm32f4xx_hal_flash_ramfunc.c 0x00000000   Number         0  stm32f4xx_hal_flash_ramfunc.o ABSOLUTE
    ..\Drivers\STM32F4xx_HAL_Driver\Src\stm32f4xx_hal_gpio.c 0x00000000   Number         0  stm32f4xx_hal_gpio.o ABSOLUTE
    ..\Drivers\STM32F4xx_HAL_Driver\Src\stm32f4xx_hal_pwr.c 0x00000000   Number         0  stm32f4xx_hal_pwr.o ABSOLUTE
    ..\Drivers\STM32F4xx_HAL_Driver\Src\stm32f4xx_hal_pwr_ex.c 0x00000000   Number         0  stm32f4xx_hal_pwr_ex.o ABSOLUTE
    ..\Drivers\STM32F4xx_HAL_Driver\Src\stm32f4xx_hal_rcc.c 0x00000000   Number         0  stm32f4xx_hal_rcc.o ABSOLUTE
    ..\Drivers\STM32F4xx_HAL_Driver\Src\stm32f4xx_hal_rcc_ex.c 0x00000000   Number         0  stm32f4xx_hal_rcc_ex.o ABSOLUTE
    ..\Drivers\STM32F4xx_HAL_Driver\Src\stm32f4xx_hal_tim.c 0x00000000   Number         0  stm32f4xx_hal_tim.o ABSOLUTE
    ..\Drivers\STM32F4xx_HAL_Driver\Src\stm32f4xx_hal_tim_ex.c 0x00000000   Number         0  stm32f4xx_hal_tim_ex.o ABSOLUTE
    ..\Drivers\STM32F4xx_HAL_Driver\Src\stm32f4xx_hal_uart.c 0x00000000   Number         0  stm32f4xx_hal_uart.o ABSOLUTE
    ..\\Core\\USART\\interact.c              0x00000000   Number         0  interact.o ABSOLUTE
    D:\\data\\KEIL\\ARM\\CMSIS\\5.9.0\\CMSIS\\DSP\\Source\\BasicMathFunctions\\BasicMathFunctions.c 0x00000000   Number         0  basicmathfunctions.o ABSOLUTE
    D:\\data\\KEIL\\ARM\\CMSIS\\5.9.0\\CMSIS\\DSP\\Source\\BasicMathFunctions\\BasicMathFunctionsF16.c 0x00000000   Number         0  basicmathfunctionsf16.o ABSOLUTE
    D:\\data\\KEIL\\ARM\\CMSIS\\5.9.0\\CMSIS\\DSP\\Source\\BayesFunctions\\BayesFunctions.c 0x00000000   Number         0  bayesfunctions.o ABSOLUTE
    D:\\data\\KEIL\\ARM\\CMSIS\\5.9.0\\CMSIS\\DSP\\Source\\BayesFunctions\\BayesFunctionsF16.c 0x00000000   Number         0  bayesfunctionsf16.o ABSOLUTE
    D:\\data\\KEIL\\ARM\\CMSIS\\5.9.0\\CMSIS\\DSP\\Source\\CommonTables\\CommonTables.c 0x00000000   Number         0  commontables.o ABSOLUTE
    D:\\data\\KEIL\\ARM\\CMSIS\\5.9.0\\CMSIS\\DSP\\Source\\CommonTables\\CommonTablesF16.c 0x00000000   Number         0  commontablesf16.o ABSOLUTE
    D:\\data\\KEIL\\ARM\\CMSIS\\5.9.0\\CMSIS\\DSP\\Source\\ComplexMathFunctions\\ComplexMathFunctions.c 0x00000000   Number         0  complexmathfunctions.o ABSOLUTE
    D:\\data\\KEIL\\ARM\\CMSIS\\5.9.0\\CMSIS\\DSP\\Source\\ComplexMathFunctions\\ComplexMathFunctionsF16.c 0x00000000   Number         0  complexmathfunctionsf16.o ABSOLUTE
    D:\\data\\KEIL\\ARM\\CMSIS\\5.9.0\\CMSIS\\DSP\\Source\\ControllerFunctions\\ControllerFunctions.c 0x00000000   Number         0  controllerfunctions.o ABSOLUTE
    D:\\data\\KEIL\\ARM\\CMSIS\\5.9.0\\CMSIS\\DSP\\Source\\DistanceFunctions\\DistanceFunctions.c 0x00000000   Number         0  distancefunctions.o ABSOLUTE
    D:\\data\\KEIL\\ARM\\CMSIS\\5.9.0\\CMSIS\\DSP\\Source\\DistanceFunctions\\DistanceFunctionsF16.c 0x00000000   Number         0  distancefunctionsf16.o ABSOLUTE
    D:\\data\\KEIL\\ARM\\CMSIS\\5.9.0\\CMSIS\\DSP\\Source\\FastMathFunctions\\FastMathFunctions.c 0x00000000   Number         0  fastmathfunctions.o ABSOLUTE
    D:\\data\\KEIL\\ARM\\CMSIS\\5.9.0\\CMSIS\\DSP\\Source\\FastMathFunctions\\FastMathFunctionsF16.c 0x00000000   Number         0  fastmathfunctionsf16.o ABSOLUTE
    D:\\data\\KEIL\\ARM\\CMSIS\\5.9.0\\CMSIS\\DSP\\Source\\FilteringFunctions\\FilteringFunctions.c 0x00000000   Number         0  filteringfunctions.o ABSOLUTE
    D:\\data\\KEIL\\ARM\\CMSIS\\5.9.0\\CMSIS\\DSP\\Source\\FilteringFunctions\\FilteringFunctionsF16.c 0x00000000   Number         0  filteringfunctionsf16.o ABSOLUTE
    D:\\data\\KEIL\\ARM\\CMSIS\\5.9.0\\CMSIS\\DSP\\Source\\InterpolationFunctions\\InterpolationFunctions.c 0x00000000   Number         0  interpolationfunctions.o ABSOLUTE
    D:\\data\\KEIL\\ARM\\CMSIS\\5.9.0\\CMSIS\\DSP\\Source\\InterpolationFunctions\\InterpolationFunctionsF16.c 0x00000000   Number         0  interpolationfunctionsf16.o ABSOLUTE
    D:\\data\\KEIL\\ARM\\CMSIS\\5.9.0\\CMSIS\\DSP\\Source\\MatrixFunctions\\MatrixFunctions.c 0x00000000   Number         0  matrixfunctions.o ABSOLUTE
    D:\\data\\KEIL\\ARM\\CMSIS\\5.9.0\\CMSIS\\DSP\\Source\\MatrixFunctions\\MatrixFunctionsF16.c 0x00000000   Number         0  matrixfunctionsf16.o ABSOLUTE
    D:\\data\\KEIL\\ARM\\CMSIS\\5.9.0\\CMSIS\\DSP\\Source\\QuaternionMathFunctions\\QuaternionMathFunctions.c 0x00000000   Number         0  quaternionmathfunctions.o ABSOLUTE
    D:\\data\\KEIL\\ARM\\CMSIS\\5.9.0\\CMSIS\\DSP\\Source\\SVMFunctions\\SVMFunctions.c 0x00000000   Number         0  svmfunctions.o ABSOLUTE
    D:\\data\\KEIL\\ARM\\CMSIS\\5.9.0\\CMSIS\\DSP\\Source\\SVMFunctions\\SVMFunctionsF16.c 0x00000000   Number         0  svmfunctionsf16.o ABSOLUTE
    D:\\data\\KEIL\\ARM\\CMSIS\\5.9.0\\CMSIS\\DSP\\Source\\StatisticsFunctions\\StatisticsFunctions.c 0x00000000   Number         0  statisticsfunctions.o ABSOLUTE
    D:\\data\\KEIL\\ARM\\CMSIS\\5.9.0\\CMSIS\\DSP\\Source\\StatisticsFunctions\\StatisticsFunctionsF16.c 0x00000000   Number         0  statisticsfunctionsf16.o ABSOLUTE
    D:\\data\\KEIL\\ARM\\CMSIS\\5.9.0\\CMSIS\\DSP\\Source\\SupportFunctions\\SupportFunctions.c 0x00000000   Number         0  supportfunctions.o ABSOLUTE
    D:\\data\\KEIL\\ARM\\CMSIS\\5.9.0\\CMSIS\\DSP\\Source\\SupportFunctions\\SupportFunctionsF16.c 0x00000000   Number         0  supportfunctionsf16.o ABSOLUTE
    D:\\data\\KEIL\\ARM\\CMSIS\\5.9.0\\CMSIS\\DSP\\Source\\TransformFunctions\\TransformFunctions.c 0x00000000   Number         0  transformfunctions.o ABSOLUTE
    D:\\data\\KEIL\\ARM\\CMSIS\\5.9.0\\CMSIS\\DSP\\Source\\TransformFunctions\\TransformFunctionsF16.c 0x00000000   Number         0  transformfunctionsf16.o ABSOLUTE
    D:\data\KEIL\ARM\CMSIS\5.9.0\CMSIS\DSP\Source\BasicMathFunctions\BasicMathFunctions.c 0x00000000   Number         0  basicmathfunctions.o ABSOLUTE
    D:\data\KEIL\ARM\CMSIS\5.9.0\CMSIS\DSP\Source\BasicMathFunctions\BasicMathFunctionsF16.c 0x00000000   Number         0  basicmathfunctionsf16.o ABSOLUTE
    D:\data\KEIL\ARM\CMSIS\5.9.0\CMSIS\DSP\Source\BayesFunctions\BayesFunctions.c 0x00000000   Number         0  bayesfunctions.o ABSOLUTE
    D:\data\KEIL\ARM\CMSIS\5.9.0\CMSIS\DSP\Source\BayesFunctions\BayesFunctionsF16.c 0x00000000   Number         0  bayesfunctionsf16.o ABSOLUTE
    D:\data\KEIL\ARM\CMSIS\5.9.0\CMSIS\DSP\Source\CommonTables\CommonTables.c 0x00000000   Number         0  commontables.o ABSOLUTE
    D:\data\KEIL\ARM\CMSIS\5.9.0\CMSIS\DSP\Source\CommonTables\CommonTablesF16.c 0x00000000   Number         0  commontablesf16.o ABSOLUTE
    D:\data\KEIL\ARM\CMSIS\5.9.0\CMSIS\DSP\Source\ComplexMathFunctions\ComplexMathFunctions.c 0x00000000   Number         0  complexmathfunctions.o ABSOLUTE
    D:\data\KEIL\ARM\CMSIS\5.9.0\CMSIS\DSP\Source\ComplexMathFunctions\ComplexMathFunctionsF16.c 0x00000000   Number         0  complexmathfunctionsf16.o ABSOLUTE
    D:\data\KEIL\ARM\CMSIS\5.9.0\CMSIS\DSP\Source\ControllerFunctions\ControllerFunctions.c 0x00000000   Number         0  controllerfunctions.o ABSOLUTE
    D:\data\KEIL\ARM\CMSIS\5.9.0\CMSIS\DSP\Source\DistanceFunctions\DistanceFunctions.c 0x00000000   Number         0  distancefunctions.o ABSOLUTE
    D:\data\KEIL\ARM\CMSIS\5.9.0\CMSIS\DSP\Source\DistanceFunctions\DistanceFunctionsF16.c 0x00000000   Number         0  distancefunctionsf16.o ABSOLUTE
    D:\data\KEIL\ARM\CMSIS\5.9.0\CMSIS\DSP\Source\FastMathFunctions\FastMathFunctions.c 0x00000000   Number         0  fastmathfunctions.o ABSOLUTE
    D:\data\KEIL\ARM\CMSIS\5.9.0\CMSIS\DSP\Source\FastMathFunctions\FastMathFunctionsF16.c 0x00000000   Number         0  fastmathfunctionsf16.o ABSOLUTE
    D:\data\KEIL\ARM\CMSIS\5.9.0\CMSIS\DSP\Source\FilteringFunctions\FilteringFunctions.c 0x00000000   Number         0  filteringfunctions.o ABSOLUTE
    D:\data\KEIL\ARM\CMSIS\5.9.0\CMSIS\DSP\Source\FilteringFunctions\FilteringFunctionsF16.c 0x00000000   Number         0  filteringfunctionsf16.o ABSOLUTE
    D:\data\KEIL\ARM\CMSIS\5.9.0\CMSIS\DSP\Source\InterpolationFunctions\InterpolationFunctions.c 0x00000000   Number         0  interpolationfunctions.o ABSOLUTE
    D:\data\KEIL\ARM\CMSIS\5.9.0\CMSIS\DSP\Source\InterpolationFunctions\InterpolationFunctionsF16.c 0x00000000   Number         0  interpolationfunctionsf16.o ABSOLUTE
    D:\data\KEIL\ARM\CMSIS\5.9.0\CMSIS\DSP\Source\MatrixFunctions\MatrixFunctions.c 0x00000000   Number         0  matrixfunctions.o ABSOLUTE
    D:\data\KEIL\ARM\CMSIS\5.9.0\CMSIS\DSP\Source\MatrixFunctions\MatrixFunctionsF16.c 0x00000000   Number         0  matrixfunctionsf16.o ABSOLUTE
    D:\data\KEIL\ARM\CMSIS\5.9.0\CMSIS\DSP\Source\QuaternionMathFunctions\QuaternionMathFunctions.c 0x00000000   Number         0  quaternionmathfunctions.o ABSOLUTE
    D:\data\KEIL\ARM\CMSIS\5.9.0\CMSIS\DSP\Source\SVMFunctions\SVMFunctions.c 0x00000000   Number         0  svmfunctions.o ABSOLUTE
    D:\data\KEIL\ARM\CMSIS\5.9.0\CMSIS\DSP\Source\SVMFunctions\SVMFunctionsF16.c 0x00000000   Number         0  svmfunctionsf16.o ABSOLUTE
    D:\data\KEIL\ARM\CMSIS\5.9.0\CMSIS\DSP\Source\StatisticsFunctions\StatisticsFunctions.c 0x00000000   Number         0  statisticsfunctions.o ABSOLUTE
    D:\data\KEIL\ARM\CMSIS\5.9.0\CMSIS\DSP\Source\StatisticsFunctions\StatisticsFunctionsF16.c 0x00000000   Number         0  statisticsfunctionsf16.o ABSOLUTE
    D:\data\KEIL\ARM\CMSIS\5.9.0\CMSIS\DSP\Source\SupportFunctions\SupportFunctions.c 0x00000000   Number         0  supportfunctions.o ABSOLUTE
    D:\data\KEIL\ARM\CMSIS\5.9.0\CMSIS\DSP\Source\SupportFunctions\SupportFunctionsF16.c 0x00000000   Number         0  supportfunctionsf16.o ABSOLUTE
    D:\data\KEIL\ARM\CMSIS\5.9.0\CMSIS\DSP\Source\TransformFunctions\TransformFunctions.c 0x00000000   Number         0  transformfunctions.o ABSOLUTE
    D:\data\KEIL\ARM\CMSIS\5.9.0\CMSIS\DSP\Source\TransformFunctions\TransformFunctionsF16.c 0x00000000   Number         0  transformfunctionsf16.o ABSOLUTE
    cdcmple.s                                0x00000000   Number         0  cdcmple.o ABSOLUTE
    cdrcmple.s                               0x00000000   Number         0  cdrcmple.o ABSOLUTE
    dc.s                                     0x00000000   Number         0  dc.o ABSOLUTE
    handlers.s                               0x00000000   Number         0  handlers.o ABSOLUTE
    init.s                                   0x00000000   Number         0  init.o ABSOLUTE
    startup_stm32f407xx.s                    0x00000000   Number         0  startup_stm32f407xx.o ABSOLUTE
    RESET                                    0x08000000   Section      392  startup_stm32f407xx.o(RESET)
    .ARM.Collect$$$$00000000                 0x08000188   Section        0  entry.o(.ARM.Collect$$$$00000000)
    .ARM.Collect$$$$00000001                 0x08000188   Section        4  entry2.o(.ARM.Collect$$$$00000001)
    .ARM.Collect$$$$00000004                 0x0800018c   Section        4  entry5.o(.ARM.Collect$$$$00000004)
    .ARM.Collect$$$$00000008                 0x08000190   Section        0  entry7b.o(.ARM.Collect$$$$00000008)
    .ARM.Collect$$$$0000000A                 0x08000190   Section        0  entry8b.o(.ARM.Collect$$$$0000000A)
    .ARM.Collect$$$$0000000B                 0x08000190   Section        8  entry9a.o(.ARM.Collect$$$$0000000B)
    .ARM.Collect$$$$0000000E                 0x08000198   Section        4  entry12b.o(.ARM.Collect$$$$0000000E)
    .ARM.Collect$$$$0000000F                 0x0800019c   Section        0  entry10a.o(.ARM.Collect$$$$0000000F)
    .ARM.Collect$$$$00000011                 0x0800019c   Section        0  entry11a.o(.ARM.Collect$$$$00000011)
    .ARM.Collect$$$$00002712                 0x0800019c   Section        4  entry2.o(.ARM.Collect$$$$00002712)
    __lit__00000000                          0x0800019c   Data           4  entry2.o(.ARM.Collect$$$$00002712)
    .text                                    0x080001a0   Section       36  startup_stm32f407xx.o(.text)
    $v0                                      0x080001a0   Number         0  startup_stm32f407xx.o(.text)
    .text                                    0x080001c4   Section        0  uldiv.o(.text)
    .text                                    0x08000226   Section        0  llshl.o(.text)
    .text                                    0x08000244   Section        0  llsshr.o(.text)
    .text                                    0x08000268   Section        0  memseta.o(.text)
    .text                                    0x0800028c   Section        0  strlen.o(.text)
    .text                                    0x0800029a   Section        0  dadd.o(.text)
    .text                                    0x080003e8   Section        0  dmul.o(.text)
    .text                                    0x080004cc   Section        0  ddiv.o(.text)
    .text                                    0x080005aa   Section        0  dfltui.o(.text)
    .text                                    0x080005c4   Section        0  f2d.o(.text)
    .text                                    0x080005ec   Section       48  cdrcmple.o(.text)
    .text                                    0x0800061c   Section        0  d2f.o(.text)
    .text                                    0x08000654   Section        0  uidiv.o(.text)
    .text                                    0x08000680   Section        0  llushr.o(.text)
    .text                                    0x080006a0   Section        0  iusefp.o(.text)
    .text                                    0x080006a0   Section        0  fepilogue.o(.text)
    .text                                    0x0800070e   Section        0  frnd.o(.text)
    .text                                    0x0800074a   Section        0  depilogue.o(.text)
    .text                                    0x08000804   Section        0  dfixul.o(.text)
    .text                                    0x08000834   Section       36  init.o(.text)
    i.ADC_DMAConvCplt                        0x08000858   Section        0  stm32f4xx_hal_adc.o(i.ADC_DMAConvCplt)
    ADC_DMAConvCplt                          0x08000859   Thumb Code   110  stm32f4xx_hal_adc.o(i.ADC_DMAConvCplt)
    i.ADC_DMAError                           0x080008c6   Section        0  stm32f4xx_hal_adc.o(i.ADC_DMAError)
    ADC_DMAError                             0x080008c7   Thumb Code    22  stm32f4xx_hal_adc.o(i.ADC_DMAError)
    i.ADC_DMAHalfConvCplt                    0x080008dc   Section        0  stm32f4xx_hal_adc.o(i.ADC_DMAHalfConvCplt)
    ADC_DMAHalfConvCplt                      0x080008dd   Thumb Code    10  stm32f4xx_hal_adc.o(i.ADC_DMAHalfConvCplt)
    i.ADC_Init                               0x080008e8   Section        0  stm32f4xx_hal_adc.o(i.ADC_Init)
    ADC_Init                                 0x080008e9   Thumb Code   284  stm32f4xx_hal_adc.o(i.ADC_Init)
    i.BusFault_Handler                       0x08000a10   Section        0  stm32f4xx_it.o(i.BusFault_Handler)
    i.Calculate_Frequency                    0x08000a14   Section        0  main.o(i.Calculate_Frequency)
    i.DMA2_Stream0_IRQHandler                0x08000b18   Section        0  stm32f4xx_it.o(i.DMA2_Stream0_IRQHandler)
    i.DMA_CalcBaseAndBitshift                0x08000b30   Section        0  stm32f4xx_hal_dma.o(i.DMA_CalcBaseAndBitshift)
    DMA_CalcBaseAndBitshift                  0x08000b31   Thumb Code    34  stm32f4xx_hal_dma.o(i.DMA_CalcBaseAndBitshift)
    i.DMA_CheckFifoParam                     0x08000b58   Section        0  stm32f4xx_hal_dma.o(i.DMA_CheckFifoParam)
    DMA_CheckFifoParam                       0x08000b59   Thumb Code    84  stm32f4xx_hal_dma.o(i.DMA_CheckFifoParam)
    i.DMA_SetConfig                          0x08000bac   Section        0  stm32f4xx_hal_dma.o(i.DMA_SetConfig)
    DMA_SetConfig                            0x08000bad   Thumb Code    40  stm32f4xx_hal_dma.o(i.DMA_SetConfig)
    i.DebugMon_Handler                       0x08000bd4   Section        0  stm32f4xx_it.o(i.DebugMon_Handler)
    i.Error_Handler                          0x08000bd6   Section        0  main.o(i.Error_Handler)
    i.HAL_ADC_ConfigChannel                  0x08000bdc   Section        0  stm32f4xx_hal_adc.o(i.HAL_ADC_ConfigChannel)
    i.HAL_ADC_ConvCpltCallback               0x08000d28   Section        0  main.o(i.HAL_ADC_ConvCpltCallback)
    i.HAL_ADC_ConvHalfCpltCallback           0x08000dbc   Section        0  stm32f4xx_hal_adc.o(i.HAL_ADC_ConvHalfCpltCallback)
    i.HAL_ADC_ErrorCallback                  0x08000dbe   Section        0  stm32f4xx_hal_adc.o(i.HAL_ADC_ErrorCallback)
    i.HAL_ADC_Init                           0x08000dc0   Section        0  stm32f4xx_hal_adc.o(i.HAL_ADC_Init)
    i.HAL_ADC_MspInit                        0x08000e14   Section        0  adc.o(i.HAL_ADC_MspInit)
    i.HAL_ADC_Start_DMA                      0x08000eac   Section        0  stm32f4xx_hal_adc.o(i.HAL_ADC_Start_DMA)
    i.HAL_DMA_Abort                          0x08001004   Section        0  stm32f4xx_hal_dma.o(i.HAL_DMA_Abort)
    i.HAL_DMA_Abort_IT                       0x08001096   Section        0  stm32f4xx_hal_dma.o(i.HAL_DMA_Abort_IT)
    i.HAL_DMA_IRQHandler                     0x080010bc   Section        0  stm32f4xx_hal_dma.o(i.HAL_DMA_IRQHandler)
    i.HAL_DMA_Init                           0x0800125c   Section        0  stm32f4xx_hal_dma.o(i.HAL_DMA_Init)
    i.HAL_DMA_Start_IT                       0x08001330   Section        0  stm32f4xx_hal_dma.o(i.HAL_DMA_Start_IT)
    i.HAL_GPIO_Init                          0x080013a0   Section        0  stm32f4xx_hal_gpio.o(i.HAL_GPIO_Init)
    i.HAL_GetTick                            0x08001590   Section        0  stm32f4xx_hal.o(i.HAL_GetTick)
    i.HAL_IncTick                            0x0800159c   Section        0  stm32f4xx_hal.o(i.HAL_IncTick)
    i.HAL_Init                               0x080015ac   Section        0  stm32f4xx_hal.o(i.HAL_Init)
    i.HAL_InitTick                           0x080015e0   Section        0  stm32f4xx_hal.o(i.HAL_InitTick)
    i.HAL_MspInit                            0x08001620   Section        0  stm32f4xx_hal_msp.o(i.HAL_MspInit)
    i.HAL_NVIC_EnableIRQ                     0x08001650   Section        0  stm32f4xx_hal_cortex.o(i.HAL_NVIC_EnableIRQ)
    i.HAL_NVIC_SetPriority                   0x0800166c   Section        0  stm32f4xx_hal_cortex.o(i.HAL_NVIC_SetPriority)
    i.HAL_NVIC_SetPriorityGrouping           0x080016ac   Section        0  stm32f4xx_hal_cortex.o(i.HAL_NVIC_SetPriorityGrouping)
    i.HAL_RCC_ClockConfig                    0x080016d0   Section        0  stm32f4xx_hal_rcc.o(i.HAL_RCC_ClockConfig)
    i.HAL_RCC_GetPCLK1Freq                   0x08001804   Section        0  stm32f4xx_hal_rcc.o(i.HAL_RCC_GetPCLK1Freq)
    i.HAL_RCC_GetPCLK2Freq                   0x08001824   Section        0  stm32f4xx_hal_rcc.o(i.HAL_RCC_GetPCLK2Freq)
    i.HAL_RCC_GetSysClockFreq                0x08001844   Section        0  stm32f4xx_hal_rcc.o(i.HAL_RCC_GetSysClockFreq)
    i.HAL_RCC_OscConfig                      0x080018a8   Section        0  stm32f4xx_hal_rcc.o(i.HAL_RCC_OscConfig)
    i.HAL_SYSTICK_Config                     0x08001c14   Section        0  stm32f4xx_hal_cortex.o(i.HAL_SYSTICK_Config)
    i.HAL_TIMEx_MasterConfigSynchronization  0x08001c3c   Section        0  stm32f4xx_hal_tim_ex.o(i.HAL_TIMEx_MasterConfigSynchronization)
    i.HAL_TIM_Base_Init                      0x08001ccc   Section        0  stm32f4xx_hal_tim.o(i.HAL_TIM_Base_Init)
    i.HAL_TIM_Base_MspInit                   0x08001d28   Section        0  tim.o(i.HAL_TIM_Base_MspInit)
    i.HAL_TIM_Base_Start                     0x08001d50   Section        0  stm32f4xx_hal_tim.o(i.HAL_TIM_Base_Start)
    i.HAL_TIM_ConfigClockSource              0x08001dc8   Section        0  stm32f4xx_hal_tim.o(i.HAL_TIM_ConfigClockSource)
    i.HAL_UARTEx_RxEventCallback             0x08001ea4   Section        0  stm32f4xx_hal_uart.o(i.HAL_UARTEx_RxEventCallback)
    i.HAL_UART_ErrorCallback                 0x08001ea6   Section        0  stm32f4xx_hal_uart.o(i.HAL_UART_ErrorCallback)
    i.HAL_UART_IRQHandler                    0x08001ea8   Section        0  stm32f4xx_hal_uart.o(i.HAL_UART_IRQHandler)
    i.HAL_UART_Init                          0x08002128   Section        0  stm32f4xx_hal_uart.o(i.HAL_UART_Init)
    i.HAL_UART_MspInit                       0x0800218c   Section        0  usart.o(i.HAL_UART_MspInit)
    i.HAL_UART_Receive_IT                    0x08002248   Section        0  stm32f4xx_hal_uart.o(i.HAL_UART_Receive_IT)
    i.HAL_UART_RxCpltCallback                0x08002264   Section        0  interact.o(i.HAL_UART_RxCpltCallback)
    i.HAL_UART_Transmit                      0x08002394   Section        0  stm32f4xx_hal_uart.o(i.HAL_UART_Transmit)
    i.HAL_UART_TxCpltCallback                0x08002434   Section        0  stm32f4xx_hal_uart.o(i.HAL_UART_TxCpltCallback)
    i.HardFault_Handler                      0x08002436   Section        0  stm32f4xx_it.o(i.HardFault_Handler)
    i.MX_ADC1_Init                           0x08002438   Section        0  adc.o(i.MX_ADC1_Init)
    i.MX_DMA_Init                            0x08002498   Section        0  dma.o(i.MX_DMA_Init)
    i.MX_GPIO_Init                           0x080024c4   Section        0  gpio.o(i.MX_GPIO_Init)
    i.MX_TIM3_Init                           0x080024f0   Section        0  tim.o(i.MX_TIM3_Init)
    i.MX_USART1_UART_Init                    0x08002558   Section        0  usart.o(i.MX_USART1_UART_Init)
    i.MX_USART2_UART_Init                    0x08002590   Section        0  usart.o(i.MX_USART2_UART_Init)
    i.MemManage_Handler                      0x080025c8   Section        0  stm32f4xx_it.o(i.MemManage_Handler)
    i.NMI_Handler                            0x080025ca   Section        0  stm32f4xx_it.o(i.NMI_Handler)
    i.PendSV_Handler                         0x080025cc   Section        0  stm32f4xx_it.o(i.PendSV_Handler)
    i.SPLL_GetFrequency                      0x080025d0   Section        0  pll.o(i.SPLL_GetFrequency)
    i.SPLL_GetPhaseDeg                       0x080025e4   Section        0  pll.o(i.SPLL_GetPhaseDeg)
    i.SPLL_Init                              0x08002604   Section        0  pll.o(i.SPLL_Init)
    i.SPLL_Update                            0x0800263c   Section        0  pll.o(i.SPLL_Update)
    i.SVC_Handler                            0x08002734   Section        0  stm32f4xx_it.o(i.SVC_Handler)
    i.SysTick_Handler                        0x08002736   Section        0  stm32f4xx_it.o(i.SysTick_Handler)
    i.SystemClock_Config                     0x0800273c   Section        0  main.o(i.SystemClock_Config)
    i.SystemInit                             0x080027cc   Section        0  system_stm32f4xx.o(i.SystemInit)
    i.TIM_Base_SetConfig                     0x080027dc   Section        0  stm32f4xx_hal_tim.o(i.TIM_Base_SetConfig)
    i.TIM_ETR_SetConfig                      0x080028ac   Section        0  stm32f4xx_hal_tim.o(i.TIM_ETR_SetConfig)
    i.TIM_ITRx_SetConfig                     0x080028c0   Section        0  stm32f4xx_hal_tim.o(i.TIM_ITRx_SetConfig)
    TIM_ITRx_SetConfig                       0x080028c1   Thumb Code    16  stm32f4xx_hal_tim.o(i.TIM_ITRx_SetConfig)
    i.TIM_TI1_ConfigInputStage               0x080028d0   Section        0  stm32f4xx_hal_tim.o(i.TIM_TI1_ConfigInputStage)
    TIM_TI1_ConfigInputStage                 0x080028d1   Thumb Code    34  stm32f4xx_hal_tim.o(i.TIM_TI1_ConfigInputStage)
    i.TIM_TI2_ConfigInputStage               0x080028f2   Section        0  stm32f4xx_hal_tim.o(i.TIM_TI2_ConfigInputStage)
    TIM_TI2_ConfigInputStage                 0x080028f3   Thumb Code    36  stm32f4xx_hal_tim.o(i.TIM_TI2_ConfigInputStage)
    i.UART_DMAAbortOnError                   0x08002916   Section        0  stm32f4xx_hal_uart.o(i.UART_DMAAbortOnError)
    UART_DMAAbortOnError                     0x08002917   Thumb Code    14  stm32f4xx_hal_uart.o(i.UART_DMAAbortOnError)
    i.UART_EndRxTransfer                     0x08002924   Section        0  stm32f4xx_hal_uart.o(i.UART_EndRxTransfer)
    UART_EndRxTransfer                       0x08002925   Thumb Code    78  stm32f4xx_hal_uart.o(i.UART_EndRxTransfer)
    i.UART_Receive_IT                        0x08002972   Section        0  stm32f4xx_hal_uart.o(i.UART_Receive_IT)
    UART_Receive_IT                          0x08002973   Thumb Code   194  stm32f4xx_hal_uart.o(i.UART_Receive_IT)
    i.UART_SetConfig                         0x08002a34   Section        0  stm32f4xx_hal_uart.o(i.UART_SetConfig)
    UART_SetConfig                           0x08002a35   Thumb Code   258  stm32f4xx_hal_uart.o(i.UART_SetConfig)
    i.UART_Start_Receive_IT                  0x08002b40   Section        0  stm32f4xx_hal_uart.o(i.UART_Start_Receive_IT)
    i.UART_WaitOnFlagUntilTimeout            0x08002b76   Section        0  stm32f4xx_hal_uart.o(i.UART_WaitOnFlagUntilTimeout)
    UART_WaitOnFlagUntilTimeout              0x08002b77   Thumb Code   114  stm32f4xx_hal_uart.o(i.UART_WaitOnFlagUntilTimeout)
    i.USART2_IRQHandler                      0x08002be8   Section        0  stm32f4xx_it.o(i.USART2_IRQHandler)
    i.UsageFault_Handler                     0x08002bf4   Section        0  stm32f4xx_it.o(i.UsageFault_Handler)
    i.__0printf                              0x08002bf8   Section        0  printfa.o(i.__0printf)
    i.__ARM_fpclassifyf                      0x08002c18   Section        0  fpclassifyf.o(i.__ARM_fpclassifyf)
    i.__NVIC_SetPriority                     0x08002c3e   Section        0  stm32f4xx_hal_cortex.o(i.__NVIC_SetPriority)
    __NVIC_SetPriority                       0x08002c3f   Thumb Code    32  stm32f4xx_hal_cortex.o(i.__NVIC_SetPriority)
    i.__hardfp_cosf                          0x08002c60   Section        0  cosf.o(i.__hardfp_cosf)
    i.__hardfp_roundf                        0x08002db0   Section        0  roundf.o(i.__hardfp_roundf)
    i.__hardfp_sinf                          0x08002e4c   Section        0  sinf.o(i.__hardfp_sinf)
    i.__mathlib_flt_infnan                   0x08002fdc   Section        0  funder.o(i.__mathlib_flt_infnan)
    i.__mathlib_flt_invalid                  0x08002fe4   Section        0  funder.o(i.__mathlib_flt_invalid)
    i.__mathlib_flt_underflow                0x08002ff4   Section        0  funder.o(i.__mathlib_flt_underflow)
    i.__mathlib_rredf2                       0x08003004   Section        0  rredf.o(i.__mathlib_rredf2)
    i.__scatterload_copy                     0x08003158   Section       14  handlers.o(i.__scatterload_copy)
    i.__scatterload_null                     0x08003166   Section        2  handlers.o(i.__scatterload_null)
    i.__scatterload_zeroinit                 0x08003168   Section       14  handlers.o(i.__scatterload_zeroinit)
    i.__set_errno                            0x08003178   Section        0  errno.o(i.__set_errno)
    i._fp_digits                             0x08003184   Section        0  printfa.o(i._fp_digits)
    _fp_digits                               0x08003185   Thumb Code   366  printfa.o(i._fp_digits)
    i._printf_core                           0x08003308   Section        0  printfa.o(i._printf_core)
    _printf_core                             0x08003309   Thumb Code  1704  printfa.o(i._printf_core)
    i._printf_post_padding                   0x080039bc   Section        0  printfa.o(i._printf_post_padding)
    _printf_post_padding                     0x080039bd   Thumb Code    36  printfa.o(i._printf_post_padding)
    i._printf_pre_padding                    0x080039e0   Section        0  printfa.o(i._printf_pre_padding)
    _printf_pre_padding                      0x080039e1   Thumb Code    46  printfa.o(i._printf_pre_padding)
    i.arm_bitreversal_32                     0x08003a10   Section        0  transformfunctions.o(i.arm_bitreversal_32)
    i.arm_cfft_f32                           0x08003a4e   Section        0  transformfunctions.o(i.arm_cfft_f32)
    i.arm_cfft_radix8by2_f32                 0x08003b1a   Section        0  transformfunctions.o(i.arm_cfft_radix8by2_f32)
    i.arm_cfft_radix8by4_f32                 0x08003ca2   Section        0  transformfunctions.o(i.arm_cfft_radix8by4_f32)
    i.arm_cmplx_mag_f32                      0x080040d0   Section        0  complexmathfunctions.o(i.arm_cmplx_mag_f32)
    i.arm_radix8_butterfly_f32               0x08004114   Section        0  transformfunctions.o(i.arm_radix8_butterfly_f32)
    i.fputc                                  0x080045d8   Section        0  usart.o(i.fputc)
    i.main                                   0x080045f0   Section        0  main.o(i.main)
    .constdata                               0x080047c4   Section       16  main.o(.constdata)
    .constdata                               0x080047d4   Section        8  stm32f4xx_hal_dma.o(.constdata)
    flagBitshiftOffset                       0x080047d4   Data           8  stm32f4xx_hal_dma.o(.constdata)
    .constdata                               0x080047dc   Section       16  system_stm32f4xx.o(.constdata)
    .constdata                               0x080047ec   Section        8  system_stm32f4xx.o(.constdata)
    .constdata                               0x080047f4   Section     8192  commontables.o(.constdata)
    .constdata                               0x080067f4   Section     3600  commontables.o(.constdata)
    .constdata                               0x08007604   Section       16  commontables.o(.constdata)
    .constdata                               0x08007614   Section       32  rredf.o(.constdata)
    twooverpi                                0x08007614   Data          32  rredf.o(.constdata)
    .data                                    0x20000000   Section       12  main.o(.data)
    counter                                  0x20000004   Data           4  main.o(.data)
    .data                                    0x2000000c   Section        1  main.o(.data)
    .data                                    0x2000000d   Section        1  main.o(.data)
    .data                                    0x2000000e   Section        1  main.o(.data)
    .data                                    0x2000000f   Section        1  main.o(.data)
    .data                                    0x20000010   Section        1  main.o(.data)
    .data                                    0x20000011   Section        1  main.o(.data)
    .data                                    0x20000014   Section       12  stm32f4xx_hal.o(.data)
    .data                                    0x20000020   Section        4  system_stm32f4xx.o(.data)
    .data                                    0x20000024   Section        4  stdout.o(.data)
    .data                                    0x20000028   Section        4  errno.o(.data)
    _errno                                   0x20000028   Data           4  errno.o(.data)
    .bss                                     0x2000002c   Section    26680  main.o(.bss)
    fft_inputbuf                             0x2000002c   Data        8192  main.o(.bss)
    fft_outputbuf                            0x2000202c   Data        4096  main.o(.bss)
    .bss                                     0x20006864   Section      168  adc.o(.bss)
    .bss                                     0x2000690c   Section       72  tim.o(.bss)
    .bss                                     0x20006954   Section      144  usart.o(.bss)
    STACK                                    0x200069e8   Section     1024  startup_stm32f407xx.o(STACK)

    Global Symbols

    Symbol Name                              Value     Ov Type        Size  Object(Section)

    BuildAttributes$$THM_ISAv4$E$P$D$K$B$S$7EM$VFPi3$EXTD16$VFPS$VFMA$PE$A:L22UL41UL21$X:L11$S22US41US21$IEEE1$IW$USESV6$~STKCKD$USESV7$~SHL$OTIME$ROPI$IEEEX$EBA8$MICROLIB$REQ8$PRES8$EABIv2 0x00000000   Number         0  anon$$obj.o ABSOLUTE
    __ARM_use_no_argv                        0x00000000   Number         0  main.o ABSOLUTE
    _printf_a                                0x00000000   Number         0  stubs.o ABSOLUTE
    _printf_c                                0x00000000   Number         0  stubs.o ABSOLUTE
    _printf_charcount                        0x00000000   Number         0  stubs.o ABSOLUTE
    _printf_d                                0x00000000   Number         0  stubs.o ABSOLUTE
    _printf_e                                0x00000000   Number         0  stubs.o ABSOLUTE
    _printf_f                                0x00000000   Number         0  stubs.o ABSOLUTE
    _printf_flags                            0x00000000   Number         0  stubs.o ABSOLUTE
    _printf_fp_dec                           0x00000000   Number         0  stubs.o ABSOLUTE
    _printf_fp_hex                           0x00000000   Number         0  stubs.o ABSOLUTE
    _printf_g                                0x00000000   Number         0  stubs.o ABSOLUTE
    _printf_i                                0x00000000   Number         0  stubs.o ABSOLUTE
    _printf_int_dec                          0x00000000   Number         0  stubs.o ABSOLUTE
    _printf_l                                0x00000000   Number         0  stubs.o ABSOLUTE
    _printf_lc                               0x00000000   Number         0  stubs.o ABSOLUTE
    _printf_ll                               0x00000000   Number         0  stubs.o ABSOLUTE
    _printf_lld                              0x00000000   Number         0  stubs.o ABSOLUTE
    _printf_lli                              0x00000000   Number         0  stubs.o ABSOLUTE
    _printf_llo                              0x00000000   Number         0  stubs.o ABSOLUTE
    _printf_llu                              0x00000000   Number         0  stubs.o ABSOLUTE
    _printf_llx                              0x00000000   Number         0  stubs.o ABSOLUTE
    _printf_longlong_dec                     0x00000000   Number         0  stubs.o ABSOLUTE
    _printf_longlong_hex                     0x00000000   Number         0  stubs.o ABSOLUTE
    _printf_longlong_oct                     0x00000000   Number         0  stubs.o ABSOLUTE
    _printf_ls                               0x00000000   Number         0  stubs.o ABSOLUTE
    _printf_mbtowc                           0x00000000   Number         0  stubs.o ABSOLUTE
    _printf_n                                0x00000000   Number         0  stubs.o ABSOLUTE
    _printf_o                                0x00000000   Number         0  stubs.o ABSOLUTE
    _printf_p                                0x00000000   Number         0  stubs.o ABSOLUTE
    _printf_percent                          0x00000000   Number         0  stubs.o ABSOLUTE
    _printf_pre_padding                      0x00000000   Number         0  stubs.o ABSOLUTE
    _printf_return_value                     0x00000000   Number         0  stubs.o ABSOLUTE
    _printf_s                                0x00000000   Number         0  stubs.o ABSOLUTE
    _printf_sizespec                         0x00000000   Number         0  stubs.o ABSOLUTE
    _printf_str                              0x00000000   Number         0  stubs.o ABSOLUTE
    _printf_truncate_signed                  0x00000000   Number         0  stubs.o ABSOLUTE
    _printf_truncate_unsigned                0x00000000   Number         0  stubs.o ABSOLUTE
    _printf_u                                0x00000000   Number         0  stubs.o ABSOLUTE
    _printf_wc                               0x00000000   Number         0  stubs.o ABSOLUTE
    _printf_wctomb                           0x00000000   Number         0  stubs.o ABSOLUTE
    _printf_widthprec                        0x00000000   Number         0  stubs.o ABSOLUTE
    _printf_x                                0x00000000   Number         0  stubs.o ABSOLUTE
    __arm_fini_                               - Undefined Weak Reference
    __cpp_initialize__aeabi_                  - Undefined Weak Reference
    __cxa_finalize                            - Undefined Weak Reference
    __decompress                              - Undefined Weak Reference
    _clock_init                               - Undefined Weak Reference
    _microlib_exit                            - Undefined Weak Reference
    __Vectors_Size                           0x00000188   Number         0  startup_stm32f407xx.o ABSOLUTE
    __Vectors                                0x08000000   Data           4  startup_stm32f407xx.o(RESET)
    __Vectors_End                            0x08000188   Data           0  startup_stm32f407xx.o(RESET)
    __main                                   0x08000189   Thumb Code     0  entry.o(.ARM.Collect$$$$00000000)
    _main_stk                                0x08000189   Thumb Code     0  entry2.o(.ARM.Collect$$$$00000001)
    _main_scatterload                        0x0800018d   Thumb Code     0  entry5.o(.ARM.Collect$$$$00000004)
    __main_after_scatterload                 0x08000191   Thumb Code     0  entry5.o(.ARM.Collect$$$$00000004)
    _main_clock                              0x08000191   Thumb Code     0  entry7b.o(.ARM.Collect$$$$00000008)
    _main_cpp_init                           0x08000191   Thumb Code     0  entry8b.o(.ARM.Collect$$$$0000000A)
    _main_init                               0x08000191   Thumb Code     0  entry9a.o(.ARM.Collect$$$$0000000B)
    __rt_lib_shutdown_fini                   0x08000199   Thumb Code     0  entry12b.o(.ARM.Collect$$$$0000000E)
    __rt_final_cpp                           0x0800019d   Thumb Code     0  entry10a.o(.ARM.Collect$$$$0000000F)
    __rt_final_exit                          0x0800019d   Thumb Code     0  entry11a.o(.ARM.Collect$$$$00000011)
    Reset_Handler                            0x080001a1   Thumb Code     8  startup_stm32f407xx.o(.text)
    ADC_IRQHandler                           0x080001bb   Thumb Code     0  startup_stm32f407xx.o(.text)
    CAN1_RX0_IRQHandler                      0x080001bb   Thumb Code     0  startup_stm32f407xx.o(.text)
    CAN1_RX1_IRQHandler                      0x080001bb   Thumb Code     0  startup_stm32f407xx.o(.text)
    CAN1_SCE_IRQHandler                      0x080001bb   Thumb Code     0  startup_stm32f407xx.o(.text)
    CAN1_TX_IRQHandler                       0x080001bb   Thumb Code     0  startup_stm32f407xx.o(.text)
    CAN2_RX0_IRQHandler                      0x080001bb   Thumb Code     0  startup_stm32f407xx.o(.text)
    CAN2_RX1_IRQHandler                      0x080001bb   Thumb Code     0  startup_stm32f407xx.o(.text)
    CAN2_SCE_IRQHandler                      0x080001bb   Thumb Code     0  startup_stm32f407xx.o(.text)
    CAN2_TX_IRQHandler                       0x080001bb   Thumb Code     0  startup_stm32f407xx.o(.text)
    DCMI_IRQHandler                          0x080001bb   Thumb Code     0  startup_stm32f407xx.o(.text)
    DMA1_Stream0_IRQHandler                  0x080001bb   Thumb Code     0  startup_stm32f407xx.o(.text)
    DMA1_Stream1_IRQHandler                  0x080001bb   Thumb Code     0  startup_stm32f407xx.o(.text)
    DMA1_Stream2_IRQHandler                  0x080001bb   Thumb Code     0  startup_stm32f407xx.o(.text)
    DMA1_Stream3_IRQHandler                  0x080001bb   Thumb Code     0  startup_stm32f407xx.o(.text)
    DMA1_Stream4_IRQHandler                  0x080001bb   Thumb Code     0  startup_stm32f407xx.o(.text)
    DMA1_Stream5_IRQHandler                  0x080001bb   Thumb Code     0  startup_stm32f407xx.o(.text)
    DMA1_Stream6_IRQHandler                  0x080001bb   Thumb Code     0  startup_stm32f407xx.o(.text)
    DMA1_Stream7_IRQHandler                  0x080001bb   Thumb Code     0  startup_stm32f407xx.o(.text)
    DMA2_Stream1_IRQHandler                  0x080001bb   Thumb Code     0  startup_stm32f407xx.o(.text)
    DMA2_Stream2_IRQHandler                  0x080001bb   Thumb Code     0  startup_stm32f407xx.o(.text)
    DMA2_Stream3_IRQHandler                  0x080001bb   Thumb Code     0  startup_stm32f407xx.o(.text)
    DMA2_Stream4_IRQHandler                  0x080001bb   Thumb Code     0  startup_stm32f407xx.o(.text)
    DMA2_Stream5_IRQHandler                  0x080001bb   Thumb Code     0  startup_stm32f407xx.o(.text)
    DMA2_Stream6_IRQHandler                  0x080001bb   Thumb Code     0  startup_stm32f407xx.o(.text)
    DMA2_Stream7_IRQHandler                  0x080001bb   Thumb Code     0  startup_stm32f407xx.o(.text)
    ETH_IRQHandler                           0x080001bb   Thumb Code     0  startup_stm32f407xx.o(.text)
    ETH_WKUP_IRQHandler                      0x080001bb   Thumb Code     0  startup_stm32f407xx.o(.text)
    EXTI0_IRQHandler                         0x080001bb   Thumb Code     0  startup_stm32f407xx.o(.text)
    EXTI15_10_IRQHandler                     0x080001bb   Thumb Code     0  startup_stm32f407xx.o(.text)
    EXTI1_IRQHandler                         0x080001bb   Thumb Code     0  startup_stm32f407xx.o(.text)
    EXTI2_IRQHandler                         0x080001bb   Thumb Code     0  startup_stm32f407xx.o(.text)
    EXTI3_IRQHandler                         0x080001bb   Thumb Code     0  startup_stm32f407xx.o(.text)
    EXTI4_IRQHandler                         0x080001bb   Thumb Code     0  startup_stm32f407xx.o(.text)
    EXTI9_5_IRQHandler                       0x080001bb   Thumb Code     0  startup_stm32f407xx.o(.text)
    FLASH_IRQHandler                         0x080001bb   Thumb Code     0  startup_stm32f407xx.o(.text)
    FMC_IRQHandler                           0x080001bb   Thumb Code     0  startup_stm32f407xx.o(.text)
    FPU_IRQHandler                           0x080001bb   Thumb Code     0  startup_stm32f407xx.o(.text)
    HASH_RNG_IRQHandler                      0x080001bb   Thumb Code     0  startup_stm32f407xx.o(.text)
    I2C1_ER_IRQHandler                       0x080001bb   Thumb Code     0  startup_stm32f407xx.o(.text)
    I2C1_EV_IRQHandler                       0x080001bb   Thumb Code     0  startup_stm32f407xx.o(.text)
    I2C2_ER_IRQHandler                       0x080001bb   Thumb Code     0  startup_stm32f407xx.o(.text)
    I2C2_EV_IRQHandler                       0x080001bb   Thumb Code     0  startup_stm32f407xx.o(.text)
    I2C3_ER_IRQHandler                       0x080001bb   Thumb Code     0  startup_stm32f407xx.o(.text)
    I2C3_EV_IRQHandler                       0x080001bb   Thumb Code     0  startup_stm32f407xx.o(.text)
    OTG_FS_IRQHandler                        0x080001bb   Thumb Code     0  startup_stm32f407xx.o(.text)
    OTG_FS_WKUP_IRQHandler                   0x080001bb   Thumb Code     0  startup_stm32f407xx.o(.text)
    OTG_HS_EP1_IN_IRQHandler                 0x080001bb   Thumb Code     0  startup_stm32f407xx.o(.text)
    OTG_HS_EP1_OUT_IRQHandler                0x080001bb   Thumb Code     0  startup_stm32f407xx.o(.text)
    OTG_HS_IRQHandler                        0x080001bb   Thumb Code     0  startup_stm32f407xx.o(.text)
    OTG_HS_WKUP_IRQHandler                   0x080001bb   Thumb Code     0  startup_stm32f407xx.o(.text)
    PVD_IRQHandler                           0x080001bb   Thumb Code     0  startup_stm32f407xx.o(.text)
    RCC_IRQHandler                           0x080001bb   Thumb Code     0  startup_stm32f407xx.o(.text)
    RTC_Alarm_IRQHandler                     0x080001bb   Thumb Code     0  startup_stm32f407xx.o(.text)
    RTC_WKUP_IRQHandler                      0x080001bb   Thumb Code     0  startup_stm32f407xx.o(.text)
    SDIO_IRQHandler                          0x080001bb   Thumb Code     0  startup_stm32f407xx.o(.text)
    SPI1_IRQHandler                          0x080001bb   Thumb Code     0  startup_stm32f407xx.o(.text)
    SPI2_IRQHandler                          0x080001bb   Thumb Code     0  startup_stm32f407xx.o(.text)
    SPI3_IRQHandler                          0x080001bb   Thumb Code     0  startup_stm32f407xx.o(.text)
    TAMP_STAMP_IRQHandler                    0x080001bb   Thumb Code     0  startup_stm32f407xx.o(.text)
    TIM1_BRK_TIM9_IRQHandler                 0x080001bb   Thumb Code     0  startup_stm32f407xx.o(.text)
    TIM1_CC_IRQHandler                       0x080001bb   Thumb Code     0  startup_stm32f407xx.o(.text)
    TIM1_TRG_COM_TIM11_IRQHandler            0x080001bb   Thumb Code     0  startup_stm32f407xx.o(.text)
    TIM1_UP_TIM10_IRQHandler                 0x080001bb   Thumb Code     0  startup_stm32f407xx.o(.text)
    TIM2_IRQHandler                          0x080001bb   Thumb Code     0  startup_stm32f407xx.o(.text)
    TIM3_IRQHandler                          0x080001bb   Thumb Code     0  startup_stm32f407xx.o(.text)
    TIM4_IRQHandler                          0x080001bb   Thumb Code     0  startup_stm32f407xx.o(.text)
    TIM5_IRQHandler                          0x080001bb   Thumb Code     0  startup_stm32f407xx.o(.text)
    TIM6_DAC_IRQHandler                      0x080001bb   Thumb Code     0  startup_stm32f407xx.o(.text)
    TIM7_IRQHandler                          0x080001bb   Thumb Code     0  startup_stm32f407xx.o(.text)
    TIM8_BRK_TIM12_IRQHandler                0x080001bb   Thumb Code     0  startup_stm32f407xx.o(.text)
    TIM8_CC_IRQHandler                       0x080001bb   Thumb Code     0  startup_stm32f407xx.o(.text)
    TIM8_TRG_COM_TIM14_IRQHandler            0x080001bb   Thumb Code     0  startup_stm32f407xx.o(.text)
    TIM8_UP_TIM13_IRQHandler                 0x080001bb   Thumb Code     0  startup_stm32f407xx.o(.text)
    UART4_IRQHandler                         0x080001bb   Thumb Code     0  startup_stm32f407xx.o(.text)
    UART5_IRQHandler                         0x080001bb   Thumb Code     0  startup_stm32f407xx.o(.text)
    USART1_IRQHandler                        0x080001bb   Thumb Code     0  startup_stm32f407xx.o(.text)
    USART3_IRQHandler                        0x080001bb   Thumb Code     0  startup_stm32f407xx.o(.text)
    USART6_IRQHandler                        0x080001bb   Thumb Code     0  startup_stm32f407xx.o(.text)
    WWDG_IRQHandler                          0x080001bb   Thumb Code     0  startup_stm32f407xx.o(.text)
    __aeabi_uldivmod                         0x080001c5   Thumb Code    98  uldiv.o(.text)
    __aeabi_llsl                             0x08000227   Thumb Code    30  llshl.o(.text)
    _ll_shift_l                              0x08000227   Thumb Code     0  llshl.o(.text)
    __aeabi_lasr                             0x08000245   Thumb Code    36  llsshr.o(.text)
    _ll_sshift_r                             0x08000245   Thumb Code     0  llsshr.o(.text)
    __aeabi_memset                           0x08000269   Thumb Code    14  memseta.o(.text)
    __aeabi_memset4                          0x08000269   Thumb Code     0  memseta.o(.text)
    __aeabi_memset8                          0x08000269   Thumb Code     0  memseta.o(.text)
    __aeabi_memclr                           0x08000277   Thumb Code     4  memseta.o(.text)
    __aeabi_memclr4                          0x08000277   Thumb Code     0  memseta.o(.text)
    __aeabi_memclr8                          0x08000277   Thumb Code     0  memseta.o(.text)
    _memset$wrapper                          0x0800027b   Thumb Code    18  memseta.o(.text)
    strlen                                   0x0800028d   Thumb Code    14  strlen.o(.text)
    __aeabi_dadd                             0x0800029b   Thumb Code   322  dadd.o(.text)
    __aeabi_dsub                             0x080003dd   Thumb Code     6  dadd.o(.text)
    __aeabi_drsub                            0x080003e3   Thumb Code     6  dadd.o(.text)
    __aeabi_dmul                             0x080003e9   Thumb Code   228  dmul.o(.text)
    __aeabi_ddiv                             0x080004cd   Thumb Code   222  ddiv.o(.text)
    __aeabi_ui2d                             0x080005ab   Thumb Code    26  dfltui.o(.text)
    __aeabi_f2d                              0x080005c5   Thumb Code    38  f2d.o(.text)
    __aeabi_cdrcmple                         0x080005ed   Thumb Code    48  cdrcmple.o(.text)
    __aeabi_d2f                              0x0800061d   Thumb Code    56  d2f.o(.text)
    __aeabi_uidiv                            0x08000655   Thumb Code     0  uidiv.o(.text)
    __aeabi_uidivmod                         0x08000655   Thumb Code    44  uidiv.o(.text)
    __aeabi_llsr                             0x08000681   Thumb Code    32  llushr.o(.text)
    _ll_ushift_r                             0x08000681   Thumb Code     0  llushr.o(.text)
    __I$use$fp                               0x080006a1   Thumb Code     0  iusefp.o(.text)
    _float_round                             0x080006a1   Thumb Code    18  fepilogue.o(.text)
    _float_epilogue                          0x080006b3   Thumb Code    92  fepilogue.o(.text)
    _frnd                                    0x0800070f   Thumb Code    60  frnd.o(.text)
    _double_round                            0x0800074b   Thumb Code    30  depilogue.o(.text)
    _double_epilogue                         0x08000769   Thumb Code   156  depilogue.o(.text)
    __aeabi_d2ulz                            0x08000805   Thumb Code    48  dfixul.o(.text)
    __scatterload                            0x08000835   Thumb Code    28  init.o(.text)
    __scatterload_rt2                        0x08000835   Thumb Code     0  init.o(.text)
    BusFault_Handler                         0x08000a11   Thumb Code     2  stm32f4xx_it.o(i.BusFault_Handler)
    Calculate_Frequency                      0x08000a15   Thumb Code   230  main.o(i.Calculate_Frequency)
    DMA2_Stream0_IRQHandler                  0x08000b19   Thumb Code    16  stm32f4xx_it.o(i.DMA2_Stream0_IRQHandler)
    DebugMon_Handler                         0x08000bd5   Thumb Code     2  stm32f4xx_it.o(i.DebugMon_Handler)
    Error_Handler                            0x08000bd7   Thumb Code     4  main.o(i.Error_Handler)
    HAL_ADC_ConfigChannel                    0x08000bdd   Thumb Code   316  stm32f4xx_hal_adc.o(i.HAL_ADC_ConfigChannel)
    HAL_ADC_ConvCpltCallback                 0x08000d29   Thumb Code   104  main.o(i.HAL_ADC_ConvCpltCallback)
    HAL_ADC_ConvHalfCpltCallback             0x08000dbd   Thumb Code     2  stm32f4xx_hal_adc.o(i.HAL_ADC_ConvHalfCpltCallback)
    HAL_ADC_ErrorCallback                    0x08000dbf   Thumb Code     2  stm32f4xx_hal_adc.o(i.HAL_ADC_ErrorCallback)
    HAL_ADC_Init                             0x08000dc1   Thumb Code    84  stm32f4xx_hal_adc.o(i.HAL_ADC_Init)
    HAL_ADC_MspInit                          0x08000e15   Thumb Code   130  adc.o(i.HAL_ADC_MspInit)
    HAL_ADC_Start_DMA                        0x08000ead   Thumb Code   306  stm32f4xx_hal_adc.o(i.HAL_ADC_Start_DMA)
    HAL_DMA_Abort                            0x08001005   Thumb Code   146  stm32f4xx_hal_dma.o(i.HAL_DMA_Abort)
    HAL_DMA_Abort_IT                         0x08001097   Thumb Code    36  stm32f4xx_hal_dma.o(i.HAL_DMA_Abort_IT)
    HAL_DMA_IRQHandler                       0x080010bd   Thumb Code   412  stm32f4xx_hal_dma.o(i.HAL_DMA_IRQHandler)
    HAL_DMA_Init                             0x0800125d   Thumb Code   206  stm32f4xx_hal_dma.o(i.HAL_DMA_Init)
    HAL_DMA_Start_IT                         0x08001331   Thumb Code   110  stm32f4xx_hal_dma.o(i.HAL_DMA_Start_IT)
    HAL_GPIO_Init                            0x080013a1   Thumb Code   450  stm32f4xx_hal_gpio.o(i.HAL_GPIO_Init)
    HAL_GetTick                              0x08001591   Thumb Code     6  stm32f4xx_hal.o(i.HAL_GetTick)
    HAL_IncTick                              0x0800159d   Thumb Code    12  stm32f4xx_hal.o(i.HAL_IncTick)
    HAL_Init                                 0x080015ad   Thumb Code    48  stm32f4xx_hal.o(i.HAL_Init)
    HAL_InitTick                             0x080015e1   Thumb Code    54  stm32f4xx_hal.o(i.HAL_InitTick)
    HAL_MspInit                              0x08001621   Thumb Code    42  stm32f4xx_hal_msp.o(i.HAL_MspInit)
    HAL_NVIC_EnableIRQ                       0x08001651   Thumb Code    26  stm32f4xx_hal_cortex.o(i.HAL_NVIC_EnableIRQ)
    HAL_NVIC_SetPriority                     0x0800166d   Thumb Code    60  stm32f4xx_hal_cortex.o(i.HAL_NVIC_SetPriority)
    HAL_NVIC_SetPriorityGrouping             0x080016ad   Thumb Code    26  stm32f4xx_hal_cortex.o(i.HAL_NVIC_SetPriorityGrouping)
    HAL_RCC_ClockConfig                      0x080016d1   Thumb Code   288  stm32f4xx_hal_rcc.o(i.HAL_RCC_ClockConfig)
    HAL_RCC_GetPCLK1Freq                     0x08001805   Thumb Code    20  stm32f4xx_hal_rcc.o(i.HAL_RCC_GetPCLK1Freq)
    HAL_RCC_GetPCLK2Freq                     0x08001825   Thumb Code    20  stm32f4xx_hal_rcc.o(i.HAL_RCC_GetPCLK2Freq)
    HAL_RCC_GetSysClockFreq                  0x08001845   Thumb Code    88  stm32f4xx_hal_rcc.o(i.HAL_RCC_GetSysClockFreq)
    HAL_RCC_OscConfig                        0x080018a9   Thumb Code   856  stm32f4xx_hal_rcc.o(i.HAL_RCC_OscConfig)
    HAL_SYSTICK_Config                       0x08001c15   Thumb Code    40  stm32f4xx_hal_cortex.o(i.HAL_SYSTICK_Config)
    HAL_TIMEx_MasterConfigSynchronization    0x08001c3d   Thumb Code   116  stm32f4xx_hal_tim_ex.o(i.HAL_TIMEx_MasterConfigSynchronization)
    HAL_TIM_Base_Init                        0x08001ccd   Thumb Code    90  stm32f4xx_hal_tim.o(i.HAL_TIM_Base_Init)
    HAL_TIM_Base_MspInit                     0x08001d29   Thumb Code    30  tim.o(i.HAL_TIM_Base_MspInit)
    HAL_TIM_Base_Start                       0x08001d51   Thumb Code    90  stm32f4xx_hal_tim.o(i.HAL_TIM_Base_Start)
    HAL_TIM_ConfigClockSource                0x08001dc9   Thumb Code   220  stm32f4xx_hal_tim.o(i.HAL_TIM_ConfigClockSource)
    HAL_UARTEx_RxEventCallback               0x08001ea5   Thumb Code     2  stm32f4xx_hal_uart.o(i.HAL_UARTEx_RxEventCallback)
    HAL_UART_ErrorCallback                   0x08001ea7   Thumb Code     2  stm32f4xx_hal_uart.o(i.HAL_UART_ErrorCallback)
    HAL_UART_IRQHandler                      0x08001ea9   Thumb Code   636  stm32f4xx_hal_uart.o(i.HAL_UART_IRQHandler)
    HAL_UART_Init                            0x08002129   Thumb Code   100  stm32f4xx_hal_uart.o(i.HAL_UART_Init)
    HAL_UART_MspInit                         0x0800218d   Thumb Code   170  usart.o(i.HAL_UART_MspInit)
    HAL_UART_Receive_IT                      0x08002249   Thumb Code    28  stm32f4xx_hal_uart.o(i.HAL_UART_Receive_IT)
    HAL_UART_RxCpltCallback                  0x08002265   Thumb Code   228  interact.o(i.HAL_UART_RxCpltCallback)
    HAL_UART_Transmit                        0x08002395   Thumb Code   160  stm32f4xx_hal_uart.o(i.HAL_UART_Transmit)
    HAL_UART_TxCpltCallback                  0x08002435   Thumb Code     2  stm32f4xx_hal_uart.o(i.HAL_UART_TxCpltCallback)
    HardFault_Handler                        0x08002437   Thumb Code     2  stm32f4xx_it.o(i.HardFault_Handler)
    MX_ADC1_Init                             0x08002439   Thumb Code    88  adc.o(i.MX_ADC1_Init)
    MX_DMA_Init                              0x08002499   Thumb Code    40  dma.o(i.MX_DMA_Init)
    MX_GPIO_Init                             0x080024c5   Thumb Code    38  gpio.o(i.MX_GPIO_Init)
    MX_TIM3_Init                             0x080024f1   Thumb Code    94  tim.o(i.MX_TIM3_Init)
    MX_USART1_UART_Init                      0x08002559   Thumb Code    48  usart.o(i.MX_USART1_UART_Init)
    MX_USART2_UART_Init                      0x08002591   Thumb Code    48  usart.o(i.MX_USART2_UART_Init)
    MemManage_Handler                        0x080025c9   Thumb Code     2  stm32f4xx_it.o(i.MemManage_Handler)
    NMI_Handler                              0x080025cb   Thumb Code     2  stm32f4xx_it.o(i.NMI_Handler)
    PendSV_Handler                           0x080025cd   Thumb Code     2  stm32f4xx_it.o(i.PendSV_Handler)
    SPLL_GetFrequency                        0x080025d1   Thumb Code    14  pll.o(i.SPLL_GetFrequency)
    SPLL_GetPhaseDeg                         0x080025e5   Thumb Code    22  pll.o(i.SPLL_GetPhaseDeg)
    SPLL_Init                                0x08002605   Thumb Code    52  pll.o(i.SPLL_Init)
    SPLL_Update                              0x0800263d   Thumb Code   240  pll.o(i.SPLL_Update)
    SVC_Handler                              0x08002735   Thumb Code     2  stm32f4xx_it.o(i.SVC_Handler)
    SysTick_Handler                          0x08002737   Thumb Code     4  stm32f4xx_it.o(i.SysTick_Handler)
    SystemClock_Config                       0x0800273d   Thumb Code   136  main.o(i.SystemClock_Config)
    SystemInit                               0x080027cd   Thumb Code    12  system_stm32f4xx.o(i.SystemInit)
    TIM_Base_SetConfig                       0x080027dd   Thumb Code   164  stm32f4xx_hal_tim.o(i.TIM_Base_SetConfig)
    TIM_ETR_SetConfig                        0x080028ad   Thumb Code    20  stm32f4xx_hal_tim.o(i.TIM_ETR_SetConfig)
    UART_Start_Receive_IT                    0x08002b41   Thumb Code    54  stm32f4xx_hal_uart.o(i.UART_Start_Receive_IT)
    USART2_IRQHandler                        0x08002be9   Thumb Code     6  stm32f4xx_it.o(i.USART2_IRQHandler)
    UsageFault_Handler                       0x08002bf5   Thumb Code     2  stm32f4xx_it.o(i.UsageFault_Handler)
    __0printf                                0x08002bf9   Thumb Code    22  printfa.o(i.__0printf)
    __1printf                                0x08002bf9   Thumb Code     0  printfa.o(i.__0printf)
    __2printf                                0x08002bf9   Thumb Code     0  printfa.o(i.__0printf)
    __c89printf                              0x08002bf9   Thumb Code     0  printfa.o(i.__0printf)
    printf                                   0x08002bf9   Thumb Code     0  printfa.o(i.__0printf)
    __ARM_fpclassifyf                        0x08002c19   Thumb Code    38  fpclassifyf.o(i.__ARM_fpclassifyf)
    __hardfp_cosf                            0x08002c61   Thumb Code   280  cosf.o(i.__hardfp_cosf)
    __hardfp_roundf                          0x08002db1   Thumb Code   154  roundf.o(i.__hardfp_roundf)
    __hardfp_sinf                            0x08002e4d   Thumb Code   344  sinf.o(i.__hardfp_sinf)
    __mathlib_flt_infnan                     0x08002fdd   Thumb Code     6  funder.o(i.__mathlib_flt_infnan)
    __mathlib_flt_invalid                    0x08002fe5   Thumb Code    10  funder.o(i.__mathlib_flt_invalid)
    __mathlib_flt_underflow                  0x08002ff5   Thumb Code    10  funder.o(i.__mathlib_flt_underflow)
    __mathlib_rredf2                         0x08003005   Thumb Code   316  rredf.o(i.__mathlib_rredf2)
    __scatterload_copy                       0x08003159   Thumb Code    14  handlers.o(i.__scatterload_copy)
    __scatterload_null                       0x08003167   Thumb Code     2  handlers.o(i.__scatterload_null)
    __scatterload_zeroinit                   0x08003169   Thumb Code    14  handlers.o(i.__scatterload_zeroinit)
    __set_errno                              0x08003179   Thumb Code     6  errno.o(i.__set_errno)
    arm_bitreversal_32                       0x08003a11   Thumb Code    62  transformfunctions.o(i.arm_bitreversal_32)
    arm_cfft_f32                             0x08003a4f   Thumb Code   204  transformfunctions.o(i.arm_cfft_f32)
    arm_cfft_radix8by2_f32                   0x08003b1b   Thumb Code   392  transformfunctions.o(i.arm_cfft_radix8by2_f32)
    arm_cfft_radix8by4_f32                   0x08003ca3   Thumb Code  1068  transformfunctions.o(i.arm_cfft_radix8by4_f32)
    arm_cmplx_mag_f32                        0x080040d1   Thumb Code    62  complexmathfunctions.o(i.arm_cmplx_mag_f32)
    arm_radix8_butterfly_f32                 0x08004115   Thumb Code  1220  transformfunctions.o(i.arm_radix8_butterfly_f32)
    fputc                                    0x080045d9   Thumb Code    20  usart.o(i.fputc)
    main                                     0x080045f1   Thumb Code   338  main.o(i.main)
    AHBPrescTable                            0x080047dc   Data          16  system_stm32f4xx.o(.constdata)
    APBPrescTable                            0x080047ec   Data           8  system_stm32f4xx.o(.constdata)
    twiddleCoef_1024                         0x080047f4   Data        8192  commontables.o(.constdata)
    armBitRevIndexTable1024                  0x080067f4   Data        3600  commontables.o(.constdata)
    arm_cfft_sR_f32_len1024                  0x08007604   Data          16  commontables.o(.constdata)
    Region$$Table$$Base                      0x08007634   Number         0  anon$$obj.o(Region$$Table)
    Region$$Table$$Limit                     0x08007654   Number         0  anon$$obj.o(Region$$Table)
    AdcConvEnd                               0x20000000   Data           1  main.o(.data)
    adc_value                                0x20000008   Data           4  main.o(.data)
    rx1_buf                                  0x2000000c   Data           1  main.o(.data)
    rx1_tmp                                  0x2000000d   Data           1  main.o(.data)
    rx1_index                                0x2000000e   Data           1  main.o(.data)
    rx2_buf                                  0x2000000f   Data           1  main.o(.data)
    rx2_tmp                                  0x20000010   Data           1  main.o(.data)
    rx2_index                                0x20000011   Data           1  main.o(.data)
    uwTickFreq                               0x20000014   Data           1  stm32f4xx_hal.o(.data)
    uwTickPrio                               0x20000018   Data           4  stm32f4xx_hal.o(.data)
    uwTick                                   0x2000001c   Data           4  stm32f4xx_hal.o(.data)
    SystemCoreClock                          0x20000020   Data           4  system_stm32f4xx.o(.data)
    __stdout                                 0x20000024   Data           4  stdout.o(.data)
    hpll                                     0x2000302c   Data          56  main.o(.bss)
    adcBuff                                  0x20003064   Data        2048  main.o(.bss)
    fft_inputbuf                             0x20003864   Data        8192  main.o(.bss)
    fft_outputbuf                            0x20005864   Data        4096  main.o(.bss)
    hadc1                                    0x20006864   Data          72  adc.o(.bss)
    hdma_adc1                                0x200068ac   Data          96  adc.o(.bss)
    htim3                                    0x2000690c   Data          72  tim.o(.bss)
    huart1                                   0x20006954   Data          72  usart.o(.bss)
    huart2                                   0x2000699c   Data          72  usart.o(.bss)
    __initial_sp                             0x20006de8   Data           0  startup_stm32f407xx.o(STACK)



==============================================================================

Memory Map of the image

  Image Entry point : 0x08000189

  Load Region LR_IROM1 (Base: 0x08000000, Size: 0x00007680, Max: 0x00100000, ABSOLUTE)

    Execution Region ER_IROM1 (Exec base: 0x08000000, Load base: 0x08000000, Size: 0x00007654, Max: 0x00100000, ABSOLUTE)

    Exec Addr    Load Addr    Size         Type   Attr      Idx    E Section Name        Object

    0x08000000   0x08000000   0x00000188   Data   RO            3    RESET               startup_stm32f407xx.o
    0x08000188   0x08000188   0x00000000   Code   RO         9191  * .ARM.Collect$$$$00000000  mc_w.l(entry.o)
    0x08000188   0x08000188   0x00000004   Code   RO         9529    .ARM.Collect$$$$00000001  mc_w.l(entry2.o)
    0x0800018c   0x0800018c   0x00000004   Code   RO         9532    .ARM.Collect$$$$00000004  mc_w.l(entry5.o)
    0x08000190   0x08000190   0x00000000   Code   RO         9534    .ARM.Collect$$$$00000008  mc_w.l(entry7b.o)
    0x08000190   0x08000190   0x00000000   Code   RO         9536    .ARM.Collect$$$$0000000A  mc_w.l(entry8b.o)
    0x08000190   0x08000190   0x00000008   Code   RO         9537    .ARM.Collect$$$$0000000B  mc_w.l(entry9a.o)
    0x08000198   0x08000198   0x00000004   Code   RO         9544    .ARM.Collect$$$$0000000E  mc_w.l(entry12b.o)
    0x0800019c   0x0800019c   0x00000000   Code   RO         9539    .ARM.Collect$$$$0000000F  mc_w.l(entry10a.o)
    0x0800019c   0x0800019c   0x00000000   Code   RO         9541    .ARM.Collect$$$$00000011  mc_w.l(entry11a.o)
    0x0800019c   0x0800019c   0x00000004   Code   RO         9530    .ARM.Collect$$$$00002712  mc_w.l(entry2.o)
    0x080001a0   0x080001a0   0x00000024   Code   RO            4    .text               startup_stm32f407xx.o
    0x080001c4   0x080001c4   0x00000062   Code   RO         9194    .text               mc_w.l(uldiv.o)
    0x08000226   0x08000226   0x0000001e   Code   RO         9198    .text               mc_w.l(llshl.o)
    0x08000244   0x08000244   0x00000024   Code   RO         9200    .text               mc_w.l(llsshr.o)
    0x08000268   0x08000268   0x00000024   Code   RO         9204    .text               mc_w.l(memseta.o)
    0x0800028c   0x0800028c   0x0000000e   Code   RO         9206    .text               mc_w.l(strlen.o)
    0x0800029a   0x0800029a   0x0000014e   Code   RO         9471    .text               mf_w.l(dadd.o)
    0x080003e8   0x080003e8   0x000000e4   Code   RO         9473    .text               mf_w.l(dmul.o)
    0x080004cc   0x080004cc   0x000000de   Code   RO         9475    .text               mf_w.l(ddiv.o)
    0x080005aa   0x080005aa   0x0000001a   Code   RO         9479    .text               mf_w.l(dfltui.o)
    0x080005c4   0x080005c4   0x00000026   Code   RO         9483    .text               mf_w.l(f2d.o)
    0x080005ea   0x080005ea   0x00000002   PAD
    0x080005ec   0x080005ec   0x00000030   Code   RO         9487    .text               mf_w.l(cdrcmple.o)
    0x0800061c   0x0800061c   0x00000038   Code   RO         9489    .text               mf_w.l(d2f.o)
    0x08000654   0x08000654   0x0000002c   Code   RO         9546    .text               mc_w.l(uidiv.o)
    0x08000680   0x08000680   0x00000020   Code   RO         9548    .text               mc_w.l(llushr.o)
    0x080006a0   0x080006a0   0x00000000   Code   RO         9557    .text               mc_w.l(iusefp.o)
    0x080006a0   0x080006a0   0x0000006e   Code   RO         9558    .text               mf_w.l(fepilogue.o)
    0x0800070e   0x0800070e   0x0000003c   Code   RO         9560    .text               mf_w.l(frnd.o)
    0x0800074a   0x0800074a   0x000000ba   Code   RO         9562    .text               mf_w.l(depilogue.o)
    0x08000804   0x08000804   0x00000030   Code   RO         9570    .text               mf_w.l(dfixul.o)
    0x08000834   0x08000834   0x00000024   Code   RO         9574    .text               mc_w.l(init.o)
    0x08000858   0x08000858   0x0000006e   Code   RO          589    i.ADC_DMAConvCplt   stm32f4xx_hal_adc.o
    0x080008c6   0x080008c6   0x00000016   Code   RO          590    i.ADC_DMAError      stm32f4xx_hal_adc.o
    0x080008dc   0x080008dc   0x0000000a   Code   RO          591    i.ADC_DMAHalfConvCplt  stm32f4xx_hal_adc.o
    0x080008e6   0x080008e6   0x00000002   PAD
    0x080008e8   0x080008e8   0x00000128   Code   RO          592    i.ADC_Init          stm32f4xx_hal_adc.o
    0x08000a10   0x08000a10   0x00000002   Code   RO          477    i.BusFault_Handler  stm32f4xx_it.o
    0x08000a12   0x08000a12   0x00000002   PAD
    0x08000a14   0x08000a14   0x00000104   Code   RO           13    i.Calculate_Frequency  main.o
    0x08000b18   0x08000b18   0x00000018   Code   RO          478    i.DMA2_Stream0_IRQHandler  stm32f4xx_it.o
    0x08000b30   0x08000b30   0x00000028   Code   RO         1326    i.DMA_CalcBaseAndBitshift  stm32f4xx_hal_dma.o
    0x08000b58   0x08000b58   0x00000054   Code   RO         1327    i.DMA_CheckFifoParam  stm32f4xx_hal_dma.o
    0x08000bac   0x08000bac   0x00000028   Code   RO         1328    i.DMA_SetConfig     stm32f4xx_hal_dma.o
    0x08000bd4   0x08000bd4   0x00000002   Code   RO          479    i.DebugMon_Handler  stm32f4xx_it.o
    0x08000bd6   0x08000bd6   0x00000004   Code   RO           14    i.Error_Handler     main.o
    0x08000bda   0x08000bda   0x00000002   PAD
    0x08000bdc   0x08000bdc   0x0000014c   Code   RO          594    i.HAL_ADC_ConfigChannel  stm32f4xx_hal_adc.o
    0x08000d28   0x08000d28   0x00000094   Code   RO           15    i.HAL_ADC_ConvCpltCallback  main.o
    0x08000dbc   0x08000dbc   0x00000002   Code   RO          596    i.HAL_ADC_ConvHalfCpltCallback  stm32f4xx_hal_adc.o
    0x08000dbe   0x08000dbe   0x00000002   Code   RO          598    i.HAL_ADC_ErrorCallback  stm32f4xx_hal_adc.o
    0x08000dc0   0x08000dc0   0x00000054   Code   RO          603    i.HAL_ADC_Init      stm32f4xx_hal_adc.o
    0x08000e14   0x08000e14   0x00000098   Code   RO          310    i.HAL_ADC_MspInit   adc.o
    0x08000eac   0x08000eac   0x00000158   Code   RO          610    i.HAL_ADC_Start_DMA  stm32f4xx_hal_adc.o
    0x08001004   0x08001004   0x00000092   Code   RO         1329    i.HAL_DMA_Abort     stm32f4xx_hal_dma.o
    0x08001096   0x08001096   0x00000024   Code   RO         1330    i.HAL_DMA_Abort_IT  stm32f4xx_hal_dma.o
    0x080010ba   0x080010ba   0x00000002   PAD
    0x080010bc   0x080010bc   0x000001a0   Code   RO         1334    i.HAL_DMA_IRQHandler  stm32f4xx_hal_dma.o
    0x0800125c   0x0800125c   0x000000d4   Code   RO         1335    i.HAL_DMA_Init      stm32f4xx_hal_dma.o
    0x08001330   0x08001330   0x0000006e   Code   RO         1339    i.HAL_DMA_Start_IT  stm32f4xx_hal_dma.o
    0x0800139e   0x0800139e   0x00000002   PAD
    0x080013a0   0x080013a0   0x000001f0   Code   RO         1222    i.HAL_GPIO_Init     stm32f4xx_hal_gpio.o
    0x08001590   0x08001590   0x0000000c   Code   RO         1772    i.HAL_GetTick       stm32f4xx_hal.o
    0x0800159c   0x0800159c   0x00000010   Code   RO         1778    i.HAL_IncTick       stm32f4xx_hal.o
    0x080015ac   0x080015ac   0x00000034   Code   RO         1779    i.HAL_Init          stm32f4xx_hal.o
    0x080015e0   0x080015e0   0x00000040   Code   RO         1780    i.HAL_InitTick      stm32f4xx_hal.o
    0x08001620   0x08001620   0x00000030   Code   RO          565    i.HAL_MspInit       stm32f4xx_hal_msp.o
    0x08001650   0x08001650   0x0000001a   Code   RO         1614    i.HAL_NVIC_EnableIRQ  stm32f4xx_hal_cortex.o
    0x0800166a   0x0800166a   0x00000002   PAD
    0x0800166c   0x0800166c   0x00000040   Code   RO         1620    i.HAL_NVIC_SetPriority  stm32f4xx_hal_cortex.o
    0x080016ac   0x080016ac   0x00000024   Code   RO         1621    i.HAL_NVIC_SetPriorityGrouping  stm32f4xx_hal_cortex.o
    0x080016d0   0x080016d0   0x00000134   Code   RO          868    i.HAL_RCC_ClockConfig  stm32f4xx_hal_rcc.o
    0x08001804   0x08001804   0x00000020   Code   RO          875    i.HAL_RCC_GetPCLK1Freq  stm32f4xx_hal_rcc.o
    0x08001824   0x08001824   0x00000020   Code   RO          876    i.HAL_RCC_GetPCLK2Freq  stm32f4xx_hal_rcc.o
    0x08001844   0x08001844   0x00000064   Code   RO          877    i.HAL_RCC_GetSysClockFreq  stm32f4xx_hal_rcc.o
    0x080018a8   0x080018a8   0x0000036c   Code   RO          880    i.HAL_RCC_OscConfig  stm32f4xx_hal_rcc.o
    0x08001c14   0x08001c14   0x00000028   Code   RO         1625    i.HAL_SYSTICK_Config  stm32f4xx_hal_cortex.o
    0x08001c3c   0x08001c3c   0x00000090   Code   RO         2742    i.HAL_TIMEx_MasterConfigSynchronization  stm32f4xx_hal_tim_ex.o
    0x08001ccc   0x08001ccc   0x0000005a   Code   RO         2019    i.HAL_TIM_Base_Init  stm32f4xx_hal_tim.o
    0x08001d26   0x08001d26   0x00000002   PAD
    0x08001d28   0x08001d28   0x00000028   Code   RO          376    i.HAL_TIM_Base_MspInit  tim.o
    0x08001d50   0x08001d50   0x00000078   Code   RO         2022    i.HAL_TIM_Base_Start  stm32f4xx_hal_tim.o
    0x08001dc8   0x08001dc8   0x000000dc   Code   RO         2028    i.HAL_TIM_ConfigClockSource  stm32f4xx_hal_tim.o
    0x08001ea4   0x08001ea4   0x00000002   Code   RO         3002    i.HAL_UARTEx_RxEventCallback  stm32f4xx_hal_uart.o
    0x08001ea6   0x08001ea6   0x00000002   Code   RO         3016    i.HAL_UART_ErrorCallback  stm32f4xx_hal_uart.o
    0x08001ea8   0x08001ea8   0x00000280   Code   RO         3019    i.HAL_UART_IRQHandler  stm32f4xx_hal_uart.o
    0x08002128   0x08002128   0x00000064   Code   RO         3020    i.HAL_UART_Init     stm32f4xx_hal_uart.o
    0x0800218c   0x0800218c   0x000000bc   Code   RO          418    i.HAL_UART_MspInit  usart.o
    0x08002248   0x08002248   0x0000001c   Code   RO         3025    i.HAL_UART_Receive_IT  stm32f4xx_hal_uart.o
    0x08002264   0x08002264   0x00000130   Code   RO         3391    i.HAL_UART_RxCpltCallback  interact.o
    0x08002394   0x08002394   0x000000a0   Code   RO         3028    i.HAL_UART_Transmit  stm32f4xx_hal_uart.o
    0x08002434   0x08002434   0x00000002   Code   RO         3031    i.HAL_UART_TxCpltCallback  stm32f4xx_hal_uart.o
    0x08002436   0x08002436   0x00000002   Code   RO          480    i.HardFault_Handler  stm32f4xx_it.o
    0x08002438   0x08002438   0x00000060   Code   RO          311    i.MX_ADC1_Init      adc.o
    0x08002498   0x08002498   0x0000002c   Code   RO          351    i.MX_DMA_Init       dma.o
    0x080024c4   0x080024c4   0x0000002c   Code   RO          285    i.MX_GPIO_Init      gpio.o
    0x080024f0   0x080024f0   0x00000068   Code   RO          377    i.MX_TIM3_Init      tim.o
    0x08002558   0x08002558   0x00000038   Code   RO          419    i.MX_USART1_UART_Init  usart.o
    0x08002590   0x08002590   0x00000038   Code   RO          420    i.MX_USART2_UART_Init  usart.o
    0x080025c8   0x080025c8   0x00000002   Code   RO          481    i.MemManage_Handler  stm32f4xx_it.o
    0x080025ca   0x080025ca   0x00000002   Code   RO          482    i.NMI_Handler       stm32f4xx_it.o
    0x080025cc   0x080025cc   0x00000002   Code   RO          483    i.PendSV_Handler    stm32f4xx_it.o
    0x080025ce   0x080025ce   0x00000002   PAD
    0x080025d0   0x080025d0   0x00000014   Code   RO         3429    i.SPLL_GetFrequency  pll.o
    0x080025e4   0x080025e4   0x00000020   Code   RO         3430    i.SPLL_GetPhaseDeg  pll.o
    0x08002604   0x08002604   0x00000038   Code   RO         3432    i.SPLL_Init         pll.o
    0x0800263c   0x0800263c   0x000000f8   Code   RO         3435    i.SPLL_Update       pll.o
    0x08002734   0x08002734   0x00000002   Code   RO          484    i.SVC_Handler       stm32f4xx_it.o
    0x08002736   0x08002736   0x00000004   Code   RO          485    i.SysTick_Handler   stm32f4xx_it.o
    0x0800273a   0x0800273a   0x00000002   PAD
    0x0800273c   0x0800273c   0x00000090   Code   RO           16    i.SystemClock_Config  main.o
    0x080027cc   0x080027cc   0x00000010   Code   RO         3354    i.SystemInit        system_stm32f4xx.o
    0x080027dc   0x080027dc   0x000000d0   Code   RO         2112    i.TIM_Base_SetConfig  stm32f4xx_hal_tim.o
    0x080028ac   0x080028ac   0x00000014   Code   RO         2123    i.TIM_ETR_SetConfig  stm32f4xx_hal_tim.o
    0x080028c0   0x080028c0   0x00000010   Code   RO         2124    i.TIM_ITRx_SetConfig  stm32f4xx_hal_tim.o
    0x080028d0   0x080028d0   0x00000022   Code   RO         2130    i.TIM_TI1_ConfigInputStage  stm32f4xx_hal_tim.o
    0x080028f2   0x080028f2   0x00000024   Code   RO         2132    i.TIM_TI2_ConfigInputStage  stm32f4xx_hal_tim.o
    0x08002916   0x08002916   0x0000000e   Code   RO         3033    i.UART_DMAAbortOnError  stm32f4xx_hal_uart.o
    0x08002924   0x08002924   0x0000004e   Code   RO         3043    i.UART_EndRxTransfer  stm32f4xx_hal_uart.o
    0x08002972   0x08002972   0x000000c2   Code   RO         3045    i.UART_Receive_IT   stm32f4xx_hal_uart.o
    0x08002a34   0x08002a34   0x0000010c   Code   RO         3046    i.UART_SetConfig    stm32f4xx_hal_uart.o
    0x08002b40   0x08002b40   0x00000036   Code   RO         3048    i.UART_Start_Receive_IT  stm32f4xx_hal_uart.o
    0x08002b76   0x08002b76   0x00000072   Code   RO         3049    i.UART_WaitOnFlagUntilTimeout  stm32f4xx_hal_uart.o
    0x08002be8   0x08002be8   0x0000000c   Code   RO          486    i.USART2_IRQHandler  stm32f4xx_it.o
    0x08002bf4   0x08002bf4   0x00000002   Code   RO          487    i.UsageFault_Handler  stm32f4xx_it.o
    0x08002bf6   0x08002bf6   0x00000002   PAD
    0x08002bf8   0x08002bf8   0x00000020   Code   RO         9443    i.__0printf         mc_w.l(printfa.o)
    0x08002c18   0x08002c18   0x00000026   Code   RO         9507    i.__ARM_fpclassifyf  m_wm.l(fpclassifyf.o)
    0x08002c3e   0x08002c3e   0x00000020   Code   RO         1627    i.__NVIC_SetPriority  stm32f4xx_hal_cortex.o
    0x08002c5e   0x08002c5e   0x00000002   PAD
    0x08002c60   0x08002c60   0x00000150   Code   RO         9051    i.__hardfp_cosf     m_wm.l(cosf.o)
    0x08002db0   0x08002db0   0x0000009a   Code   RO         9187    i.__hardfp_roundf   m_wm.l(roundf.o)
    0x08002e4a   0x08002e4a   0x00000002   PAD
    0x08002e4c   0x08002e4c   0x00000190   Code   RO         9139    i.__hardfp_sinf     m_wm.l(sinf.o)
    0x08002fdc   0x08002fdc   0x00000006   Code   RO         9510    i.__mathlib_flt_infnan  m_wm.l(funder.o)
    0x08002fe2   0x08002fe2   0x00000002   PAD
    0x08002fe4   0x08002fe4   0x00000010   Code   RO         9512    i.__mathlib_flt_invalid  m_wm.l(funder.o)
    0x08002ff4   0x08002ff4   0x00000010   Code   RO         9515    i.__mathlib_flt_underflow  m_wm.l(funder.o)
    0x08003004   0x08003004   0x00000154   Code   RO         9526    i.__mathlib_rredf2  m_wm.l(rredf.o)
    0x08003158   0x08003158   0x0000000e   Code   RO         9578    i.__scatterload_copy  mc_w.l(handlers.o)
    0x08003166   0x08003166   0x00000002   Code   RO         9579    i.__scatterload_null  mc_w.l(handlers.o)
    0x08003168   0x08003168   0x0000000e   Code   RO         9580    i.__scatterload_zeroinit  mc_w.l(handlers.o)
    0x08003176   0x08003176   0x00000002   PAD
    0x08003178   0x08003178   0x0000000c   Code   RO         9552    i.__set_errno       mc_w.l(errno.o)
    0x08003184   0x08003184   0x00000184   Code   RO         9450    i._fp_digits        mc_w.l(printfa.o)
    0x08003308   0x08003308   0x000006b4   Code   RO         9451    i._printf_core      mc_w.l(printfa.o)
    0x080039bc   0x080039bc   0x00000024   Code   RO         9452    i._printf_post_padding  mc_w.l(printfa.o)
    0x080039e0   0x080039e0   0x0000002e   Code   RO         9453    i._printf_pre_padding  mc_w.l(printfa.o)
    0x08003a0e   0x08003a0e   0x00000002   PAD
    0x08003a10   0x08003a10   0x0000003e   Code   RO         8282    i.arm_bitreversal_32  transformfunctions.o
    0x08003a4e   0x08003a4e   0x000000cc   Code   RO         8287    i.arm_cfft_f32      transformfunctions.o
    0x08003b1a   0x08003b1a   0x00000188   Code   RO         8312    i.arm_cfft_radix8by2_f32  transformfunctions.o
    0x08003ca2   0x08003ca2   0x0000042c   Code   RO         8313    i.arm_cfft_radix8by4_f32  transformfunctions.o
    0x080040ce   0x080040ce   0x00000002   PAD
    0x080040d0   0x080040d0   0x00000044   Code   RO         4408    i.arm_cmplx_mag_f32  complexmathfunctions.o
    0x08004114   0x08004114   0x000004c4   Code   RO         8339    i.arm_radix8_butterfly_f32  transformfunctions.o
    0x080045d8   0x080045d8   0x00000018   Code   RO          422    i.fputc             usart.o
    0x080045f0   0x080045f0   0x000001d4   Code   RO           17    i.main              main.o
    0x080047c4   0x080047c4   0x00000010   Data   RO           20    .constdata          main.o
    0x080047d4   0x080047d4   0x00000008   Data   RO         1341    .constdata          stm32f4xx_hal_dma.o
    0x080047dc   0x080047dc   0x00000010   Data   RO         3355    .constdata          system_stm32f4xx.o
    0x080047ec   0x080047ec   0x00000008   Data   RO         3356    .constdata          system_stm32f4xx.o
    0x080047f4   0x080047f4   0x00002000   Data   RO         4169    .constdata          commontables.o
    0x080067f4   0x080067f4   0x00000e10   Data   RO         4205    .constdata          commontables.o
    0x08007604   0x08007604   0x00000010   Data   RO         4285    .constdata          commontables.o
    0x08007614   0x08007614   0x00000020   Data   RO         9527    .constdata          m_wm.l(rredf.o)
    0x08007634   0x08007634   0x00000020   Data   RO         9576    Region$$Table       anon$$obj.o


    Execution Region RW_IRAM1 (Exec base: 0x20000000, Load base: 0x08007654, Size: 0x00006de8, Max: 0x0001c000, ABSOLUTE)

    Exec Addr    Load Addr    Size         Type   Attr      Idx    E Section Name        Object

    0x20000000   0x08007654   0x0000000c   Data   RW           21    .data               main.o
    0x2000000c   0x08007660   0x00000001   Data   RW           22    .data               main.o
    0x2000000d   0x08007661   0x00000001   Data   RW           23    .data               main.o
    0x2000000e   0x08007662   0x00000001   Data   RW           24    .data               main.o
    0x2000000f   0x08007663   0x00000001   Data   RW           25    .data               main.o
    0x20000010   0x08007664   0x00000001   Data   RW           26    .data               main.o
    0x20000011   0x08007665   0x00000001   Data   RW           27    .data               main.o
    0x20000012   0x08007666   0x00000002   PAD
    0x20000014   0x08007668   0x0000000c   Data   RW         1786    .data               stm32f4xx_hal.o
    0x20000020   0x08007674   0x00000004   Data   RW         3357    .data               system_stm32f4xx.o
    0x20000024   0x08007678   0x00000004   Data   RW         9545    .data               mc_w.l(stdout.o)
    0x20000028   0x0800767c   0x00000004   Data   RW         9553    .data               mc_w.l(errno.o)
    0x2000002c        -       0x00006838   Zero   RW           18    .bss                main.o
    0x20006864        -       0x000000a8   Zero   RW          312    .bss                adc.o
    0x2000690c        -       0x00000048   Zero   RW          378    .bss                tim.o
    0x20006954        -       0x00000090   Zero   RW          423    .bss                usart.o
    0x200069e4   0x08007680   0x00000004   PAD
    0x200069e8        -       0x00000400   Zero   RW            1    STACK               startup_stm32f407xx.o


    Execution Region RW_IRAM2 (Exec base: 0x2001c000, Load base: 0x08007680, Size: 0x00000000, Max: 0x00004000, ABSOLUTE)

    **** No section assigned to this execution region ****


==============================================================================

Image component sizes


      Code (inc. data)   RO Data    RW Data    ZI Data      Debug   Object Name

       248         30          0          0        168       1691   adc.o
         0          0      11808          0          0      13461   commontables.o
        68          6          0          0          0       1952   complexmathfunctions.o
        44          4          0          0          0        734   dma.o
        44          6          0          0          0        755   gpio.o
       304         76          0          0          0       1492   interact.o
      1024        212         16         18      26680     717425   main.o
       356         28          0          0          0       2709   pll.o
        36          8        392          0       1024        816   startup_stm32f407xx.o
       144         24          0         12          0       8625   stm32f4xx_hal.o
      1202         66          0          0          0       6766   stm32f4xx_hal_adc.o
       198         14          0          0          0      33695   stm32f4xx_hal_cortex.o
      1084         16          8          0          0       7158   stm32f4xx_hal_dma.o
       496         46          0          0          0       1492   stm32f4xx_hal_gpio.o
        48          6          0          0          0        818   stm32f4xx_hal_msp.o
      1348         76          0          0          0       5132   stm32f4xx_hal_rcc.o
       744         74          0          0          0       6844   stm32f4xx_hal_tim.o
       144         28          0          0          0       1332   stm32f4xx_hal_tim_ex.o
      1656         14          0          0          0      11144   stm32f4xx_hal_uart.o
        56         14          0          0          0       4912   stm32f4xx_it.o
        16          4         24          4          0       1067   system_stm32f4xx.o
       144         20          0          0         72       1578   tim.o
      2946          4          0          0          0       9489   transformfunctions.o
       324         38          0          0        144       2899   usart.o

    ----------------------------------------------------------------------
     12698        814      12280         36      28092     843986   Object Totals
         0          0         32          0          0          0   (incl. Generated)
        24          0          0          2          4          0   (incl. Padding)

    ----------------------------------------------------------------------

      Code (inc. data)   RO Data    RW Data    ZI Data      Debug   Library Member Name

       336         56          0          0          0        136   cosf.o
        38          0          0          0          0        116   fpclassifyf.o
        38         12          0          0          0        348   funder.o
       154          0          0          0          0        140   roundf.o
       340         24         32          0          0        160   rredf.o
       400         56          0          0          0        212   sinf.o
         0          0          0          0          0          0   entry.o
         0          0          0          0          0          0   entry10a.o
         0          0          0          0          0          0   entry11a.o
         4          0          0          0          0          0   entry12b.o
         8          4          0          0          0          0   entry2.o
         4          0          0          0          0          0   entry5.o
         0          0          0          0          0          0   entry7b.o
         0          0          0          0          0          0   entry8b.o
         8          4          0          0          0          0   entry9a.o
        12          6          0          4          0         68   errno.o
        30          0          0          0          0          0   handlers.o
        36          8          0          0          0         68   init.o
         0          0          0          0          0          0   iusefp.o
        30          0          0          0          0         68   llshl.o
        36          0          0          0          0         68   llsshr.o
        32          0          0          0          0         68   llushr.o
        36          0          0          0          0        108   memseta.o
      2218         90          0          0          0        464   printfa.o
         0          0          0          4          0          0   stdout.o
        14          0          0          0          0         68   strlen.o
        44          0          0          0          0         80   uidiv.o
        98          0          0          0          0         92   uldiv.o
        48          0          0          0          0         68   cdrcmple.o
        56          0          0          0          0         88   d2f.o
       334          0          0          0          0        148   dadd.o
       222          0          0          0          0        100   ddiv.o
       186          0          0          0          0        176   depilogue.o
        48          0          0          0          0         68   dfixul.o
        26          0          0          0          0         76   dfltui.o
       228          0          0          0          0         96   dmul.o
        38          0          0          0          0         68   f2d.o
       110          0          0          0          0        168   fepilogue.o
        60          0          0          0          0         76   frnd.o

    ----------------------------------------------------------------------
      5282        260         32          8          0       3396   Library Totals
        10          0          0          0          0          0   (incl. Padding)

    ----------------------------------------------------------------------

      Code (inc. data)   RO Data    RW Data    ZI Data      Debug   Library Name

      1306        148         32          0          0       1112   m_wm.l
      2610        112          0          8          0       1152   mc_w.l
      1356          0          0          0          0       1132   mf_w.l

    ----------------------------------------------------------------------
      5282        260         32          8          0       3396   Library Totals

    ----------------------------------------------------------------------

==============================================================================


      Code (inc. data)   RO Data    RW Data    ZI Data      Debug   

     17980       1074      12312         44      28092     837342   Grand Totals
     17980       1074      12312         44      28092     837342   ELF Image Totals
     17980       1074      12312         44          0          0   ROM Totals

==============================================================================

    Total RO  Size (Code + RO Data)                30292 (  29.58kB)
    Total RW  Size (RW Data + ZI Data)             28136 (  27.48kB)
    Total ROM Size (Code + RO Data + RW Data)      30336 (  29.63kB)

==============================================================================

